Archive member included to satisfy reference by file (symbol)

app/libapp.a(main.c.obj)      (--whole-archive)
app/libapp.a(spi_flash.c.obj)
                              (--whole-archive)
zephyr/libzephyr.a(heap.c.obj)
                              (--whole-archive)
zephyr/libzephyr.a(cbprintf_packaged.c.obj)
                              (--whole-archive)
zephyr/libzephyr.a(printk.c.obj)
                              (--whole-archive)
zephyr/libzephyr.a(sem.c.obj)
                              (--whole-archive)
zephyr/libzephyr.a(thread_entry.c.obj)
                              (--whole-archive)
zephyr/libzephyr.a(cbprintf_complete.c.obj)
                              (--whole-archive)
zephyr/libzephyr.a(assert.c.obj)
                              (--whole-archive)
zephyr/libzephyr.a(dec.c.obj)
                              (--whole-archive)
zephyr/libzephyr.a(hex.c.obj)
                              (--whole-archive)
zephyr/libzephyr.a(rb.c.obj)  (--whole-archive)
zephyr/libzephyr.a(timeutil.c.obj)
                              (--whole-archive)
zephyr/libzephyr.a(bitarray.c.obj)
                              (--whole-archive)
zephyr/libzephyr.a(onoff.c.obj)
                              (--whole-archive)
zephyr/libzephyr.a(notify.c.obj)
                              (--whole-archive)
zephyr/libzephyr.a(ring_buffer.c.obj)
                              (--whole-archive)
zephyr/libzephyr.a(configs.c.obj)
                              (--whole-archive)
zephyr/libzephyr.a(mem_attr.c.obj)
                              (--whole-archive)
zephyr/libzephyr.a(flash_map.c.obj)
                              (--whole-archive)
zephyr/libzephyr.a(flash_map_default.c.obj)
                              (--whole-archive)
zephyr/libzephyr.a(flash_map_layout.c.obj)
                              (--whole-archive)
zephyr/libzephyr.a(tracing_none.c.obj)
                              (--whole-archive)
zephyr/libzephyr.a(usb_device.c.obj)
                              (--whole-archive)
zephyr/libzephyr.a(usb_descriptor.c.obj)
                              (--whole-archive)
zephyr/libzephyr.a(usb_transfer.c.obj)
                              (--whole-archive)
zephyr/libzephyr.a(cdc_acm.c.obj)
                              (--whole-archive)
zephyr/libzephyr.a(usb_work_q.c.obj)
                              (--whole-archive)
zephyr/libzephyr.a(flash_util.c.obj)
                              (--whole-archive)
zephyr/arch/common/libarch__common.a(sw_isr_common.c.obj)
                              (--whole-archive)
zephyr/arch/arch/arm/core/libarch__arm__core.a(fatal.c.obj)
                              (--whole-archive)
zephyr/arch/arch/arm/core/libarch__arm__core.a(nmi.c.obj)
                              (--whole-archive)
zephyr/arch/arch/arm/core/libarch__arm__core.a(nmi_on_reset.S.obj)
                              (--whole-archive)
zephyr/arch/arch/arm/core/libarch__arm__core.a(tls.c.obj)
                              (--whole-archive)
zephyr/arch/arch/arm/core/cortex_m/libarch__arm__core__cortex_m.a(exc_exit.c.obj)
                              (--whole-archive)
zephyr/arch/arch/arm/core/cortex_m/libarch__arm__core__cortex_m.a(fault.c.obj)
                              (--whole-archive)
zephyr/arch/arch/arm/core/cortex_m/libarch__arm__core__cortex_m.a(fault_s.S.obj)
                              (--whole-archive)
zephyr/arch/arch/arm/core/cortex_m/libarch__arm__core__cortex_m.a(fpu.c.obj)
                              (--whole-archive)
zephyr/arch/arch/arm/core/cortex_m/libarch__arm__core__cortex_m.a(reset.S.obj)
                              (--whole-archive)
zephyr/arch/arch/arm/core/cortex_m/libarch__arm__core__cortex_m.a(scb.c.obj)
                              (--whole-archive)
zephyr/arch/arch/arm/core/cortex_m/libarch__arm__core__cortex_m.a(thread_abort.c.obj)
                              (--whole-archive)
zephyr/arch/arch/arm/core/cortex_m/libarch__arm__core__cortex_m.a(vector_table.S.obj)
                              (--whole-archive)
zephyr/arch/arch/arm/core/cortex_m/libarch__arm__core__cortex_m.a(swap.c.obj)
                              (--whole-archive)
zephyr/arch/arch/arm/core/cortex_m/libarch__arm__core__cortex_m.a(swap_helper.S.obj)
                              (--whole-archive)
zephyr/arch/arch/arm/core/cortex_m/libarch__arm__core__cortex_m.a(irq_manage.c.obj)
                              (--whole-archive)
zephyr/arch/arch/arm/core/cortex_m/libarch__arm__core__cortex_m.a(prep_c.c.obj)
                              (--whole-archive)
zephyr/arch/arch/arm/core/cortex_m/libarch__arm__core__cortex_m.a(thread.c.obj)
                              (--whole-archive)
zephyr/arch/arch/arm/core/cortex_m/libarch__arm__core__cortex_m.a(cpu_idle.c.obj)
                              (--whole-archive)
zephyr/arch/arch/arm/core/cortex_m/libarch__arm__core__cortex_m.a(irq_init.c.obj)
                              (--whole-archive)
zephyr/arch/arch/arm/core/cortex_m/libarch__arm__core__cortex_m.a(isr_wrapper.c.obj)
[...]
Memory Configuration

Name             Origin             Length             Attributes
FLASH            0x0000000000038000 0x00000000000ae000 xr
RAM              0x0000000020000000 0x0000000000040000 xw
IDT_LIST         0x00000000ffff7fff 0x0000000000008000 xw
*default*        0x0000000000000000 0xffffffffffffffff

Linker script and memory map

                0x0000000000043628                vfprintf = __l_vfprintf
                0x0000000000000000                vfscanf = __l_vfscanf
LOAD zephyr/CMakeFiles/zephyr_pre0.dir/misc/empty_file.c.obj
LOAD zephyr/CMakeFiles/offsets.dir/./arch/arm/core/offsets/offsets.c.obj
LOAD app/libapp.a
LOAD zephyr/libzephyr.a
LOAD zephyr/arch/common/libarch__common.a
LOAD zephyr/arch/arch/arm/core/libarch__arm__core.a
LOAD zephyr/arch/arch/arm/core/cortex_m/libarch__arm__core__cortex_m.a
LOAD zephyr/arch/arch/arm/core/mpu/libarch__arm__core__mpu.a
LOAD zephyr/lib/libc/picolibc/liblib__libc__picolibc.a
LOAD zephyr/lib/libc/common/liblib__libc__common.a
LOAD zephyr/soc/soc/nrf52840/libsoc__nordic.a
LOAD zephyr/subsys/fs/libsubsys__fs.a
LOAD zephyr/drivers/usb/device/libdrivers__usb__device.a
LOAD zephyr/drivers/usb/common/nrf_usbd_common/libdrivers__usb__common__nrf_usbd_common.a
LOAD zephyr/drivers/clock_control/libdrivers__clock_control.a
LOAD zephyr/drivers/console/libdrivers__console.a
LOAD zephyr/drivers/flash/libdrivers__flash.a
LOAD zephyr/drivers/gpio/libdrivers__gpio.a
LOAD zephyr/drivers/hwinfo/libdrivers__hwinfo.a
LOAD zephyr/drivers/pinctrl/libdrivers__pinctrl.a
LOAD zephyr/drivers/serial/libdrivers__serial.a
LOAD zephyr/drivers/spi/libdrivers__spi.a
LOAD zephyr/drivers/timer/libdrivers__timer.a
LOAD modules/hal_nordic/nrfx/libmodules__hal_nordic__nrfx.a
LOAD modules/littlefs/libmodules__littlefs.a
LOAD zephyr/kernel/libkernel.a
LOAD zephyr/arch/common/libisr_tables.a
LOAD /home/mhn/zephyr-sdk-0.16.8/arm-zephyr-eabi/bin/../lib/gcc/../../picolibc/arm-zephyr-eabi/lib/thumb/v7e-m/nofp/libc.a
LOAD /home/mhn/zephyr-sdk-0.16.8/arm-zephyr-eabi/bin/../lib/gcc/arm-zephyr-eabi/12.2.0/thumb/v7e-m/nofp/libgcc.a
                0x0000000000000020                _region_min_align = 0x20

.rel.plt        0x0000000000038000        0x0
 *(SORT_BY_ALIGNMENT(.rel.plt))
                [!provide]                        PROVIDE (__rel_iplt_start = .)
 *(SORT_BY_ALIGNMENT(.rel.iplt))
 .rel.iplt      0x0000000000038000        0x0 app/libapp.a(main.c.obj)
                [!provide]                        PROVIDE (__rel_iplt_end = .)

.rela.plt       0x0000000000000000        0x0
 *(SORT_BY_ALIGNMENT(.rela.plt))
                [!provide]                        PROVIDE (__rela_iplt_start = .)
 *(SORT_BY_ALIGNMENT(.rela.iplt))
                [!provide]                        PROVIDE (__rela_iplt_end = .)

.rel.dyn
 *(SORT_BY_ALIGNMENT(.rel.*))

.rela.dyn
 *(SORT_BY_ALIGNMENT(.rela.*))

/DISCARD/
 *(SORT_BY_ALIGNMENT(.plt))

/DISCARD/
 *(SORT_BY_ALIGNMENT(.iplt))
                0x0000000000038000                __rom_region_start = 0x38000

rom_start       0x0000000000038000      0x300
                0x0000000000038000                __rom_start_address = .
 FILL mask 0x00
                0x0000000000038200                . = (. + (0x200 - (. - __rom_start_address)))
 *fill*         0x0000000000038000      0x200 00
                0x0000000000038200                . = ALIGN (0x4)
                0x0000000000038200                . = ALIGN (0x80)
                0x0000000000038200                . = ALIGN (0x100)
                0x0000000000038200                _vector_start = .
 *(SORT_BY_ALIGNMENT(.exc_vector_table))
 *(SORT_BY_ALIGNMENT(.exc_vector_table.*))
 .exc_vector_table._vector_table_section
                0x0000000000038200       0x40 zephyr/arch/arch/arm/core/cortex_m/libarch__arm__core__cortex_m.a(vector_table.S.obj)
                0x0000000000038200                _vector_table
 *(SORT_BY_ALIGNMENT(.vectors))
                0x0000000000038300                _vector_end = .
                0x0000000000038240                . = ALIGN (0x4)
 *(SORT_BY_ALIGNMENT(.gnu.linkonce.irq_vector_table*))
 .gnu.linkonce.irq_vector_table
                0x0000000000038240       0xc0 zephyr/arch/common/libisr_tables.a(isr_tables.c.obj)
                0x0000000000038240                _irq_vector_table
                0x0000000000038300                _vector_end = .

text            0x0000000000038300     0xec84
                0x0000000000038300                __text_region_start = .
 *(SORT_BY_ALIGNMENT(.text))
 .text          0x0000000000038300       0x30 /home/mhn/zephyr-sdk-0.16.8/arm-zephyr-eabi/bin/../lib/gcc/arm-zephyr-eabi/12.2.0/thumb/v7e-m/nofp/libgcc.a(_aeabi_uldivmod.o)
                0x0000000000038300                __aeabi_uldivmod
 .text          0x0000000000038330        0x4 /home/mhn/zephyr-sdk-0.16.8/arm-zephyr-eabi/bin/../lib/gcc/arm-zephyr-eabi/12.2.0/thumb/v7e-m/nofp/libgcc.a(_dvmd_tls.o)
                0x0000000000038330                __aeabi_ldiv0
                0x0000000000038330                __aeabi_idiv0
 .text          0x0000000000038334       0x10 /home/mhn/zephyr-sdk-0.16.8/arm-zephyr-eabi/bin/../lib/gcc/../../picolibc/arm-zephyr-eabi/lib/thumb/v7e-m/nofp/libc.a(strcpy.S.o)
                0x0000000000038334                strcpy
 .text          0x0000000000038344       0x10 /home/mhn/zephyr-sdk-0.16.8/arm-zephyr-eabi/bin/../lib/gcc/../../picolibc/arm-zephyr-eabi/lib/thumb/v7e-m/nofp/libc.a(strlen.S.o)
                0x0000000000038344                strlen
 .text          0x0000000000038354       0x26 /home/mhn/zephyr-sdk-0.16.8/arm-zephyr-eabi/bin/../lib/gcc/arm-zephyr-eabi/12.2.0/thumb/v7e-m/nofp/libgcc.a(_popcountsi2.o)
                0x0000000000038354                __popcountsi2
 .text          0x000000000003837a      0x2a0 /home/mhn/zephyr-sdk-0.16.8/arm-zephyr-eabi/bin/../lib/gcc/arm-zephyr-eabi/12.2.0/thumb/v7e-m/nofp/libgcc.a(_udivmoddi4.o)
                0x000000000003837a                __udivmoddi4
 *(SORT_BY_ALIGNMENT(.text.*))
 *fill*         0x000000000003861a        0x2 
 .text.reset_to_uf2
                0x000000000003861c       0x2c app/libapp.a(main.c.obj)
                0x000000000003861c                reset_to_uf2
 .text.main     0x0000000000038648       0x6c app/libapp.a(main.c.obj)
                0x0000000000038648                main
 .text.k_mutex_lock.constprop.0.isra.0
                0x00000000000386b4       0x10 app/libapp.a(spi_flash.c.obj)
 .text.k_mutex_unlock.constprop.0.isra.0
                0x00000000000386c4        0xc app/libapp.a(spi_flash.c.obj)
 .text.layout_flash_read
                0x00000000000386d0       0x4c app/libapp.a(spi_flash.c.obj)
                0x00000000000386d0                layout_flash_read
 .text.log_flash_read
                0x000000000003871c       0x38 app/libapp.a(spi_flash.c.obj)
                0x000000000003871c                log_flash_read
 .text.m_firmware_flash_read
                0x0000000000038754       0x38 app/libapp.a(spi_flash.c.obj)
                0x0000000000038754                m_firmware_flash_read
 .text.layout_flash_prog
                0x000000000003878c       0x4c app/libapp.a(spi_flash.c.obj)
                0x000000000003878c                layout_flash_prog
 .text.log_flash_prog
                0x00000000000387d8       0x38 app/libapp.a(spi_flash.c.obj)
                0x00000000000387d8                log_flash_prog
 .text.m_firmware_flash_prog
                0x0000000000038810       0x38 app/libapp.a(spi_flash.c.obj)
                0x0000000000038810                m_firmware_flash_prog
 .text.layout_flash_erase
                0x0000000000038848       0x44 app/libapp.a(spi_flash.c.obj)
                0x0000000000038848                layout_flash_erase
 .text.log_flash_erase
                0x000000000003888c       0x30 app/libapp.a(spi_flash.c.obj)
                0x000000000003888c                log_flash_erase
 .text.m_firmware_flash_erase
                0x00000000000388bc       0x30 app/libapp.a(spi_flash.c.obj)
                0x00000000000388bc                m_firmware_flash_erase
 .text.spiflash_init
                0x00000000000388ec      0x24c app/libapp.a(spi_flash.c.obj)
                0x00000000000388ec                spiflash_init
 .text.char_out
                0x0000000000038b38        0xc zephyr/libzephyr.a(printk.c.obj)
 .text.__printk_hook_install
                0x0000000000038b44        0xc zephyr/libzephyr.a(printk.c.obj)
                0x0000000000038b44                __printk_hook_install
 .text.vprintk  0x0000000000038b50       0x30 zephyr/libzephyr.a(printk.c.obj)
                0x0000000000038b50                vprintk
 .text.z_thread_entry
                0x0000000000038b80       0x34 zephyr/libzephyr.a(thread_entry.c.obj)
                0x0000000000038b80                z_thread_entry
 .text.process_event
                0x0000000000038bb4      0x21c zephyr/libzephyr.a(onoff.c.obj)
 .text.mem_attr_get_regions
                0x0000000000038dd0        0xc zephyr/libzephyr.a(mem_attr.c.obj)
                0x0000000000038dd0                mem_attr_get_regions
 .text.flash_area_open
                0x0000000000038ddc       0x50 zephyr/libzephyr.a(flash_map.c.obj)
                0x0000000000038ddc                flash_area_open
 .text.class_handler
                0x0000000000038e2c       0x40 zephyr/libzephyr.a(usb_device.c.obj)
 .text.custom_handler
                0x0000000000038e6c       0x60 zephyr/libzephyr.a(usb_device.c.obj)
 .text.vendor_handler
                0x0000000000038ecc       0x3c zephyr/libzephyr.a(usb_device.c.obj)
 .text.disable_endpoint
                0x0000000000038f08       0x2c zephyr/libzephyr.a(usb_device.c.obj)
 .text.usb_reset_alt_setting
                0x0000000000038f34       0x10 zephyr/libzephyr.a(usb_device.c.obj)
 .text.is_ep_valid.part.0
                0x0000000000038f44       0x38 zephyr/libzephyr.a(usb_device.c.obj)
 .text.usb_handle_request.constprop.0
                0x0000000000038f7c       0x2c zephyr/libzephyr.a(usb_device.c.obj)
 .text.forward_status_cb
                0x0000000000038fa8       0xac zephyr/libzephyr.a(usb_device.c.obj)
 .text.usb_halt_endpoint_req.isra.0
                0x0000000000039054       0x50 zephyr/libzephyr.a(usb_device.c.obj)
 .text.set_endpoint
                0x00000000000390a4       0x84 zephyr/libzephyr.a(usb_device.c.obj)
 .text.usb_handle_standard_request
                0x0000000000039128      0x2ec zephyr/libzephyr.a(usb_device.c.obj)
 .text.usb_data_to_host
                0x0000000000039414       0x60 zephyr/libzephyr.a(usb_device.c.obj)
 .text.usb_handle_control_transfer
                0x0000000000039474       0xdc zephyr/libzephyr.a(usb_device.c.obj)
 .text.usb_set_config
                0x0000000000039550       0x2c zephyr/libzephyr.a(usb_device.c.obj)
                0x0000000000039550                usb_set_config
 .text.usb_enable
                0x000000000003957c      0x13c zephyr/libzephyr.a(usb_device.c.obj)
                0x000000000003957c                usb_enable
 .text.usb_update_sn_string_descriptor
                0x00000000000396b8       0x88 zephyr/libzephyr.a(usb_descriptor.c.obj)
                0x00000000000396b8                usb_update_sn_string_descriptor
 .text.usb_get_device_descriptor
                0x0000000000039740      0x1e4 zephyr/libzephyr.a(usb_descriptor.c.obj)
                0x0000000000039740                usb_get_device_descriptor
 .text.usb_ep_get_transfer
                0x0000000000039924       0x2c zephyr/libzephyr.a(usb_transfer.c.obj)
 .text.usb_transfer_work
                0x0000000000039950      0x100 zephyr/libzephyr.a(usb_transfer.c.obj)
 .text.usb_transfer_ep_callback
                0x0000000000039a50       0x5c zephyr/libzephyr.a(usb_transfer.c.obj)
                0x0000000000039a50                usb_transfer_ep_callback
 .text.usb_transfer
                0x0000000000039aac       0xe0 zephyr/libzephyr.a(usb_transfer.c.obj)
                0x0000000000039aac                usb_transfer
 .text.usb_cancel_transfer
                0x0000000000039b8c       0x3c zephyr/libzephyr.a(usb_transfer.c.obj)
                0x0000000000039b8c                usb_cancel_transfer
 .text.usb_cancel_transfers
                0x0000000000039bc8       0x44 zephyr/libzephyr.a(usb_transfer.c.obj)
                0x0000000000039bc8                usb_cancel_transfers
 .text.usb_transfer_init
                0x0000000000039c0c       0x34 zephyr/libzephyr.a(usb_transfer.c.obj)
                0x0000000000039c0c                usb_transfer_init
 .text.cdc_acm_class_handle_req
                0x0000000000039c40       0x64 zephyr/libzephyr.a(cdc_acm.c.obj)
                0x0000000000039c40                cdc_acm_class_handle_req
 .text.cdc_acm_int_in
                0x0000000000039ca4       0x18 zephyr/libzephyr.a(cdc_acm.c.obj)
 .text.cdc_acm_irq_rx_enable
                0x0000000000039cbc       0x20 zephyr/libzephyr.a(cdc_acm.c.obj)
 .text.cdc_acm_irq_tx_enable
                0x0000000000039cdc       0x20 zephyr/libzephyr.a(cdc_acm.c.obj)
 .text.cdc_acm_write_cb
                0x0000000000039cfc       0x54 zephyr/libzephyr.a(cdc_acm.c.obj)
 .text.cdc_acm_fifo_fill
                0x0000000000039d50       0x3c zephyr/libzephyr.a(cdc_acm.c.obj)
 .text.cdc_acm_reset_port
                0x0000000000039d8c       0x3c zephyr/libzephyr.a(cdc_acm.c.obj)
 .text.tx_work_handler
                0x0000000000039dc8       0x64 zephyr/libzephyr.a(cdc_acm.c.obj)
 .text.cdc_acm_init
                0x0000000000039e2c       0x48 zephyr/libzephyr.a(cdc_acm.c.obj)
 .text.cdc_acm_poll_out
                0x0000000000039e74       0x70 zephyr/libzephyr.a(cdc_acm.c.obj)
 .text.cdc_acm_read_cb
                0x0000000000039ee4       0x74 zephyr/libzephyr.a(cdc_acm.c.obj)
 .text.cdc_acm_dev_status_cb
                0x0000000000039f58       0x84 zephyr/libzephyr.a(cdc_acm.c.obj)
 .text.z_usb_work_q_init
                0x0000000000039fdc       0x34 zephyr/libzephyr.a(usb_work_q.c.obj)
 .text.z_SysNmiOnReset
                0x000000000003a010        0x8 zephyr/arch/arch/arm/core/libarch__arm__core.a(nmi_on_reset.S.obj)
                0x000000000003a010                z_SysNmiOnReset
 .text.arch_tls_stack_setup
                0x000000000003a018       0x40 zephyr/arch/arch/arm/core/libarch__arm__core.a(tls.c.obj)
                0x000000000003a018                arch_tls_stack_setup
 .text._HandlerModeExit
                0x000000000003a058       0x28 zephyr/arch/arch/arm/core/cortex_m/libarch__arm__core__cortex_m.a(exc_exit.c.obj)
                0x000000000003a058                z_arm_exc_exit
                0x000000000003a058                z_arm_int_exit
 .text.mem_manage_fault
                0x000000000003a080       0xa0 zephyr/arch/arch/arm/core/cortex_m/libarch__arm__core__cortex_m.a(fault.c.obj)
 .text.usage_fault.constprop.0
                0x000000000003a120       0x54 zephyr/arch/arch/arm/core/cortex_m/libarch__arm__core__cortex_m.a(fault.c.obj)
 .text.bus_fault.constprop.0
                0x000000000003a174       0x6c zephyr/arch/arch/arm/core/cortex_m/libarch__arm__core__cortex_m.a(fault.c.obj)
 .text.z_arm_fault
                0x000000000003a1e0      0x128 zephyr/arch/arch/arm/core/cortex_m/libarch__arm__core__cortex_m.a(fault.c.obj)
                0x000000000003a1e0                z_arm_fault
 .text.z_arm_fault_init
                0x000000000003a308       0x18 zephyr/arch/arch/arm/core/cortex_m/libarch__arm__core__cortex_m.a(fault.c.obj)
                0x000000000003a308                z_arm_fault_init
 .text.__fault  0x000000000003a320       0x14 zephyr/arch/arch/arm/core/cortex_m/libarch__arm__core__cortex_m.a(fault_s.S.obj)
                0x000000000003a320                z_arm_bus_fault
                0x000000000003a320                z_arm_usage_fault
                0x000000000003a320                z_arm_mpu_fault
                0x000000000003a320                z_arm_exc_spurious
                0x000000000003a320                z_arm_debug_monitor
                0x000000000003a320                z_arm_hard_fault
 .text._reset_section
                0x000000000003a334       0x54 zephyr/arch/arch/arm/core/cortex_m/libarch__arm__core__cortex_m.a(reset.S.obj)
                0x000000000003a334                z_arm_reset
                0x000000000003a334                __start
 .text.z_arm_clear_arm_mpu_config
                0x000000000003a388       0x24 zephyr/arch/arch/arm/core/cortex_m/libarch__arm__core__cortex_m.a(scb.c.obj)
                0x000000000003a388                z_arm_clear_arm_mpu_config
 .text.z_arm_init_arch_hw_at_boot
                0x000000000003a3ac       0x64 zephyr/arch/arch/arm/core/cortex_m/libarch__arm__core__cortex_m.a(scb.c.obj)
                0x000000000003a3ac                z_arm_init_arch_hw_at_boot
 .text.z_impl_k_thread_abort
                0x000000000003a410       0x2c zephyr/arch/arch/arm/core/cortex_m/libarch__arm__core__cortex_m.a(thread_abort.c.obj)
                0x000000000003a410                z_impl_k_thread_abort
 .text.arch_swap
                0x000000000003a43c       0x30 zephyr/arch/arch/arm/core/cortex_m/libarch__arm__core__cortex_m.a(swap.c.obj)
                0x000000000003a43c                arch_swap
 .text.z_arm_pendsv_c
                0x000000000003a46c       0x48 zephyr/arch/arch/arm/core/cortex_m/libarch__arm__core__cortex_m.a(swap.c.obj)
                0x000000000003a46c                z_arm_pendsv_c
 .text.z_arm_pendsv
                0x000000000003a4b4       0x34 zephyr/arch/arch/arm/core/cortex_m/libarch__arm__core__cortex_m.a(swap_helper.S.obj)
                0x000000000003a4b4                z_arm_pendsv
 .text.z_arm_svc
                0x000000000003a4e8       0x20 zephyr/arch/arch/arm/core/cortex_m/libarch__arm__core__cortex_m.a(swap_helper.S.obj)
                0x000000000003a4e8                z_arm_svc
 .text.arch_irq_enable
                0x000000000003a508       0x1c zephyr/arch/arch/arm/core/cortex_m/libarch__arm__core__cortex_m.a(irq_manage.c.obj)
                0x000000000003a508                arch_irq_enable
 .text.arch_irq_disable
                0x000000000003a524       0x28 zephyr/arch/arch/arm/core/cortex_m/libarch__arm__core__cortex_m.a(irq_manage.c.obj)
                0x000000000003a524                arch_irq_disable
 .text.arch_irq_is_enabled
                0x000000000003a54c       0x1c zephyr/arch/arch/arm/core/cortex_m/libarch__arm__core__cortex_m.a(irq_manage.c.obj)
                0x000000000003a54c                arch_irq_is_enabled
 .text.z_arm_irq_priority_set
                0x000000000003a568       0x30 zephyr/arch/arch/arm/core/cortex_m/libarch__arm__core__cortex_m.a(irq_manage.c.obj)
                0x000000000003a568                z_arm_irq_priority_set
 .text.z_prep_c
                0x000000000003a598       0x38 zephyr/arch/arch/arm/core/cortex_m/libarch__arm__core__cortex_m.a(prep_c.c.obj)
                0x000000000003a598                z_prep_c
 .text.arch_new_thread
                0x000000000003a5d0       0x38 zephyr/arch/arch/arm/core/cortex_m/libarch__arm__core__cortex_m.a(thread.c.obj)
                0x000000000003a5d0                arch_new_thread
 .text.z_check_thread_stack_fail
                0x000000000003a608       0x2c zephyr/arch/arch/arm/core/cortex_m/libarch__arm__core__cortex_m.a(thread.c.obj)
                0x000000000003a608                z_check_thread_stack_fail
 .text.arch_switch_to_main_thread
                0x000000000003a634       0x44 zephyr/arch/arch/arm/core/cortex_m/libarch__arm__core__cortex_m.a(thread.c.obj)
                0x000000000003a634                arch_switch_to_main_thread
 .text.z_arm_cpu_idle_init
                0x000000000003a678        0xc zephyr/arch/arch/arm/core/cortex_m/libarch__arm__core__cortex_m.a(cpu_idle.c.obj)
                0x000000000003a678                z_arm_cpu_idle_init
 .text.z_arm_interrupt_init
                0x000000000003a684       0x18 zephyr/arch/arch/arm/core/cortex_m/libarch__arm__core__cortex_m.a(irq_init.c.obj)
                0x000000000003a684                z_arm_interrupt_init
 .text._isr_wrapper
                0x000000000003a69c       0x24 zephyr/arch/arch/arm/core/cortex_m/libarch__arm__core__cortex_m.a(isr_wrapper.c.obj)
                0x000000000003a69c                _isr_wrapper
 .text.z_arm_configure_static_mpu_regions
                0x000000000003a6c0       0x18 zephyr/arch/arch/arm/core/mpu/libarch__arm__core__mpu.a(arm_core_mpu.c.obj)
                0x000000000003a6c0                z_arm_configure_static_mpu_regions
 .text.z_arm_configure_dynamic_mpu_regions
                0x000000000003a6d8       0x20 zephyr/arch/arch/arm/core/mpu/libarch__arm__core__mpu.a(arm_core_mpu.c.obj)
                0x000000000003a6d8                z_arm_configure_dynamic_mpu_regions
 .text.region_init
                0x000000000003a6f8       0x28 zephyr/arch/arch/arm/core/mpu/libarch__arm__core__mpu.a(arm_mpu.c.obj)
 .text.mpu_configure_regions
                0x000000000003a720       0x6c zephyr/arch/arch/arm/core/mpu/libarch__arm__core__mpu.a(arm_mpu.c.obj)
 .text.arm_core_mpu_enable
                0x000000000003a78c       0x18 zephyr/arch/arch/arm/core/mpu/libarch__arm__core__mpu.a(arm_mpu.c.obj)
                0x000000000003a78c                arm_core_mpu_enable
 .text.arm_core_mpu_disable
                0x000000000003a7a4       0x14 zephyr/arch/arch/arm/core/mpu/libarch__arm__core__mpu.a(arm_mpu.c.obj)
                0x000000000003a7a4                arm_core_mpu_disable
 .text.arm_core_mpu_configure_static_mpu_regions
                0x000000000003a7b8       0x14 zephyr/arch/arch/arm/core/mpu/libarch__arm__core__mpu.a(arm_mpu.c.obj)
                0x000000000003a7b8                arm_core_mpu_configure_static_mpu_regions
 .text.arm_core_mpu_configure_dynamic_mpu_regions
                0x000000000003a7cc       0x38 zephyr/arch/arch/arm/core/mpu/libarch__arm__core__mpu.a(arm_mpu.c.obj)
                0x000000000003a7cc                arm_core_mpu_configure_dynamic_mpu_regions
 .text.z_arm_mpu_init
                0x000000000003a804      0x168 zephyr/arch/arch/arm/core/mpu/libarch__arm__core__mpu.a(arm_mpu.c.obj)
                0x000000000003a804                z_arm_mpu_init
 .text.z_impl_zephyr_fputc
                0x000000000003a96c       0x10 zephyr/lib/libc/picolibc/liblib__libc__picolibc.a(libc-hooks.c.obj)
                0x000000000003a96c                z_impl_zephyr_fputc
 .text.__stdout_hook_install
                0x000000000003a97c       0x18 zephyr/lib/libc/picolibc/liblib__libc__picolibc.a(libc-hooks.c.obj)
                0x000000000003a97c                __stdout_hook_install
 .text.malloc_prepare
                0x000000000003a994       0x24 zephyr/lib/libc/common/liblib__libc__common.a(malloc.c.obj)
 .text.malloc_lock
                0x000000000003a9b8       0x14 zephyr/lib/libc/common/liblib__libc__common.a(malloc.c.obj)
 .text.malloc_unlock
                0x000000000003a9cc        0xc zephyr/lib/libc/common/liblib__libc__common.a(malloc.c.obj)
 .text.malloc   0x000000000003a9d8       0x34 zephyr/lib/libc/common/liblib__libc__common.a(malloc.c.obj)
                0x000000000003a9d8                malloc
 .text.free     0x000000000003aa0c       0x1c zephyr/lib/libc/common/liblib__libc__common.a(malloc.c.obj)
                0x000000000003aa0c                free
 .text.nordicsemi_nrf52_init
                0x000000000003aa28       0x44 zephyr/soc/soc/nrf52840/libsoc__nordic.a(soc.c.obj)
 .text.arch_busy_wait
                0x000000000003aa6c       0x14 zephyr/soc/soc/nrf52840/libsoc__nordic.a(soc.c.obj)
                0x000000000003aa6c                arch_busy_wait
 .text.registry_find
                0x000000000003aa80       0x2c zephyr/subsys/fs/libsubsys__fs.a(fs.c.obj)
 .text.k_mutex_lock.constprop.0.isra.0
                0x000000000003aaac       0x10 zephyr/subsys/fs/libsubsys__fs.a(fs.c.obj)
 .text.k_mutex_unlock.constprop.0.isra.0
                0x000000000003aabc        0xc zephyr/subsys/fs/libsubsys__fs.a(fs.c.obj)
 .text.fs_register
                0x000000000003aac8       0x50 zephyr/subsys/fs/libsubsys__fs.a(fs.c.obj)
                0x000000000003aac8                fs_register
 .text.fs_impl_strip_prefix
                0x000000000003ab18       0x18 zephyr/subsys/fs/libsubsys__fs.a(fs_impl.c.obj)
                0x000000000003ab18                fs_impl_strip_prefix
 .text.littlefs_init
                0x000000000003ab30        0xc zephyr/subsys/fs/libsubsys__fs.a(littlefs_fs.c.obj)
 .text.release_file_data
                0x000000000003ab3c       0x28 zephyr/subsys/fs/libsubsys__fs.a(littlefs_fs.c.obj)
 .text.lfs_to_errno
                0x000000000003ab64       0x1c zephyr/subsys/fs/libsubsys__fs.a(littlefs_fs.c.obj)
 .text.errno_to_lfs
                0x000000000003ab80       0x20 zephyr/subsys/fs/libsubsys__fs.a(littlefs_fs.c.obj)
 .text.littlefs_open
                0x000000000003aba0       0xac zephyr/subsys/fs/libsubsys__fs.a(littlefs_fs.c.obj)
 .text.littlefs_opendir
                0x000000000003ac4c       0x68 zephyr/subsys/fs/libsubsys__fs.a(littlefs_fs.c.obj)
 .text.littlefs_closedir
                0x000000000003acb4       0x38 zephyr/subsys/fs/libsubsys__fs.a(littlefs_fs.c.obj)
 .text.littlefs_mount
                0x000000000003acec      0x174 zephyr/subsys/fs/libsubsys__fs.a(littlefs_fs.c.obj)
 .text.endpoint_ctx
                0x000000000003ae60       0x60 zephyr/drivers/usb/device/libdrivers__usb__device.a(usb_dc_nrfx.c.obj)
 .text.usbd_work_schedule
                0x000000000003aec0       0x10 zephyr/drivers/usb/device/libdrivers__usb__device.a(usb_dc_nrfx.c.obj)
 .text.usbd_evt_put
                0x000000000003aed0        0xc zephyr/drivers/usb/device/libdrivers__usb__device.a(usb_dc_nrfx.c.obj)
 .text.usbd_evt_get
                0x000000000003aedc       0x10 zephyr/drivers/usb/device/libdrivers__usb__device.a(usb_dc_nrfx.c.obj)
 .text.usb_init
                0x000000000003aeec       0x70 zephyr/drivers/usb/device/libdrivers__usb__device.a(usb_dc_nrfx.c.obj)
 .text.hfxo_stop.constprop.0.isra.0
                0x000000000003af5c       0x40 zephyr/drivers/usb/device/libdrivers__usb__device.a(usb_dc_nrfx.c.obj)
 .text.eps_ctx_init
                0x000000000003af9c       0x68 zephyr/drivers/usb/device/libdrivers__usb__device.a(usb_dc_nrfx.c.obj)
 .text.usbd_evt_flush
                0x000000000003b004       0x1c zephyr/drivers/usb/device/libdrivers__usb__device.a(usb_dc_nrfx.c.obj)
 .text.usbd_evt_alloc
                0x000000000003b020       0x44 zephyr/drivers/usb/device/libdrivers__usb__device.a(usb_dc_nrfx.c.obj)
 .text.usb_dc_power_event_handler
                0x000000000003b064       0x34 zephyr/drivers/usb/device/libdrivers__usb__device.a(usb_dc_nrfx.c.obj)
 .text.usbd_event_transfer_data
                0x000000000003b098       0xa8 zephyr/drivers/usb/device/libdrivers__usb__device.a(usb_dc_nrfx.c.obj)
 .text.usbd_event_handler
                0x000000000003b140      0x11c zephyr/drivers/usb/device/libdrivers__usb__device.a(usb_dc_nrfx.c.obj)
 .text.usbd_work_handler
                0x000000000003b25c      0x2e0 zephyr/drivers/usb/device/libdrivers__usb__device.a(usb_dc_nrfx.c.obj)
 .text.usb_dc_attach
                0x000000000003b53c       0x64 zephyr/drivers/usb/device/libdrivers__usb__device.a(usb_dc_nrfx.c.obj)
                0x000000000003b53c                usb_dc_attach
 .text.usb_dc_set_address
                0x000000000003b5a0       0x24 zephyr/drivers/usb/device/libdrivers__usb__device.a(usb_dc_nrfx.c.obj)
                0x000000000003b5a0                usb_dc_set_address
 .text.usb_dc_ep_configure
                0x000000000003b5c4       0x48 zephyr/drivers/usb/device/libdrivers__usb__device.a(usb_dc_nrfx.c.obj)
                0x000000000003b5c4                usb_dc_ep_configure
 .text.usb_dc_ep_set_stall
                0x000000000003b60c       0x50 zephyr/drivers/usb/device/libdrivers__usb__device.a(usb_dc_nrfx.c.obj)
                0x000000000003b60c                usb_dc_ep_set_stall
 .text.usb_dc_ep_clear_stall
                0x000000000003b65c       0x40 zephyr/drivers/usb/device/libdrivers__usb__device.a(usb_dc_nrfx.c.obj)
                0x000000000003b65c                usb_dc_ep_clear_stall
 .text.usb_dc_ep_is_stalled
                0x000000000003b69c       0x38 zephyr/drivers/usb/device/libdrivers__usb__device.a(usb_dc_nrfx.c.obj)
                0x000000000003b69c                usb_dc_ep_is_stalled
 .text.usb_dc_ep_enable
                0x000000000003b6d4       0x54 zephyr/drivers/usb/device/libdrivers__usb__device.a(usb_dc_nrfx.c.obj)
                0x000000000003b6d4                usb_dc_ep_enable
 .text.usb_dc_ep_write
                0x000000000003b728       0xf8 zephyr/drivers/usb/device/libdrivers__usb__device.a(usb_dc_nrfx.c.obj)
                0x000000000003b728                usb_dc_ep_write
 .text.usb_dc_ep_read_wait
                0x000000000003b820       0x90 zephyr/drivers/usb/device/libdrivers__usb__device.a(usb_dc_nrfx.c.obj)
                0x000000000003b820                usb_dc_ep_read_wait
 .text.usb_dc_ep_read_continue
                0x000000000003b8b0       0x84 zephyr/drivers/usb/device/libdrivers__usb__device.a(usb_dc_nrfx.c.obj)
                0x000000000003b8b0                usb_dc_ep_read_continue
 .text.usb_dc_ep_set_callback
                0x000000000003b934       0x28 zephyr/drivers/usb/device/libdrivers__usb__device.a(usb_dc_nrfx.c.obj)
                0x000000000003b934                usb_dc_ep_set_callback
 .text.usb_dc_set_status_callback
                0x000000000003b95c        0xc zephyr/drivers/usb/device/libdrivers__usb__device.a(usb_dc_nrfx.c.obj)
                0x000000000003b95c                usb_dc_set_status_callback
 .text.usb_dc_ep_mps
                0x000000000003b968       0x24 zephyr/drivers/usb/device/libdrivers__usb__device.a(usb_dc_nrfx.c.obj)
                0x000000000003b968                usb_dc_ep_mps
 .text.nrf52_errata_187
                0x000000000003b98c       0x28 zephyr/drivers/usb/common/nrf_usbd_common/libdrivers__usb__common__nrf_usbd_common.a(nrf_usbd_common.c.obj)
 .text.ep_state_access
                0x000000000003b9b4       0x20 zephyr/drivers/usb/common/nrf_usbd_common/libdrivers__usb__common__nrf_usbd_common.a(nrf_usbd_common.c.obj)
 .text.usbd_errata_187_211_begin
                0x000000000003b9d4       0x3c zephyr/drivers/usb/common/nrf_usbd_common/libdrivers__usb__common__nrf_usbd_common.a(nrf_usbd_common.c.obj)
 .text.usbd_errata_187_211_end
                0x000000000003ba10       0x3c zephyr/drivers/usb/common/nrf_usbd_common/libdrivers__usb__common__nrf_usbd_common.a(nrf_usbd_common.c.obj)
 .text.usbd_dma_pending_clear
                0x000000000003ba4c       0x1c zephyr/drivers/usb/common/nrf_usbd_common/libdrivers__usb__common__nrf_usbd_common.a(nrf_usbd_common.c.obj)
 .text.nrf_usbd_common_uninit
                0x000000000003ba68       0x14 zephyr/drivers/usb/common/nrf_usbd_common/libdrivers__usb__common__nrf_usbd_common.a(nrf_usbd_common.c.obj)
                0x000000000003ba68                nrf_usbd_common_uninit
 .text.nrf_usbd_common_enable
                0x000000000003ba7c      0x148 zephyr/drivers/usb/common/nrf_usbd_common/libdrivers__usb__common__nrf_usbd_common.a(nrf_usbd_common.c.obj)
                0x000000000003ba7c                nrf_usbd_common_enable
 .text.nrf_usbd_common_start
                0x000000000003bbc4       0x38 zephyr/drivers/usb/common/nrf_usbd_common/libdrivers__usb__common__nrf_usbd_common.a(nrf_usbd_common.c.obj)
                0x000000000003bbc4                nrf_usbd_common_start
 .text.nrf_usbd_common_is_enabled
                0x000000000003bbfc       0x14 zephyr/drivers/usb/common/nrf_usbd_common/libdrivers__usb__common__nrf_usbd_common.a(nrf_usbd_common.c.obj)
                0x000000000003bbfc                nrf_usbd_common_is_enabled
 .text.nrf_usbd_common_suspend
                0x000000000003bc10       0x50 zephyr/drivers/usb/common/nrf_usbd_common/libdrivers__usb__common__nrf_usbd_common.a(nrf_usbd_common.c.obj)
                0x000000000003bc10                nrf_usbd_common_suspend
 .text.nrf_usbd_common_init
                0x000000000003bc60       0x84 zephyr/drivers/usb/common/nrf_usbd_common/libdrivers__usb__common__nrf_usbd_common.a(nrf_usbd_common.c.obj)
                0x000000000003bc60                nrf_usbd_common_init
 .text.nrf_usbd_common_ep_enable_check
                0x000000000003bce4       0x28 zephyr/drivers/usb/common/nrf_usbd_common/libdrivers__usb__common__nrf_usbd_common.a(nrf_usbd_common.c.obj)
                0x000000000003bce4                nrf_usbd_common_ep_enable_check
 .text.nrf_usbd_common_ep_transfer
                0x000000000003bd0c       0x98 zephyr/drivers/usb/common/nrf_usbd_common/libdrivers__usb__common__nrf_usbd_common.a(nrf_usbd_common.c.obj)
                0x000000000003bd0c                nrf_usbd_common_ep_transfer
 .text.nrf_usbd_common_epout_size_get
                0x000000000003bda4       0x28 zephyr/drivers/usb/common/nrf_usbd_common/libdrivers__usb__common__nrf_usbd_common.a(nrf_usbd_common.c.obj)
                0x000000000003bda4                nrf_usbd_common_epout_size_get
 .text.nrf_usbd_common_irq_handler
                0x000000000003bdcc      0x48c zephyr/drivers/usb/common/nrf_usbd_common/libdrivers__usb__common__nrf_usbd_common.a(nrf_usbd_common.c.obj)
                0x000000000003bdcc                nrf_usbd_common_irq_handler
 .text.nrf_usbd_common_ep_stall
                0x000000000003c258       0x10 zephyr/drivers/usb/common/nrf_usbd_common/libdrivers__usb__common__nrf_usbd_common.a(nrf_usbd_common.c.obj)
                0x000000000003c258                nrf_usbd_common_ep_stall
 .text.nrf_usbd_common_ep_stall_check
                0x000000000003c268       0x34 zephyr/drivers/usb/common/nrf_usbd_common/libdrivers__usb__common__nrf_usbd_common.a(nrf_usbd_common.c.obj)
                0x000000000003c268                nrf_usbd_common_ep_stall_check
 .text.nrf_usbd_common_ep_dtoggle_clear
                0x000000000003c29c       0x14 zephyr/drivers/usb/common/nrf_usbd_common/libdrivers__usb__common__nrf_usbd_common.a(nrf_usbd_common.c.obj)
                0x000000000003c29c                nrf_usbd_common_ep_dtoggle_clear
 .text.nrf_usbd_common_setup_get
                0x000000000003c2b0       0x44 zephyr/drivers/usb/common/nrf_usbd_common/libdrivers__usb__common__nrf_usbd_common.a(nrf_usbd_common.c.obj)
                0x000000000003c2b0                nrf_usbd_common_setup_get
 .text.nrf_usbd_common_setup_data_clear
                0x000000000003c2f4        0xc zephyr/drivers/usb/common/nrf_usbd_common/libdrivers__usb__common__nrf_usbd_common.a(nrf_usbd_common.c.obj)
                0x000000000003c2f4                nrf_usbd_common_setup_data_clear
 .text.nrf_usbd_common_setup_clear
                0x000000000003c300        0xc zephyr/drivers/usb/common/nrf_usbd_common/libdrivers__usb__common__nrf_usbd_common.a(nrf_usbd_common.c.obj)
                0x000000000003c300                nrf_usbd_common_setup_clear
 .text.nrf_usbd_common_setup_stall
                0x000000000003c30c        0xc zephyr/drivers/usb/common/nrf_usbd_common/libdrivers__usb__common__nrf_usbd_common.a(nrf_usbd_common.c.obj)
                0x000000000003c30c                nrf_usbd_common_setup_stall
 .text.nrf_usbd_common_last_setup_dir_get
                0x000000000003c318        0xc zephyr/drivers/usb/common/nrf_usbd_common/libdrivers__usb__common__nrf_usbd_common.a(nrf_usbd_common.c.obj)
                0x000000000003c318                nrf_usbd_common_last_setup_dir_get
 .text.nrf_usbd_common_transfer_out_drop
                0x000000000003c324       0x4c zephyr/drivers/usb/common/nrf_usbd_common/libdrivers__usb__common__nrf_usbd_common.a(nrf_usbd_common.c.obj)
                0x000000000003c324                nrf_usbd_common_transfer_out_drop
 .text.usbd_ep_abort
                0x000000000003c370       0xf0 zephyr/drivers/usb/common/nrf_usbd_common/libdrivers__usb__common__nrf_usbd_common.a(nrf_usbd_common.c.obj)
 .text.nrf_usbd_common_ep_abort
                0x000000000003c460       0x34 zephyr/drivers/usb/common/nrf_usbd_common/libdrivers__usb__common__nrf_usbd_common.a(nrf_usbd_common.c.obj)
                0x000000000003c460                nrf_usbd_common_ep_abort
 .text.nrf_usbd_common_disable
                0x000000000003c494       0xd4 zephyr/drivers/usb/common/nrf_usbd_common/libdrivers__usb__common__nrf_usbd_common.a(nrf_usbd_common.c.obj)
                0x000000000003c494                nrf_usbd_common_disable
 .text.nrf_usbd_common_ep_disable
                0x000000000003c568       0x60 zephyr/drivers/usb/common/nrf_usbd_common/libdrivers__usb__common__nrf_usbd_common.a(nrf_usbd_common.c.obj)
                0x000000000003c568                nrf_usbd_common_ep_disable
 .text.nrf_usbd_common_ep_enable
                0x000000000003c5c8       0x70 zephyr/drivers/usb/common/nrf_usbd_common/libdrivers__usb__common__nrf_usbd_common.a(nrf_usbd_common.c.obj)
                0x000000000003c5c8                nrf_usbd_common_ep_enable
 .text.nrf_usbd_common_ep_stall_clear
                0x000000000003c638       0x20 zephyr/drivers/usb/common/nrf_usbd_common/libdrivers__usb__common__nrf_usbd_common.a(nrf_usbd_common.c.obj)
                0x000000000003c638                nrf_usbd_common_ep_stall_clear
 .text.onoff_stop
                0x000000000003c658       0x30 zephyr/drivers/clock_control/libdrivers__clock_control.a(clock_control_nrf.c.obj)
 .text.onoff_start
                0x000000000003c688       0x44 zephyr/drivers/clock_control/libdrivers__clock_control.a(clock_control_nrf.c.obj)
 .text.generic_hfclk_stop
                0x000000000003c6cc       0x34 zephyr/drivers/clock_control/libdrivers__clock_control.a(clock_control_nrf.c.obj)
 .text.clk_init
                0x000000000003c700       0x58 zephyr/drivers/clock_control/libdrivers__clock_control.a(clock_control_nrf.c.obj)
 .text.api_blocking_start
                0x000000000003c758       0x34 zephyr/drivers/clock_control/libdrivers__clock_control.a(clock_control_nrf.c.obj)
 .text.clkstarted_handle.constprop.0
                0x000000000003c78c       0x4c zephyr/drivers/clock_control/libdrivers__clock_control.a(clock_control_nrf.c.obj)
 .text.generic_hfclk_start
                0x000000000003c7d8       0x78 zephyr/drivers/clock_control/libdrivers__clock_control.a(clock_control_nrf.c.obj)
 .text.clock_event_handler
                0x000000000003c850       0x1c zephyr/drivers/clock_control/libdrivers__clock_control.a(clock_control_nrf.c.obj)
 .text.z_nrf_clock_control_get_onoff
                0x000000000003c86c       0x10 zephyr/drivers/clock_control/libdrivers__clock_control.a(clock_control_nrf.c.obj)
                0x000000000003c86c                z_nrf_clock_control_get_onoff
 .text.z_nrf_clock_control_lf_on
                0x000000000003c87c       0xfc zephyr/drivers/clock_control/libdrivers__clock_control.a(clock_control_nrf.c.obj)
                0x000000000003c87c                z_nrf_clock_control_lf_on
 .text.uart_console_init
                0x000000000003c978       0x28 zephyr/drivers/console/libdrivers__console.a(uart_console.c.obj)
 .text.console_out
                0x000000000003c9a0       0x28 zephyr/drivers/console/libdrivers__console.a(uart_console.c.obj)
 .text.qspi_get_zephyr_ret_code
                0x000000000003c9c8       0x1c zephyr/drivers/flash/libdrivers__flash.a(nrf_qspi_nor.c.obj)
 .text.qspi_nor_pages_layout
                0x000000000003c9e4       0x10 zephyr/drivers/flash/libdrivers__flash.a(nrf_qspi_nor.c.obj)
 .text.qspi_flash_get_parameters
                0x000000000003c9f4        0x8 zephyr/drivers/flash/libdrivers__flash.a(nrf_qspi_nor.c.obj)
 .text.nrf_qspi_pins_set.constprop.0
                0x000000000003c9fc       0x5c zephyr/drivers/flash/libdrivers__flash.a(nrf_qspi_nor.c.obj)
 .text.qspi_wait_for_completion.isra.0
                0x000000000003ca58       0x1c zephyr/drivers/flash/libdrivers__flash.a(nrf_qspi_nor.c.obj)
 .text.qspi_nor_init
                0x000000000003ca74      0x1a8 zephyr/drivers/flash/libdrivers__flash.a(nrf_qspi_nor.c.obj)
 .text.qspi_sfdp_read
                0x000000000003cc1c       0x7c zephyr/drivers/flash/libdrivers__flash.a(nrf_qspi_nor.c.obj)
 .text.qspi_nor_erase
                0x000000000003cc98       0xf4 zephyr/drivers/flash/libdrivers__flash.a(nrf_qspi_nor.c.obj)
 .text.qspi_nor_write
                0x000000000003cd8c      0x110 zephyr/drivers/flash/libdrivers__flash.a(nrf_qspi_nor.c.obj)
 .text.qspi_nor_read
                0x000000000003ce9c      0x13c zephyr/drivers/flash/libdrivers__flash.a(nrf_qspi_nor.c.obj)
 .text.flash_nrf_pages_layout
                0x000000000003cfd8       0x10 zephyr/drivers/flash/libdrivers__flash.a(soc_flash_nrf.c.obj)
 .text.flash_nrf_get_parameters
                0x000000000003cfe8        0x8 zephyr/drivers/flash/libdrivers__flash.a(soc_flash_nrf.c.obj)
 .text.nrf_flash_init
                0x000000000003cff0       0x28 zephyr/drivers/flash/libdrivers__flash.a(soc_flash_nrf.c.obj)
 .text.restore_pofwarn.part.0
                0x000000000003d018       0x2c zephyr/drivers/flash/libdrivers__flash.a(soc_flash_nrf.c.obj)
 .text.suspend_pofwarn
                0x000000000003d044       0x58 zephyr/drivers/flash/libdrivers__flash.a(soc_flash_nrf.c.obj)
 .text.flash_nrf_erase
                0x000000000003d09c       0x88 zephyr/drivers/flash/libdrivers__flash.a(soc_flash_nrf.c.obj)
 .text.flash_nrf_write
                0x000000000003d124       0x8c zephyr/drivers/flash/libdrivers__flash.a(soc_flash_nrf.c.obj)
 .text.gpio_nrfx_pin_interrupt_configure
                0x000000000003d1b0      0x100 zephyr/drivers/gpio/libdrivers__gpio.a(gpio_nrfx.c.obj)
 .text.gpio_nrfx_init
                0x000000000003d2b0       0x48 zephyr/drivers/gpio/libdrivers__gpio.a(gpio_nrfx.c.obj)
 .text.nrfx_gpio_handler
                0x000000000003d2f8       0x4c zephyr/drivers/gpio/libdrivers__gpio.a(gpio_nrfx.c.obj)
 .text.gpio_nrfx_pin_configure
                0x000000000003d344      0x18c zephyr/drivers/gpio/libdrivers__gpio.a(gpio_nrfx.c.obj)
 .text.nrf_gpio_pin_port_decode
                0x000000000003d4d0       0x20 zephyr/drivers/pinctrl/libdrivers__pinctrl.a(pinctrl_nrf.c.obj)
 .text.pinctrl_configure_pins
                0x000000000003d4f0      0x1a4 zephyr/drivers/pinctrl/libdrivers__pinctrl.a(pinctrl_nrf.c.obj)
                0x000000000003d4f0                pinctrl_configure_pins
 .text.uarte_0_init
                0x000000000003d694       0xdc zephyr/drivers/serial/libdrivers__serial.a(uart_nrfx_uarte.c.obj)
 .text.uarte_nrfx_poll_out
                0x000000000003d770       0x98 zephyr/drivers/serial/libdrivers__serial.a(uart_nrfx_uarte.c.obj)
 .text.transfer_next_chunk
                0x000000000003d808       0x70 zephyr/drivers/spi/libdrivers__spi.a(spi_nrfx_spi.c.obj)
 .text.spi_nrfx_transceive
                0x000000000003d878      0x368 zephyr/drivers/spi/libdrivers__spi.a(spi_nrfx_spi.c.obj)
 .text.nrf_gpio_cfg_input
                0x000000000003dbe0       0x40 zephyr/drivers/spi/libdrivers__spi.a(spi_nrfx_common.c.obj)
 .text.spi_nrfx_wake_init
                0x000000000003dc20       0x60 zephyr/drivers/spi/libdrivers__spi.a(spi_nrfx_common.c.obj)
                0x000000000003dc20                spi_nrfx_wake_init
 .text.compare_int_lock
                0x000000000003dc80       0x48 zephyr/drivers/timer/libdrivers__timer.a(nrf_rtc_timer.c.obj)
 .text.sys_clock_timeout_handler
                0x000000000003dcc8       0x48 zephyr/drivers/timer/libdrivers__timer.a(nrf_rtc_timer.c.obj)
 .text.compare_int_unlock
                0x000000000003dd10       0x5c zephyr/drivers/timer/libdrivers__timer.a(nrf_rtc_timer.c.obj)
 .text.z_nrf_rtc_timer_read
                0x000000000003dd6c       0x44 zephyr/drivers/timer/libdrivers__timer.a(nrf_rtc_timer.c.obj)
                0x000000000003dd6c                z_nrf_rtc_timer_read
 .text.compare_set
                0x000000000003ddb0      0x130 zephyr/drivers/timer/libdrivers__timer.a(nrf_rtc_timer.c.obj)
 .text.sys_clock_driver_init
                0x000000000003dee0       0x90 zephyr/drivers/timer/libdrivers__timer.a(nrf_rtc_timer.c.obj)
 .text.rtc_nrf_isr
                0x000000000003df70       0xd4 zephyr/drivers/timer/libdrivers__timer.a(nrf_rtc_timer.c.obj)
                0x000000000003df70                rtc_nrf_isr
 .text.sys_clock_set_timeout
                0x000000000003e044       0x5c zephyr/drivers/timer/libdrivers__timer.a(nrf_rtc_timer.c.obj)
                0x000000000003e044                sys_clock_set_timeout
 .text.sys_clock_elapsed
                0x000000000003e0a0       0x14 zephyr/drivers/timer/libdrivers__timer.a(nrf_rtc_timer.c.obj)
                0x000000000003e0a0                sys_clock_elapsed
 .text.nrf52_errata_98
                0x000000000003e0b4       0x24 modules/hal_nordic/nrfx/libmodules__hal_nordic__nrfx.a(system_nrf52840.c.obj)
 .text.nvmc_wait
                0x000000000003e0d8       0x10 modules/hal_nordic/nrfx/libmodules__hal_nordic__nrfx.a(system_nrf52840.c.obj)
                0x000000000003e0d8                nvmc_wait
 .text.SystemInit
                0x000000000003e0e8      0x1bc modules/hal_nordic/nrfx/libmodules__hal_nordic__nrfx.a(system_nrf52840.c.obj)
                0x000000000003e0e8                SystemInit
 .text.nrfx_flag32_alloc
                0x000000000003e2a4       0x48 modules/hal_nordic/nrfx/libmodules__hal_nordic__nrfx.a(nrfx_flag32_allocator.c.obj)
                0x000000000003e2a4                nrfx_flag32_alloc
 .text.nrfx_flag32_free
                0x000000000003e2ec       0x40 modules/hal_nordic/nrfx/libmodules__hal_nordic__nrfx.a(nrfx_flag32_allocator.c.obj)
                0x000000000003e2ec                nrfx_flag32_free
 .text.nrfx_gppi_channels_enable
                0x000000000003e32c        0xc modules/hal_nordic/nrfx/libmodules__hal_nordic__nrfx.a(nrfx_gppi_ppi.c.obj)
                0x000000000003e32c                nrfx_gppi_channels_enable
 .text.clock_stop
                0x000000000003e338       0xc4 modules/hal_nordic/nrfx/libmodules__hal_nordic__nrfx.a(nrfx_clock.c.obj)
 .text.nrfx_clock_init
                0x000000000003e3fc       0x20 modules/hal_nordic/nrfx/libmodules__hal_nordic__nrfx.a(nrfx_clock.c.obj)
                0x000000000003e3fc                nrfx_clock_init
 .text.nrfx_clock_enable
                0x000000000003e41c       0x30 modules/hal_nordic/nrfx/libmodules__hal_nordic__nrfx.a(nrfx_clock.c.obj)
                0x000000000003e41c                nrfx_clock_enable
 .text.nrfx_clock_start
                0x000000000003e44c       0xa8 modules/hal_nordic/nrfx/libmodules__hal_nordic__nrfx.a(nrfx_clock.c.obj)
                0x000000000003e44c                nrfx_clock_start
 .text.nrfx_clock_irq_handler
                0x000000000003e4f4       0x68 modules/hal_nordic/nrfx/libmodules__hal_nordic__nrfx.a(nrfx_clock.c.obj)
                0x000000000003e4f4                nrfx_clock_irq_handler
 .text.nrf_gpio_pin_port_decode
                0x000000000003e55c       0x20 modules/hal_nordic/nrfx/libmodules__hal_nordic__nrfx.a(nrfx_gpiote.c.obj)
 .text.get_pin_idx
                0x000000000003e57c       0x14 modules/hal_nordic/nrfx/libmodules__hal_nordic__nrfx.a(nrfx_gpiote.c.obj)
 .text.call_handler.constprop.0
                0x000000000003e590       0x40 modules/hal_nordic/nrfx/libmodules__hal_nordic__nrfx.a(nrfx_gpiote.c.obj)
 .text.pin_te_get.constprop.0
                0x000000000003e5d0       0x18 modules/hal_nordic/nrfx/libmodules__hal_nordic__nrfx.a(nrfx_gpiote.c.obj)
 .text.pin_is_output.constprop.0
                0x000000000003e5e8       0x18 modules/hal_nordic/nrfx/libmodules__hal_nordic__nrfx.a(nrfx_gpiote.c.obj)
 .text.pin_in_use_by_te.constprop.0
                0x000000000003e600       0x18 modules/hal_nordic/nrfx/libmodules__hal_nordic__nrfx.a(nrfx_gpiote.c.obj)
 .text.latch_pending_read_and_check
                0x000000000003e618       0x40 modules/hal_nordic/nrfx/libmodules__hal_nordic__nrfx.a(nrfx_gpiote.c.obj)
 .text.release_handler.isra.0
                0x000000000003e658       0x58 modules/hal_nordic/nrfx/libmodules__hal_nordic__nrfx.a(nrfx_gpiote.c.obj)
 .text.__nrfy_internal_gpiote_events_process.constprop.0
                0x000000000003e6b0       0x5c modules/hal_nordic/nrfx/libmodules__hal_nordic__nrfx.a(nrfx_gpiote.c.obj)
 .text.pin_uninit
                0x000000000003e70c       0x80 modules/hal_nordic/nrfx/libmodules__hal_nordic__nrfx.a(nrfx_gpiote.c.obj)
 .text.nrfx_gpiote_input_configure
                0x000000000003e78c      0x174 modules/hal_nordic/nrfx/libmodules__hal_nordic__nrfx.a(nrfx_gpiote.c.obj)
                0x000000000003e78c                nrfx_gpiote_input_configure
 .text.nrfx_gpiote_output_configure
                0x000000000003e900       0xfc modules/hal_nordic/nrfx/libmodules__hal_nordic__nrfx.a(nrfx_gpiote.c.obj)
                0x000000000003e900                nrfx_gpiote_output_configure
 .text.nrfx_gpiote_global_callback_set
                0x000000000003e9fc        0xc modules/hal_nordic/nrfx/libmodules__hal_nordic__nrfx.a(nrfx_gpiote.c.obj)
                0x000000000003e9fc                nrfx_gpiote_global_callback_set
 .text.nrfx_gpiote_channel_get
                0x000000000003ea08       0x34 modules/hal_nordic/nrfx/libmodules__hal_nordic__nrfx.a(nrfx_gpiote.c.obj)
                0x000000000003ea08                nrfx_gpiote_channel_get
 .text.nrfx_gpiote_init
                0x000000000003ea3c       0x68 modules/hal_nordic/nrfx/libmodules__hal_nordic__nrfx.a(nrfx_gpiote.c.obj)
                0x000000000003ea3c                nrfx_gpiote_init
 .text.nrfx_gpiote_init_check
                0x000000000003eaa4       0x14 modules/hal_nordic/nrfx/libmodules__hal_nordic__nrfx.a(nrfx_gpiote.c.obj)
                0x000000000003eaa4                nrfx_gpiote_init_check
 .text.nrfx_gpiote_channel_free
                0x000000000003eab8        0xc modules/hal_nordic/nrfx/libmodules__hal_nordic__nrfx.a(nrfx_gpiote.c.obj)
                0x000000000003eab8                nrfx_gpiote_channel_free
 .text.nrfx_gpiote_channel_alloc
                0x000000000003eac4        0xc modules/hal_nordic/nrfx/libmodules__hal_nordic__nrfx.a(nrfx_gpiote.c.obj)
                0x000000000003eac4                nrfx_gpiote_channel_alloc
 .text.nrfx_gpiote_trigger_enable
                0x000000000003ead0       0xb0 modules/hal_nordic/nrfx/libmodules__hal_nordic__nrfx.a(nrfx_gpiote.c.obj)
                0x000000000003ead0                nrfx_gpiote_trigger_enable
 .text.nrfx_gpiote_0_irq_handler
                0x000000000003eb80      0x1bc modules/hal_nordic/nrfx/libmodules__hal_nordic__nrfx.a(nrfx_gpiote.c.obj)
                0x000000000003eb80                nrfx_gpiote_0_irq_handler
 .text.nvmc_word_write
                0x000000000003ed3c       0x18 modules/hal_nordic/nrfx/libmodules__hal_nordic__nrfx.a(nrfx_nvmc.c.obj)
 .text.nrfx_nvmc_page_erase
                0x000000000003ed54       0x40 modules/hal_nordic/nrfx/libmodules__hal_nordic__nrfx.a(nrfx_nvmc.c.obj)
                0x000000000003ed54                nrfx_nvmc_page_erase
 .text.nrfx_nvmc_word_write
                0x000000000003ed94       0x1c modules/hal_nordic/nrfx/libmodules__hal_nordic__nrfx.a(nrfx_nvmc.c.obj)
                0x000000000003ed94                nrfx_nvmc_word_write
 .text.nrfx_power_init
                0x000000000003edb0       0x74 modules/hal_nordic/nrfx/libmodules__hal_nordic__nrfx.a(nrfx_power.c.obj)
                0x000000000003edb0                nrfx_power_init
 .text.nrfx_power_usbevt_uninit
                0x000000000003ee24       0x18 modules/hal_nordic/nrfx/libmodules__hal_nordic__nrfx.a(nrfx_power.c.obj)
                0x000000000003ee24                nrfx_power_usbevt_uninit
 .text.nrfx_power_usbevt_init
                0x000000000003ee3c       0x14 modules/hal_nordic/nrfx/libmodules__hal_nordic__nrfx.a(nrfx_power.c.obj)
                0x000000000003ee3c                nrfx_power_usbevt_init
 .text.nrfx_power_irq_handler
                0x000000000003ee50       0xa0 modules/hal_nordic/nrfx/libmodules__hal_nordic__nrfx.a(nrfx_power.c.obj)
                0x000000000003ee50                nrfx_power_irq_handler
 .text.nrfx_ppi_channel_alloc
                0x000000000003eef0        0xc modules/hal_nordic/nrfx/libmodules__hal_nordic__nrfx.a(nrfx_ppi.c.obj)
                0x000000000003eef0                nrfx_ppi_channel_alloc
 .text.qspi_ready_wait
                0x000000000003eefc       0x54 modules/hal_nordic/nrfx/libmodules__hal_nordic__nrfx.a(nrfx_qspi.c.obj)
 .text.qspi_activate
                0x000000000003ef50       0x34 modules/hal_nordic/nrfx/libmodules__hal_nordic__nrfx.a(nrfx_qspi.c.obj)
 .text.qspi_xfer
                0x000000000003ef84       0xe8 modules/hal_nordic/nrfx/libmodules__hal_nordic__nrfx.a(nrfx_qspi.c.obj)
 .text.qspi_event_xfer_handle.constprop.0
                0x000000000003f06c       0x28 modules/hal_nordic/nrfx/libmodules__hal_nordic__nrfx.a(nrfx_qspi.c.obj)
 .text.nrf_gpio_cfg.constprop.0
                0x000000000003f094       0x44 modules/hal_nordic/nrfx/libmodules__hal_nordic__nrfx.a(nrfx_qspi.c.obj)
 .text.nrf_qspi_cinstrdata_get.constprop.0
                0x000000000003f0d8       0x40 modules/hal_nordic/nrfx/libmodules__hal_nordic__nrfx.a(nrfx_qspi.c.obj)
 .text.nrf_qspi_cinstrdata_set.constprop.0
                0x000000000003f118       0x64 modules/hal_nordic/nrfx/libmodules__hal_nordic__nrfx.a(nrfx_qspi.c.obj)
 .text.nrf_qspi_pins_set.constprop.0
                0x000000000003f17c       0x5c modules/hal_nordic/nrfx/libmodules__hal_nordic__nrfx.a(nrfx_qspi.c.obj)
 .text.qspi_deactivate
                0x000000000003f1d8       0x34 modules/hal_nordic/nrfx/libmodules__hal_nordic__nrfx.a(nrfx_qspi.c.obj)
 .text.qspi_workaround_215_43_apply
                0x000000000003f20c       0x70 modules/hal_nordic/nrfx/libmodules__hal_nordic__nrfx.a(nrfx_qspi.c.obj)
 .text.qspi_configure
                0x000000000003f27c       0xec modules/hal_nordic/nrfx/libmodules__hal_nordic__nrfx.a(nrfx_qspi.c.obj)
 .text.nrfx_qspi_init
                0x000000000003f368       0x40 modules/hal_nordic/nrfx/libmodules__hal_nordic__nrfx.a(nrfx_qspi.c.obj)
                0x000000000003f368                nrfx_qspi_init
 .text.nrfx_qspi_cinstr_xfer
                0x000000000003f3a8       0xac modules/hal_nordic/nrfx/libmodules__hal_nordic__nrfx.a(nrfx_qspi.c.obj)
                0x000000000003f3a8                nrfx_qspi_cinstr_xfer
 .text.nrfx_qspi_lfm_start
                0x000000000003f454       0x98 modules/hal_nordic/nrfx/libmodules__hal_nordic__nrfx.a(nrfx_qspi.c.obj)
                0x000000000003f454                nrfx_qspi_lfm_start
 .text.nrfx_qspi_lfm_xfer
                0x000000000003f4ec       0xd4 modules/hal_nordic/nrfx/libmodules__hal_nordic__nrfx.a(nrfx_qspi.c.obj)
                0x000000000003f4ec                nrfx_qspi_lfm_xfer
 .text.nrfx_qspi_activate
                0x000000000003f5c0       0x18 modules/hal_nordic/nrfx/libmodules__hal_nordic__nrfx.a(nrfx_qspi.c.obj)
                0x000000000003f5c0                nrfx_qspi_activate
 .text.nrfx_qspi_deactivate
                0x000000000003f5d8       0x24 modules/hal_nordic/nrfx/libmodules__hal_nordic__nrfx.a(nrfx_qspi.c.obj)
                0x000000000003f5d8                nrfx_qspi_deactivate
 .text.nrfx_qspi_init_check
                0x000000000003f5fc       0x14 modules/hal_nordic/nrfx/libmodules__hal_nordic__nrfx.a(nrfx_qspi.c.obj)
                0x000000000003f5fc                nrfx_qspi_init_check
 .text.nrfx_qspi_erase
                0x000000000003f610       0x9c modules/hal_nordic/nrfx/libmodules__hal_nordic__nrfx.a(nrfx_qspi.c.obj)
                0x000000000003f610                nrfx_qspi_erase
 .text.nrfx_qspi_irq_handler
                0x000000000003f6ac       0x94 modules/hal_nordic/nrfx/libmodules__hal_nordic__nrfx.a(nrfx_qspi.c.obj)
                0x000000000003f6ac                nrfx_qspi_irq_handler
 .text.nrf_gpio_pin_port_decode
                0x000000000003f740       0x20 modules/hal_nordic/nrfx/libmodules__hal_nordic__nrfx.a(nrfx_spi.c.obj)
 .text.nrf_gpio_cfg_output
                0x000000000003f760       0x2c modules/hal_nordic/nrfx/libmodules__hal_nordic__nrfx.a(nrfx_spi.c.obj)
 .text.spi_configure
                0x000000000003f78c      0x120 modules/hal_nordic/nrfx/libmodules__hal_nordic__nrfx.a(nrfx_spi.c.obj)
 .text.nrf_gpio_cfg_default
                0x000000000003f8ac       0x2c modules/hal_nordic/nrfx/libmodules__hal_nordic__nrfx.a(nrfx_spi.c.obj)
 .text.nrfx_spi_init
                0x000000000003f8d8       0x68 modules/hal_nordic/nrfx/libmodules__hal_nordic__nrfx.a(nrfx_spi.c.obj)
                0x000000000003f8d8                nrfx_spi_init
 .text.nrfx_spi_uninit
                0x000000000003f940       0x70 modules/hal_nordic/nrfx/libmodules__hal_nordic__nrfx.a(nrfx_spi.c.obj)
                0x000000000003f940                nrfx_spi_uninit
 .text.nrfx_spi_xfer
                0x000000000003f9b0       0xfc modules/hal_nordic/nrfx/libmodules__hal_nordic__nrfx.a(nrfx_spi.c.obj)
                0x000000000003f9b0                nrfx_spi_xfer
 .text.nrfx_spi_2_irq_handler
                0x000000000003faac       0x40 modules/hal_nordic/nrfx/libmodules__hal_nordic__nrfx.a(nrfx_spi.c.obj)
                0x000000000003faac                nrfx_spi_2_irq_handler
 .text.lfs_dir_traverse_filter
                0x000000000003faec       0x70 modules/littlefs/libmodules__littlefs.a(lfs.c.obj)
 .text.lfs_dir_getslice
                0x000000000003fb5c      0x124 modules/littlefs/libmodules__littlefs.a(lfs.c.obj)
 .text.lfs_dir_getgstate
                0x000000000003fc80       0x34 modules/littlefs/libmodules__littlefs.a(lfs.c.obj)
 .text.lfs_dir_getinfo
                0x000000000003fcb4       0x90 modules/littlefs/libmodules__littlefs.a(lfs.c.obj)
 .text.lfs_dir_traverse.constprop.0
                0x000000000003fd44      0x298 modules/littlefs/libmodules__littlefs.a(lfs.c.obj)
 .text.lfs_dir_getread.constprop.0
                0x000000000003ffdc       0xc4 modules/littlefs/libmodules__littlefs.a(lfs.c.obj)
 .text.lfs_dir_fetchmatch
                0x00000000000400a0      0x414 modules/littlefs/libmodules__littlefs.a(lfs.c.obj)
 .text.lfs_fs_parent
                0x00000000000404b4       0xa4 modules/littlefs/libmodules__littlefs.a(lfs.c.obj)
 .text.lfs_fs_pred
                0x0000000000040558       0x7c modules/littlefs/libmodules__littlefs.a(lfs.c.obj)
 .text.lfs_dir_find
                0x00000000000405d4      0x150 modules/littlefs/libmodules__littlefs.a(lfs.c.obj)
 .text.lfs_file_flushedread
                0x0000000000040724       0xd8 modules/littlefs/libmodules__littlefs.a(lfs.c.obj)
 .text.lfs_fs_traverse_
                0x00000000000407fc      0x16c modules/littlefs/libmodules__littlefs.a(lfs.c.obj)
 .text.lfs_alloc_scan
                0x0000000000040968       0x50 modules/littlefs/libmodules__littlefs.a(lfs.c.obj)
 .text.lfs_fs_size_
                0x00000000000409b8       0x1c modules/littlefs/libmodules__littlefs.a(lfs.c.obj)
 .text.lfs_file_relocate
                0x00000000000409d4       0xe8 modules/littlefs/libmodules__littlefs.a(lfs.c.obj)
 .text.lfs_dir_commitcrc
                0x0000000000040abc      0x1e8 modules/littlefs/libmodules__littlefs.a(lfs.c.obj)
 .text.lfs_dir_compact
                0x0000000000040ca4      0x1e4 modules/littlefs/libmodules__littlefs.a(lfs.c.obj)
 .text.lfs_dir_relocatingcommit
                0x0000000000040e88      0x3f0 modules/littlefs/libmodules__littlefs.a(lfs.c.obj)
 .text.lfs_dir_orphaningcommit
                0x0000000000041278      0x308 modules/littlefs/libmodules__littlefs.a(lfs.c.obj)
 .text.lfs_fs_deorphan
                0x0000000000041580      0x16c modules/littlefs/libmodules__littlefs.a(lfs.c.obj)
 .text.lfs_fs_forceconsistency
                0x00000000000416ec       0xb8 modules/littlefs/libmodules__littlefs.a(lfs.c.obj)
 .text.lfs_dir_drop
                0x00000000000417a4       0x3c modules/littlefs/libmodules__littlefs.a(lfs.c.obj)
 .text.lfs_file_opencfg_
                0x00000000000417e0      0x23c modules/littlefs/libmodules__littlefs.a(lfs.c.obj)
 .text.lfs_format
                0x0000000000041a1c       0xc8 modules/littlefs/libmodules__littlefs.a(lfs.c.obj)
                0x0000000000041a1c                lfs_format
 .text.lfs_mount
                0x0000000000041ae4      0x18c modules/littlefs/libmodules__littlefs.a(lfs.c.obj)
                0x0000000000041ae4                lfs_mount
 .text.lfs_remove
                0x0000000000041c70       0xdc modules/littlefs/libmodules__littlefs.a(lfs.c.obj)
                0x0000000000041c70                lfs_remove
 .text.lfs_rename
                0x0000000000041d4c      0x264 modules/littlefs/libmodules__littlefs.a(lfs.c.obj)
                0x0000000000041d4c                lfs_rename
 .text.lfs_file_open
                0x0000000000041fb0       0x14 modules/littlefs/libmodules__littlefs.a(lfs.c.obj)
                0x0000000000041fb0                lfs_file_open
 .text.lfs_mkdir
                0x0000000000041fc4      0x148 modules/littlefs/libmodules__littlefs.a(lfs.c.obj)
                0x0000000000041fc4                lfs_mkdir
 .text.lfs_dir_open
                0x000000000004210c       0x84 modules/littlefs/libmodules__littlefs.a(lfs.c.obj)
                0x000000000004210c                lfs_dir_open
 .text.lfs_dir_read
                0x0000000000042190       0x94 modules/littlefs/libmodules__littlefs.a(lfs.c.obj)
                0x0000000000042190                lfs_dir_read
 .text.lfs_crc  0x0000000000042224       0x38 modules/littlefs/libmodules__littlefs.a(zephyr_lfs_crc.c.obj)
                0x0000000000042224                lfs_crc
 .text.z_fatal_error
                0x000000000004225c       0x30 zephyr/kernel/libkernel.a(fatal.c.obj)
                0x000000000004225c                z_fatal_error
 .text.z_sys_init_run_level
                0x000000000004228c       0x2c zephyr/kernel/libkernel.a(init.c.obj)
 .text.bg_thread_main
                0x00000000000422b8       0xc4 zephyr/kernel/libkernel.a(init.c.obj)
 .text.z_bss_zero
                0x000000000004237c       0x18 zephyr/kernel/libkernel.a(init.c.obj)
                0x000000000004237c                z_bss_zero
 .text.z_init_cpu
                0x0000000000042394       0x70 zephyr/kernel/libkernel.a(init.c.obj)
                0x0000000000042394                z_init_cpu
 .text.z_cstart
                0x0000000000042404       0xdc zephyr/kernel/libkernel.a(init.c.obj)
                0x0000000000042404                z_cstart
 .text.statics_init
                0x00000000000424e0       0x24 zephyr/kernel/libkernel.a(kheap.c.obj)
 .text.init_mem_slab_obj_core_list
                0x0000000000042504       0x24 zephyr/kernel/libkernel.a(mem_slab.c.obj)
 .text.k_mem_slab_alloc
                0x0000000000042528       0x5c zephyr/kernel/libkernel.a(mem_slab.c.obj)
                0x0000000000042528                k_mem_slab_alloc
 .text.z_impl_k_mutex_lock
                0x0000000000042584       0xf0 zephyr/kernel/libkernel.a(mutex.c.obj)
                0x0000000000042584                z_impl_k_mutex_lock
 .text.z_impl_k_mutex_unlock
                0x0000000000042674       0x78 zephyr/kernel/libkernel.a(mutex.c.obj)
                0x0000000000042674                z_impl_k_mutex_unlock
 .text.z_impl_k_queue_get
                0x00000000000426ec       0x64 zephyr/kernel/libkernel.a(queue.c.obj)
                0x00000000000426ec                z_impl_k_queue_get
 .text.z_impl_k_sem_give
                0x0000000000042750       0x48 zephyr/kernel/libkernel.a(sem.c.obj)
                0x0000000000042750                z_impl_k_sem_give
 .text.z_impl_k_sem_take
                0x0000000000042798       0x4c zephyr/kernel/libkernel.a(sem.c.obj)
                0x0000000000042798                z_impl_k_sem_take
 .text.z_impl_k_sem_reset
                0x00000000000427e4       0x38 zephyr/kernel/libkernel.a(sem.c.obj)
                0x00000000000427e4                z_impl_k_sem_reset
 .text.work_queue_main
                0x000000000004281c      0x144 zephyr/kernel/libkernel.a(work.c.obj)
 .text.submit_to_queue_locked
                0x0000000000042960       0xb4 zephyr/kernel/libkernel.a(work.c.obj)
 .text.k_work_queue_start
                0x0000000000042a14       0x7c zephyr/kernel/libkernel.a(work.c.obj)
                0x0000000000042a14                k_work_queue_start
 .text.k_work_schedule_for_queue
                0x0000000000042a90       0x54 zephyr/kernel/libkernel.a(work.c.obj)
                0x0000000000042a90                k_work_schedule_for_queue
 .text.z_setup_new_thread
                0x0000000000042ae4       0x98 zephyr/kernel/libkernel.a(thread.c.obj)
                0x0000000000042ae4                z_setup_new_thread
 .text.z_impl_k_thread_create
                0x0000000000042b7c       0x58 zephyr/kernel/libkernel.a(thread.c.obj)
                0x0000000000042b7c                z_impl_k_thread_create
 .text.update_cache
                0x0000000000042bd4       0x3c zephyr/kernel/libkernel.a(sched.c.obj)
 .text.unready_thread
                0x0000000000042c10       0x30 zephyr/kernel/libkernel.a(sched.c.obj)
 .text.ready_thread
                0x0000000000042c40       0x68 zephyr/kernel/libkernel.a(sched.c.obj)
 .text.z_thread_halt
                0x0000000000042ca8       0xdc zephyr/kernel/libkernel.a(sched.c.obj)
 .text.move_thread_to_end_of_prio_q
                0x0000000000042d84       0x74 zephyr/kernel/libkernel.a(sched.c.obj)
                0x0000000000042d84                move_thread_to_end_of_prio_q
 .text.z_pend_curr
                0x0000000000042df8       0x58 zephyr/kernel/libkernel.a(sched.c.obj)
                0x0000000000042df8                z_pend_curr
 .text.z_thread_prio_set
                0x0000000000042e50       0x88 zephyr/kernel/libkernel.a(sched.c.obj)
                0x0000000000042e50                z_thread_prio_set
 .text.z_reschedule
                0x0000000000042ed8       0x24 zephyr/kernel/libkernel.a(sched.c.obj)
                0x0000000000042ed8                z_reschedule
 .text.z_sched_start
                0x0000000000042efc       0x3c zephyr/kernel/libkernel.a(sched.c.obj)
                0x0000000000042efc                z_sched_start
 .text.z_reschedule_irqlock
                0x0000000000042f38       0x28 zephyr/kernel/libkernel.a(sched.c.obj)
                0x0000000000042f38                z_reschedule_irqlock
 .text.k_sched_lock
                0x0000000000042f60       0x28 zephyr/kernel/libkernel.a(sched.c.obj)
                0x0000000000042f60                k_sched_lock
 .text.k_sched_unlock
                0x0000000000042f88       0x40 zephyr/kernel/libkernel.a(sched.c.obj)
                0x0000000000042f88                k_sched_unlock
 .text.z_sched_init
                0x0000000000042fc8       0x10 zephyr/kernel/libkernel.a(sched.c.obj)
                0x0000000000042fc8                z_sched_init
 .text.z_impl_k_yield
                0x0000000000042fd8       0x7c zephyr/kernel/libkernel.a(sched.c.obj)
                0x0000000000042fd8                z_impl_k_yield
 .text.z_tick_sleep
                0x0000000000043054       0x88 zephyr/kernel/libkernel.a(sched.c.obj)
 .text.z_impl_k_sleep
                0x00000000000430dc       0x3c zephyr/kernel/libkernel.a(sched.c.obj)
                0x00000000000430dc                z_impl_k_sleep
 .text.z_impl_k_usleep
                0x0000000000043118       0x3c zephyr/kernel/libkernel.a(sched.c.obj)
                0x0000000000043118                z_impl_k_usleep
 .text.z_impl_k_sched_current_thread_query
                0x0000000000043154        0xc zephyr/kernel/libkernel.a(sched.c.obj)
                0x0000000000043154                z_impl_k_sched_current_thread_query
 .text.z_sched_wait
                0x0000000000043160       0x24 zephyr/kernel/libkernel.a(sched.c.obj)
                0x0000000000043160                z_sched_wait
 .text.slice_timeout
                0x0000000000043184       0x20 zephyr/kernel/libkernel.a(timeslicing.c.obj)
 .text.thread_is_sliceable
                0x00000000000431a4       0x3c zephyr/kernel/libkernel.a(timeslicing.c.obj)
                0x00000000000431a4                thread_is_sliceable
 .text.z_reset_time_slice
                0x00000000000431e0       0x50 zephyr/kernel/libkernel.a(timeslicing.c.obj)
                0x00000000000431e0                z_reset_time_slice
 .text.z_time_slice
                0x0000000000043230       0x60 zephyr/kernel/libkernel.a(timeslicing.c.obj)
                0x0000000000043230                z_time_slice
 .text.z_data_copy
                0x0000000000043290       0x34 zephyr/kernel/libkernel.a(xip.c.obj)
                0x0000000000043290                z_data_copy
 .text.elapsed  0x00000000000432c4       0x14 zephyr/kernel/libkernel.a(timeout.c.obj)
 .text.remove_timeout
                0x00000000000432d8       0x38 zephyr/kernel/libkernel.a(timeout.c.obj)
 .text.next_timeout
                0x0000000000043310       0x40 zephyr/kernel/libkernel.a(timeout.c.obj)
 .text.z_add_timeout
                0x0000000000043350       0xf4 zephyr/kernel/libkernel.a(timeout.c.obj)
                0x0000000000043350                z_add_timeout
 .text.sys_clock_announce
                0x0000000000043444       0xd0 zephyr/kernel/libkernel.a(timeout.c.obj)
                0x0000000000043444                sys_clock_announce
 .text.sys_clock_tick_get
                0x0000000000043514       0x30 zephyr/kernel/libkernel.a(timeout.c.obj)
                0x0000000000043514                sys_clock_tick_get
 .text.z_thread_aligned_alloc
                0x0000000000043544       0x40 zephyr/kernel/libkernel.a(mempool.c.obj)
                0x0000000000043544                z_thread_aligned_alloc
 .text.boot_banner
                0x0000000000043584        0xc zephyr/kernel/libkernel.a(banner.c.obj)
                0x0000000000043584                boot_banner
 .text.k_sys_work_q_init
                0x0000000000043590       0x34 zephyr/kernel/libkernel.a(system_work_q.c.obj)
 .text.printf   0x00000000000435c4       0x24 /home/mhn/zephyr-sdk-0.16.8/arm-zephyr-eabi/bin/../lib/gcc/../../picolibc/arm-zephyr-eabi/lib/thumb/v7e-m/nofp/libc.a(libc_tinystdio_printf.c.o)
                0x00000000000435c4                printf
 .text.puts     0x00000000000435e8       0x40 /home/mhn/zephyr-sdk-0.16.8/arm-zephyr-eabi/bin/../lib/gcc/../../picolibc/arm-zephyr-eabi/lib/thumb/v7e-m/nofp/libc.a(libc_tinystdio_puts.c.o)
                0x00000000000435e8                puts
 .text.__l_vfprintf
                0x0000000000043628      0x4b8 /home/mhn/zephyr-sdk-0.16.8/arm-zephyr-eabi/bin/../lib/gcc/../../picolibc/arm-zephyr-eabi/lib/thumb/v7e-m/nofp/libc.a(libc_tinystdio_vflprintf.c.o)
                0x0000000000043628                __l_vfprintf
 .text._OffsetAbsSyms
                0x0000000000043ae0        0x2 zephyr/CMakeFiles/offsets.dir/./arch/arm/core/offsets/offsets.c.obj
                0x0000000000043ae0                _OffsetAbsSyms
 .text.custom_flash_sync
                0x0000000000043ae2        0x4 app/libapp.a(spi_flash.c.obj)
                0x0000000000043ae2                custom_flash_sync
 .text.chunk_size
                0x0000000000043ae6        0xa zephyr/libzephyr.a(heap.c.obj)
 .text.free_list_add
                0x0000000000043af0       0x4e zephyr/libzephyr.a(heap.c.obj)
 .text.free_list_remove_bidx
                0x0000000000043b3e       0x3a zephyr/libzephyr.a(heap.c.obj)
 .text.free_list_remove
                0x0000000000043b78       0x1a zephyr/libzephyr.a(heap.c.obj)
 .text.alloc_chunk
                0x0000000000043b92       0x6e zephyr/libzephyr.a(heap.c.obj)
 .text.merge_chunks
                0x0000000000043c00       0x2c zephyr/libzephyr.a(heap.c.obj)
 .text.split_chunks
                0x0000000000043c2c       0x34 zephyr/libzephyr.a(heap.c.obj)
 .text.free_chunk
                0x0000000000043c60       0x62 zephyr/libzephyr.a(heap.c.obj)
 .text.sys_heap_free
                0x0000000000043cc2       0x1e zephyr/libzephyr.a(heap.c.obj)
                0x0000000000043cc2                sys_heap_free
 .text.sys_heap_alloc
                0x0000000000043ce0       0x52 zephyr/libzephyr.a(heap.c.obj)
                0x0000000000043ce0                sys_heap_alloc
 .text.sys_heap_aligned_alloc
                0x0000000000043d32       0xd0 zephyr/libzephyr.a(heap.c.obj)
                0x0000000000043d32                sys_heap_aligned_alloc
 .text.sys_heap_init
                0x0000000000043e02       0x7a zephyr/libzephyr.a(heap.c.obj)
                0x0000000000043e02                sys_heap_init
 .text.arch_printk_char_out
                0x0000000000043e7c        0x4 zephyr/libzephyr.a(printk.c.obj)
                0x0000000000043e7c                arch_printk_char_out
 .text.printk   0x0000000000043e80       0x1a zephyr/libzephyr.a(printk.c.obj)
                0x0000000000043e80                printk
 .text.sys_slist_find_and_remove
                0x0000000000043e9a       0x36 zephyr/libzephyr.a(onoff.c.obj)
 .text.process_recheck
                0x0000000000043ed0       0x38 zephyr/libzephyr.a(onoff.c.obj)
 .text.validate_args
                0x0000000000043f08       0x20 zephyr/libzephyr.a(onoff.c.obj)
 .text.notify_one
                0x0000000000043f28       0x2c zephyr/libzephyr.a(onoff.c.obj)
 .text.transition_complete
                0x0000000000043f54       0x1a zephyr/libzephyr.a(onoff.c.obj)
 .text.onoff_manager_init
                0x0000000000043f6e       0x26 zephyr/libzephyr.a(onoff.c.obj)
                0x0000000000043f6e                onoff_manager_init
 .text.onoff_request
                0x0000000000043f94       0xae zephyr/libzephyr.a(onoff.c.obj)
                0x0000000000043f94                onoff_request
 .text.onoff_release
                0x0000000000044042       0x48 zephyr/libzephyr.a(onoff.c.obj)
                0x0000000000044042                onoff_release
 .text.onoff_cancel
                0x000000000004408a       0x36 zephyr/libzephyr.a(onoff.c.obj)
                0x000000000004408a                onoff_cancel
 .text.sys_notify_validate
                0x00000000000440c0       0x22 zephyr/libzephyr.a(notify.c.obj)
                0x00000000000440c0                sys_notify_validate
 .text.sys_notify_finalize
                0x00000000000440e2       0x1a zephyr/libzephyr.a(notify.c.obj)
                0x00000000000440e2                sys_notify_finalize
 .text.ring_buf_put_claim
                0x00000000000440fc       0x3e zephyr/libzephyr.a(ring_buffer.c.obj)
                0x00000000000440fc                ring_buf_put_claim
 .text.ring_buf_put_finish
                0x000000000004413a       0x2a zephyr/libzephyr.a(ring_buffer.c.obj)
                0x000000000004413a                ring_buf_put_finish
 .text.ring_buf_put
                0x0000000000044164       0x3e zephyr/libzephyr.a(ring_buffer.c.obj)
                0x0000000000044164                ring_buf_put
 .text.ring_buf_get_claim
                0x00000000000441a2       0x40 zephyr/libzephyr.a(ring_buffer.c.obj)
                0x00000000000441a2                ring_buf_get_claim
 .text.ring_buf_get_finish
                0x00000000000441e2       0x2a zephyr/libzephyr.a(ring_buffer.c.obj)
                0x00000000000441e2                ring_buf_get_finish
 .text.ring_buf_get
                0x000000000004420c       0x40 zephyr/libzephyr.a(ring_buffer.c.obj)
                0x000000000004420c                ring_buf_get
 .text._ConfigAbsSyms
                0x000000000004424c        0x2 zephyr/libzephyr.a(configs.c.obj)
                0x000000000004424c                _ConfigAbsSyms
 .text.flash_area_close
                0x000000000004424e        0x2 zephyr/libzephyr.a(flash_map.c.obj)
                0x000000000004424e                flash_area_close
 .text.flash_area_read
                0x0000000000044250       0x2a zephyr/libzephyr.a(flash_map.c.obj)
                0x0000000000044250                flash_area_read
 .text.flash_area_write
                0x000000000004427a       0x2a zephyr/libzephyr.a(flash_map.c.obj)
                0x000000000004427a                flash_area_write
 .text.flash_area_erase
                0x00000000000442a4       0x30 zephyr/libzephyr.a(flash_map.c.obj)
                0x00000000000442a4                flash_area_erase
 .text.flash_area_flatten
                0x00000000000442d4       0x26 zephyr/libzephyr.a(flash_map.c.obj)
                0x00000000000442d4                flash_area_flatten
 .text.flash_area_get_device
                0x00000000000442fa        0x4 zephyr/libzephyr.a(flash_map.c.obj)
                0x00000000000442fa                flash_area_get_device
 .text.get_ep_bm_from_addr
                0x00000000000442fe       0x1c zephyr/libzephyr.a(usb_device.c.obj)
 .text.usb_write
                0x000000000004431a       0x30 zephyr/libzephyr.a(usb_device.c.obj)
                0x000000000004431a                usb_write
 .text.usb_device_init
                0x000000000004434a        0x6 zephyr/libzephyr.a(usb_device.c.obj)
 .text.usb_get_dev_data_by_cfg
                0x0000000000044350       0x18 zephyr/libzephyr.a(usb_descriptor.c.obj)
                0x0000000000044350                usb_get_dev_data_by_cfg
 .text.usb_get_dev_data_by_iface
                0x0000000000044368       0x1c zephyr/libzephyr.a(usb_descriptor.c.obj)
                0x0000000000044368                usb_get_dev_data_by_iface
 .text.usb_get_dev_data_by_ep
                0x0000000000044384       0x2c zephyr/libzephyr.a(usb_descriptor.c.obj)
                0x0000000000044384                usb_get_dev_data_by_ep
 .text.usb_transfer_is_busy
                0x00000000000443b0       0x16 zephyr/libzephyr.a(usb_transfer.c.obj)
                0x00000000000443b0                usb_transfer_is_busy
 .text.cdc_interface_config
                0x00000000000443c6       0x14 zephyr/libzephyr.a(cdc_acm.c.obj)
 .text.cdc_acm_irq_callback_work_handler
                0x00000000000443da        0xa zephyr/libzephyr.a(cdc_acm.c.obj)
 .text.cdc_acm_irq_tx_disable
                0x00000000000443e4        0xa zephyr/libzephyr.a(cdc_acm.c.obj)
 .text.cdc_acm_irq_tx_ready
                0x00000000000443ee       0x1e zephyr/libzephyr.a(cdc_acm.c.obj)
 .text.cdc_acm_irq_rx_disable
                0x000000000004440c        0xa zephyr/libzephyr.a(cdc_acm.c.obj)
 .text.cdc_acm_irq_rx_ready
                0x0000000000044416        0xe zephyr/libzephyr.a(cdc_acm.c.obj)
 .text.cdc_acm_irq_is_pending
                0x0000000000044424       0x1c zephyr/libzephyr.a(cdc_acm.c.obj)
 .text.cdc_acm_irq_callback_set
                0x0000000000044440        0x8 zephyr/libzephyr.a(cdc_acm.c.obj)
 .text.cdc_acm_fifo_read
                0x0000000000044448       0x46 zephyr/libzephyr.a(cdc_acm.c.obj)
 .text.cdc_acm_poll_in
                0x000000000004448e       0x12 zephyr/libzephyr.a(cdc_acm.c.obj)
 .text.cdc_acm_irq_update
                0x00000000000444a0       0x2e zephyr/libzephyr.a(cdc_acm.c.obj)
 .text.z_impl_flash_flatten
                0x00000000000444ce       0x28 zephyr/libzephyr.a(flash_util.c.obj)
                0x00000000000444ce                z_impl_flash_flatten
 .text.z_arm_fatal_error
                0x00000000000444f6        0xc zephyr/arch/arch/arm/core/libarch__arm__core.a(fatal.c.obj)
                0x00000000000444f6                z_arm_fatal_error
 .text.z_do_kernel_oops
                0x0000000000044502        0x8 zephyr/arch/arch/arm/core/libarch__arm__core.a(fatal.c.obj)
                0x0000000000044502                z_do_kernel_oops
 .text.z_arm_nmi
                0x000000000004450a        0xe zephyr/arch/arch/arm/core/libarch__arm__core.a(nmi.c.obj)
                0x000000000004450a                z_arm_nmi
 .text.z_irq_spurious
                0x0000000000044518        0x8 zephyr/arch/arch/arm/core/cortex_m/libarch__arm__core__cortex_m.a(irq_manage.c.obj)
                0x0000000000044518                z_irq_spurious
 .text.arch_irq_unlock_outlined
                0x0000000000044520        0xe zephyr/arch/arch/arm/core/cortex_m/libarch__arm__core__cortex_m.a(thread.c.obj)
                0x0000000000044520                arch_irq_unlock_outlined
 .text.arch_cpu_idle
                0x000000000004452e       0x1a zephyr/arch/arch/arm/core/cortex_m/libarch__arm__core__cortex_m.a(cpu_idle.c.obj)
                0x000000000004452e                arch_cpu_idle
 .text.arch_cpu_atomic_idle
                0x0000000000044548       0x1e zephyr/arch/arch/arm/core/cortex_m/libarch__arm__core__cortex_m.a(cpu_idle.c.obj)
                0x0000000000044548                arch_cpu_atomic_idle
 .text.size_to_mpu_rasr_size
                0x0000000000044566       0x20 zephyr/arch/arch/arm/core/mpu/libarch__arm__core__mpu.a(arm_mpu.c.obj)
 .text.picolibc_put
                0x0000000000044586        0xa zephyr/lib/libc/picolibc/liblib__libc__picolibc.a(libc-hooks.c.obj)
 .text.lfs_api_sync
                0x0000000000044590        0x4 zephyr/subsys/fs/libsubsys__fs.a(littlefs_fs.c.obj)
 .text.get_page_cb
                0x0000000000044594       0x2c zephyr/subsys/fs/libsubsys__fs.a(littlefs_fs.c.obj)
 .text.lfs_api_erase
                0x00000000000445c0       0x14 zephyr/subsys/fs/libsubsys__fs.a(littlefs_fs.c.obj)
 .text.lfs_api_prog
                0x00000000000445d4       0x1c zephyr/subsys/fs/libsubsys__fs.a(littlefs_fs.c.obj)
 .text.lfs_api_read
                0x00000000000445f0       0x1c zephyr/subsys/fs/libsubsys__fs.a(littlefs_fs.c.obj)
 .text.fs_lock  0x000000000004460c       0x10 zephyr/subsys/fs/libsubsys__fs.a(littlefs_fs.c.obj)
 .text.k_mutex_unlock.isra.0
                0x000000000004461c        0x4 zephyr/subsys/fs/libsubsys__fs.a(littlefs_fs.c.obj)
 .text.littlefs_read
                0x0000000000044620       0x34 zephyr/subsys/fs/libsubsys__fs.a(littlefs_fs.c.obj)
 .text.littlefs_write
                0x0000000000044654       0x34 zephyr/subsys/fs/libsubsys__fs.a(littlefs_fs.c.obj)
 .text.littlefs_seek
                0x0000000000044688       0x36 zephyr/subsys/fs/libsubsys__fs.a(littlefs_fs.c.obj)
 .text.littlefs_tell
                0x00000000000446be       0x26 zephyr/subsys/fs/libsubsys__fs.a(littlefs_fs.c.obj)
 .text.littlefs_truncate
                0x00000000000446e4       0x30 zephyr/subsys/fs/libsubsys__fs.a(littlefs_fs.c.obj)
 .text.littlefs_sync
                0x0000000000044714       0x2c zephyr/subsys/fs/libsubsys__fs.a(littlefs_fs.c.obj)
 .text.littlefs_close
                0x0000000000044740       0x32 zephyr/subsys/fs/libsubsys__fs.a(littlefs_fs.c.obj)
 .text.littlefs_readdir
                0x0000000000044772       0x62 zephyr/subsys/fs/libsubsys__fs.a(littlefs_fs.c.obj)
 .text.littlefs_unmount
                0x00000000000447d4       0x36 zephyr/subsys/fs/libsubsys__fs.a(littlefs_fs.c.obj)
 .text.littlefs_unlink
                0x000000000004480a       0x34 zephyr/subsys/fs/libsubsys__fs.a(littlefs_fs.c.obj)
 .text.littlefs_rename
                0x000000000004483e       0x42 zephyr/subsys/fs/libsubsys__fs.a(littlefs_fs.c.obj)
 .text.littlefs_mkdir
                0x0000000000044880       0x34 zephyr/subsys/fs/libsubsys__fs.a(littlefs_fs.c.obj)
 .text.littlefs_statvfs
                0x00000000000448b4       0x56 zephyr/subsys/fs/libsubsys__fs.a(littlefs_fs.c.obj)
 .text.littlefs_stat
                0x000000000004490a       0x62 zephyr/subsys/fs/libsubsys__fs.a(littlefs_fs.c.obj)
 .text.ep_ctx_reset
                0x000000000004496c       0x26 zephyr/drivers/usb/device/libdrivers__usb__device.a(usb_dc_nrfx.c.obj)
 .text.k_mutex_lock.constprop.0.isra.0
                0x0000000000044992        0x4 zephyr/drivers/usb/device/libdrivers__usb__device.a(usb_dc_nrfx.c.obj)
 .text.k_mutex_unlock.isra.0
                0x0000000000044996        0x4 zephyr/drivers/usb/device/libdrivers__usb__device.a(usb_dc_nrfx.c.obj)
 .text.usb_dc_ep_check_cap
                0x000000000004499a       0x2a zephyr/drivers/usb/device/libdrivers__usb__device.a(usb_dc_nrfx.c.obj)
                0x000000000004499a                usb_dc_ep_check_cap
 .text.usb_dc_ep_disable
                0x00000000000449c4       0x32 zephyr/drivers/usb/device/libdrivers__usb__device.a(usb_dc_nrfx.c.obj)
                0x00000000000449c4                usb_dc_ep_disable
 .text.usb_dc_ep_read
                0x00000000000449f6       0x1e zephyr/drivers/usb/device/libdrivers__usb__device.a(usb_dc_nrfx.c.obj)
                0x00000000000449f6                usb_dc_ep_read
 .text.ep2bit   0x0000000000044a14       0x10 zephyr/drivers/usb/common/nrf_usbd_common/libdrivers__usb__common__nrf_usbd_common.a(nrf_usbd_common.c.obj)
 .text.nrf_usbd_common_ep_max_packet_size_set
                0x0000000000044a24        0xa zephyr/drivers/usb/common/nrf_usbd_common/libdrivers__usb__common__nrf_usbd_common.a(nrf_usbd_common.c.obj)
                0x0000000000044a24                nrf_usbd_common_ep_max_packet_size_set
 .text.nrf_usbd_common_ep_status_get
                0x0000000000044a2e       0x2c zephyr/drivers/usb/common/nrf_usbd_common/libdrivers__usb__common__nrf_usbd_common.a(nrf_usbd_common.c.obj)
                0x0000000000044a2e                nrf_usbd_common_ep_status_get
 .text.get_status
                0x0000000000044a5a       0x12 zephyr/drivers/clock_control/libdrivers__clock_control.a(clock_control_nrf.c.obj)
 .text.stop     0x0000000000044a6c       0x52 zephyr/drivers/clock_control/libdrivers__clock_control.a(clock_control_nrf.c.obj)
 .text.api_stop
                0x0000000000044abe        0x6 zephyr/drivers/clock_control/libdrivers__clock_control.a(clock_control_nrf.c.obj)
 .text.async_start
                0x0000000000044ac4       0x5c zephyr/drivers/clock_control/libdrivers__clock_control.a(clock_control_nrf.c.obj)
 .text.api_start
                0x0000000000044b20        0xe zephyr/drivers/clock_control/libdrivers__clock_control.a(clock_control_nrf.c.obj)
 .text.onoff_started_callback
                0x0000000000044b2e       0x12 zephyr/drivers/clock_control/libdrivers__clock_control.a(clock_control_nrf.c.obj)
 .text.lfclk_start
                0x0000000000044b40        0x6 zephyr/drivers/clock_control/libdrivers__clock_control.a(clock_control_nrf.c.obj)
 .text.lfclk_stop
                0x0000000000044b46        0x6 zephyr/drivers/clock_control/libdrivers__clock_control.a(clock_control_nrf.c.obj)
 .text.blocking_start_callback
                0x0000000000044b4c        0x6 zephyr/drivers/clock_control/libdrivers__clock_control.a(clock_control_nrf.c.obj)
 .text.qspi_handler
                0x0000000000044b52        0xc zephyr/drivers/flash/libdrivers__flash.a(nrf_qspi_nor.c.obj)
 .text.qspi_send_cmd.constprop.0
                0x0000000000044b5e       0x62 zephyr/drivers/flash/libdrivers__flash.a(nrf_qspi_nor.c.obj)
 .text.qspi_nor_write_protection_set.isra.0
                0x0000000000044bc0       0x2a zephyr/drivers/flash/libdrivers__flash.a(nrf_qspi_nor.c.obj)
 .text.qspi_rdsr.isra.0
                0x0000000000044bea       0x3c zephyr/drivers/flash/libdrivers__flash.a(nrf_qspi_nor.c.obj)
 .text.qspi_wait_while_writing.isra.0
                0x0000000000044c26       0x22 zephyr/drivers/flash/libdrivers__flash.a(nrf_qspi_nor.c.obj)
 .text.qspi_release
                0x0000000000044c48       0x36 zephyr/drivers/flash/libdrivers__flash.a(nrf_qspi_nor.c.obj)
 .text.qspi_acquire
                0x0000000000044c7e       0x28 zephyr/drivers/flash/libdrivers__flash.a(nrf_qspi_nor.c.obj)
 .text.qspi_read_jedec_id
                0x0000000000044ca6       0x36 zephyr/drivers/flash/libdrivers__flash.a(nrf_qspi_nor.c.obj)
 .text.is_regular_addr_valid
                0x0000000000044cdc       0x22 zephyr/drivers/flash/libdrivers__flash.a(soc_flash_nrf.c.obj)
 .text.flash_nrf_read
                0x0000000000044cfe       0x28 zephyr/drivers/flash/libdrivers__flash.a(soc_flash_nrf.c.obj)
 .text.flash_page_foreach
                0x0000000000044d26       0x58 zephyr/drivers/flash/libdrivers__flash.a(flash_page_layout.c.obj)
                0x0000000000044d26                flash_page_foreach
 .text.gpio_nrfx_port_get_raw
                0x0000000000044d7e        0xe zephyr/drivers/gpio/libdrivers__gpio.a(gpio_nrfx.c.obj)
 .text.gpio_nrfx_port_set_masked_raw
                0x0000000000044d8c       0x18 zephyr/drivers/gpio/libdrivers__gpio.a(gpio_nrfx.c.obj)
 .text.gpio_nrfx_port_set_bits_raw
                0x0000000000044da4        0xc zephyr/drivers/gpio/libdrivers__gpio.a(gpio_nrfx.c.obj)
 .text.gpio_nrfx_port_clear_bits_raw
                0x0000000000044db0        0xc zephyr/drivers/gpio/libdrivers__gpio.a(gpio_nrfx.c.obj)
 .text.gpio_nrfx_port_toggle_bits
                0x0000000000044dbc       0x1a zephyr/drivers/gpio/libdrivers__gpio.a(gpio_nrfx.c.obj)
 .text.gpio_nrfx_manage_callback
                0x0000000000044dd6       0x52 zephyr/drivers/gpio/libdrivers__gpio.a(gpio_nrfx.c.obj)
 .text.z_impl_hwinfo_get_device_id
                0x0000000000044e28       0x28 zephyr/drivers/hwinfo/libdrivers__hwinfo.a(hwinfo_nrf.c.obj)
                0x0000000000044e28                z_impl_hwinfo_get_device_id
 .text.pinctrl_lookup_state
                0x0000000000044e50       0x26 zephyr/drivers/pinctrl/libdrivers__pinctrl.a(common.c.obj)
                0x0000000000044e50                pinctrl_lookup_state
 .text.uarte_nrfx_err_check
                0x0000000000044e76        0xe zephyr/drivers/serial/libdrivers__serial.a(uart_nrfx_uarte.c.obj)
 .text.tx_start
                0x0000000000044e84       0x3e zephyr/drivers/serial/libdrivers__serial.a(uart_nrfx_uarte.c.obj)
 .text.uarte_nrfx_poll_in
                0x0000000000044ec2       0x28 zephyr/drivers/serial/libdrivers__serial.a(uart_nrfx_uarte.c.obj)
 .text.uarte_nrfx_fifo_read
                0x0000000000044eea       0x2e zephyr/drivers/serial/libdrivers__serial.a(uart_nrfx_uarte.c.obj)
 .text.uarte_nrfx_irq_tx_enable
                0x0000000000044f18       0x34 zephyr/drivers/serial/libdrivers__serial.a(uart_nrfx_uarte.c.obj)
 .text.uarte_nrfx_irq_tx_disable
                0x0000000000044f4c       0x10 zephyr/drivers/serial/libdrivers__serial.a(uart_nrfx_uarte.c.obj)
 .text.uarte_nrfx_irq_tx_ready_complete
                0x0000000000044f5c       0x1e zephyr/drivers/serial/libdrivers__serial.a(uart_nrfx_uarte.c.obj)
 .text.uarte_nrfx_irq_rx_ready
                0x0000000000044f7a       0x10 zephyr/drivers/serial/libdrivers__serial.a(uart_nrfx_uarte.c.obj)
 .text.uarte_nrfx_irq_rx_enable
                0x0000000000044f8a        0xc zephyr/drivers/serial/libdrivers__serial.a(uart_nrfx_uarte.c.obj)
 .text.uarte_nrfx_irq_rx_disable
                0x0000000000044f96        0xc zephyr/drivers/serial/libdrivers__serial.a(uart_nrfx_uarte.c.obj)
 .text.uarte_nrfx_irq_err_enable
                0x0000000000044fa2        0xe zephyr/drivers/serial/libdrivers__serial.a(uart_nrfx_uarte.c.obj)
 .text.uarte_nrfx_irq_err_disable
                0x0000000000044fb0        0xe zephyr/drivers/serial/libdrivers__serial.a(uart_nrfx_uarte.c.obj)
 .text.uarte_nrfx_irq_is_pending
                0x0000000000044fbe       0x36 zephyr/drivers/serial/libdrivers__serial.a(uart_nrfx_uarte.c.obj)
 .text.uarte_nrfx_irq_update
                0x0000000000044ff4        0x4 zephyr/drivers/serial/libdrivers__serial.a(uart_nrfx_uarte.c.obj)
 .text.uarte_nrfx_irq_callback_set
                0x0000000000044ff8        0xc zephyr/drivers/serial/libdrivers__serial.a(uart_nrfx_uarte.c.obj)
 .text.is_tx_ready.isra.0
                0x0000000000045004       0x20 zephyr/drivers/serial/libdrivers__serial.a(uart_nrfx_uarte.c.obj)
 .text.uarte_nrfx_fifo_fill
                0x0000000000045024       0x76 zephyr/drivers/serial/libdrivers__serial.a(uart_nrfx_uarte.c.obj)
 .text.uarte_nrfx_isr_int
                0x000000000004509a       0xbc zephyr/drivers/serial/libdrivers__serial.a(uart_nrfx_uarte.c.obj)
 .text.irq_connect2
                0x0000000000045156        0xa zephyr/drivers/spi/libdrivers__spi.a(spi_nrfx_spi.c.obj)
 .text.spi_context_get_next_buf.constprop.0
                0x0000000000045160       0x26 zephyr/drivers/spi/libdrivers__spi.a(spi_nrfx_spi.c.obj)
 .text.gpio_pin_set_dt.isra.0
                0x0000000000045186       0x28 zephyr/drivers/spi/libdrivers__spi.a(spi_nrfx_spi.c.obj)
 .text.spi_context_unlock_unconditionally
                0x00000000000451ae       0x30 zephyr/drivers/spi/libdrivers__spi.a(spi_nrfx_spi.c.obj)
 .text.spi_nrfx_release
                0x00000000000451de       0x24 zephyr/drivers/spi/libdrivers__spi.a(spi_nrfx_spi.c.obj)
 .text.spi_nrfx_init
                0x0000000000045202       0xc6 zephyr/drivers/spi/libdrivers__spi.a(spi_nrfx_spi.c.obj)
 .text.event_handler
                0x00000000000452c8       0x9c zephyr/drivers/spi/libdrivers__spi.a(spi_nrfx_spi.c.obj)
 .text.spi_nrfx_wake_request
                0x0000000000045364       0x50 zephyr/drivers/spi/libdrivers__spi.a(spi_nrfx_common.c.obj)
                0x0000000000045364                spi_nrfx_wake_request
 .text.event_clear
                0x00000000000453b4       0x18 zephyr/drivers/timer/libdrivers__timer.a(nrf_rtc_timer.c.obj)
 .text.sys_clock_cycle_get_32
                0x00000000000453cc        0x8 zephyr/drivers/timer/libdrivers__timer.a(nrf_rtc_timer.c.obj)
                0x00000000000453cc                sys_clock_cycle_get_32
 .text.nrfx_isr
                0x00000000000453d4        0x2 modules/hal_nordic/nrfx/libmodules__hal_nordic__nrfx.a(nrfx_glue.c.obj)
                0x00000000000453d4                nrfx_isr
 .text.nrfx_busy_wait
                0x00000000000453d6        0x4 modules/hal_nordic/nrfx/libmodules__hal_nordic__nrfx.a(nrfx_glue.c.obj)
                0x00000000000453d6                nrfx_busy_wait
 .text.nrfx_gppi_channel_endpoints_setup
                0x00000000000453da       0x14 modules/hal_nordic/nrfx/libmodules__hal_nordic__nrfx.a(nrfx_gppi_ppi.c.obj)
                0x00000000000453da                nrfx_gppi_channel_endpoints_setup
 .text.nrfx_gppi_channel_alloc
                0x00000000000453ee        0x4 modules/hal_nordic/nrfx/libmodules__hal_nordic__nrfx.a(nrfx_gppi_ppi.c.obj)
                0x00000000000453ee                nrfx_gppi_channel_alloc
 .text.nrfx_clock_stop
                0x00000000000453f2        0x4 modules/hal_nordic/nrfx/libmodules__hal_nordic__nrfx.a(nrfx_clock.c.obj)