Archive member included to satisfy reference by file (symbol)

app/libapp.a(main.c.obj)      (--whole-archive)
zephyr/libzephyr.a(heap.c.obj)
                              (--whole-archive)
zephyr/libzephyr.a(cbprintf_packaged.c.obj)
                              (--whole-archive)
zephyr/libzephyr.a(printk.c.obj)
                              (--whole-archive)
zephyr/libzephyr.a(sem.c.obj)
                              (--whole-archive)
zephyr/libzephyr.a(thread_entry.c.obj)
                              (--whole-archive)
zephyr/libzephyr.a(cbprintf_complete.c.obj)
                              (--whole-archive)
zephyr/libzephyr.a(assert.c.obj)
                              (--whole-archive)
zephyr/libzephyr.a(dec.c.obj)
                              (--whole-archive)
zephyr/libzephyr.a(hex.c.obj)
                              (--whole-archive)
zephyr/libzephyr.a(rb.c.obj)  (--whole-archive)
zephyr/libzephyr.a(timeutil.c.obj)
                              (--whole-archive)
zephyr/libzephyr.a(bitarray.c.obj)
                              (--whole-archive)
zephyr/libzephyr.a(onoff.c.obj)
                              (--whole-archive)
zephyr/libzephyr.a(notify.c.obj)
                              (--whole-archive)
zephyr/libzephyr.a(ring_buffer.c.obj)
                              (--whole-archive)
zephyr/libzephyr.a(configs.c.obj)
                              (--whole-archive)
zephyr/libzephyr.a(mem_attr.c.obj)
                              (--whole-archive)
zephyr/libzephyr.a(tracing_none.c.obj)
                              (--whole-archive)
zephyr/libzephyr.a(usb_device.c.obj)
                              (--whole-archive)
zephyr/libzephyr.a(usb_descriptor.c.obj)
                              (--whole-archive)
zephyr/libzephyr.a(usb_transfer.c.obj)
                              (--whole-archive)
zephyr/libzephyr.a(cdc_acm.c.obj)
                              (--whole-archive)
zephyr/libzephyr.a(usb_work_q.c.obj)
                              (--whole-archive)
zephyr/arch/common/libarch__common.a(sw_isr_common.c.obj)
                              (--whole-archive)
zephyr/arch/arch/arm/core/libarch__arm__core.a(fatal.c.obj)
                              (--whole-archive)
zephyr/arch/arch/arm/core/libarch__arm__core.a(nmi.c.obj)
                              (--whole-archive)
zephyr/arch/arch/arm/core/libarch__arm__core.a(nmi_on_reset.S.obj)
                              (--whole-archive)
zephyr/arch/arch/arm/core/libarch__arm__core.a(tls.c.obj)
                              (--whole-archive)
zephyr/arch/arch/arm/core/cortex_m/libarch__arm__core__cortex_m.a(exc_exit.c.obj)
                              (--whole-archive)
zephyr/arch/arch/arm/core/cortex_m/libarch__arm__core__cortex_m.a(fault.c.obj)
                              (--whole-archive)
zephyr/arch/arch/arm/core/cortex_m/libarch__arm__core__cortex_m.a(fault_s.S.obj)
                              (--whole-archive)
zephyr/arch/arch/arm/core/cortex_m/libarch__arm__core__cortex_m.a(fpu.c.obj)
                              (--whole-archive)
zephyr/arch/arch/arm/core/cortex_m/libarch__arm__core__cortex_m.a(reset.S.obj)
                              (--whole-archive)
zephyr/arch/arch/arm/core/cortex_m/libarch__arm__core__cortex_m.a(scb.c.obj)
                              (--whole-archive)
zephyr/arch/arch/arm/core/cortex_m/libarch__arm__core__cortex_m.a(thread_abort.c.obj)
                              (--whole-archive)
zephyr/arch/arch/arm/core/cortex_m/libarch__arm__core__cortex_m.a(vector_table.S.obj)
                              (--whole-archive)
zephyr/arch/arch/arm/core/cortex_m/libarch__arm__core__cortex_m.a(swap.c.obj)
                              (--whole-archive)
zephyr/arch/arch/arm/core/cortex_m/libarch__arm__core__cortex_m.a(swap_helper.S.obj)
                              (--whole-archive)
zephyr/arch/arch/arm/core/cortex_m/libarch__arm__core__cortex_m.a(irq_manage.c.obj)
                              (--whole-archive)
zephyr/arch/arch/arm/core/cortex_m/libarch__arm__core__cortex_m.a(prep_c.c.obj)
                              (--whole-archive)
zephyr/arch/arch/arm/core/cortex_m/libarch__arm__core__cortex_m.a(thread.c.obj)
                              (--whole-archive)
zephyr/arch/arch/arm/core/cortex_m/libarch__arm__core__cortex_m.a(cpu_idle.c.obj)
                              (--whole-archive)
zephyr/arch/arch/arm/core/cortex_m/libarch__arm__core__cortex_m.a(irq_init.c.obj)
                              (--whole-archive)
zephyr/arch/arch/arm/core/cortex_m/libarch__arm__core__cortex_m.a(isr_wrapper.c.obj)
                              (--whole-archive)
zephyr/arch/arch/arm/core/cortex_m/libarch__arm__core__cortex_m.a(__aeabi_read_tp.S.obj)
                              (--whole-archive)
zephyr/arch/arch/arm/core/mpu/libarch__arm__core__mpu.a(arm_core_mpu.c.obj)
                              (--whole-archive)
zephyr/arch/arch/arm/core/mpu/libarch__arm__core__mpu.a(arm_mpu.c.obj)
                              (--whole-archive)
[...]
Memory Configuration

Name             Origin             Length             Attributes
FLASH            0x0000000000038000 0x0000000000057000 xr
RAM              0x0000000020000000 0x0000000000040000 xw
IDT_LIST         0x00000000ffff7fff 0x0000000000008000 xw
*default*        0x0000000000000000 0xffffffffffffffff

Linker script and memory map

                0x000000000003eca0                vfprintf = __l_vfprintf
                0x0000000000000000                vfscanf = __l_vfscanf
LOAD zephyr/CMakeFiles/zephyr_final.dir/misc/empty_file.c.obj
LOAD zephyr/CMakeFiles/zephyr_final.dir/isr_tables.c.obj
LOAD zephyr/CMakeFiles/offsets.dir/./arch/arm/core/offsets/offsets.c.obj
LOAD app/libapp.a
LOAD zephyr/libzephyr.a
LOAD zephyr/arch/common/libarch__common.a
LOAD zephyr/arch/arch/arm/core/libarch__arm__core.a
LOAD zephyr/arch/arch/arm/core/cortex_m/libarch__arm__core__cortex_m.a
LOAD zephyr/arch/arch/arm/core/mpu/libarch__arm__core__mpu.a
LOAD zephyr/lib/libc/picolibc/liblib__libc__picolibc.a
LOAD zephyr/lib/libc/common/liblib__libc__common.a
LOAD zephyr/soc/soc/nrf52840/libsoc__nordic.a
LOAD zephyr/drivers/usb/device/libdrivers__usb__device.a
LOAD zephyr/drivers/usb/common/nrf_usbd_common/libdrivers__usb__common__nrf_usbd_common.a
LOAD zephyr/drivers/clock_control/libdrivers__clock_control.a
LOAD zephyr/drivers/console/libdrivers__console.a
LOAD zephyr/drivers/gpio/libdrivers__gpio.a
LOAD zephyr/drivers/hwinfo/libdrivers__hwinfo.a
LOAD zephyr/drivers/pinctrl/libdrivers__pinctrl.a
LOAD zephyr/drivers/serial/libdrivers__serial.a
LOAD zephyr/drivers/timer/libdrivers__timer.a
LOAD modules/hal_nordic/nrfx/libmodules__hal_nordic__nrfx.a
LOAD zephyr/kernel/libkernel.a
LOAD zephyr/arch/common/libisr_tables.a
LOAD /home/mhn/zephyr-sdk-0.16.8/arm-zephyr-eabi/bin/../lib/gcc/../../picolibc/arm-zephyr-eabi/lib/thumb/v7e-m/nofp/libc.a
LOAD /home/mhn/zephyr-sdk-0.16.8/arm-zephyr-eabi/bin/../lib/gcc/arm-zephyr-eabi/12.2.0/thumb/v7e-m/nofp/libgcc.a
                0x0000000000000020                _region_min_align = 0x20

.rel.plt        0x0000000000038000        0x0
 *(SORT_BY_ALIGNMENT(.rel.plt))
                [!provide]                        PROVIDE (__rel_iplt_start = .)
 *(SORT_BY_ALIGNMENT(.rel.iplt))
 .rel.iplt      0x0000000000038000        0x0 zephyr/CMakeFiles/zephyr_final.dir/isr_tables.c.obj
                [!provide]                        PROVIDE (__rel_iplt_end = .)

.rela.plt       0x0000000000000000        0x0
 *(SORT_BY_ALIGNMENT(.rela.plt))
                [!provide]                        PROVIDE (__rela_iplt_start = .)
 *(SORT_BY_ALIGNMENT(.rela.iplt))
                [!provide]                        PROVIDE (__rela_iplt_end = .)

.rel.dyn
 *(SORT_BY_ALIGNMENT(.rel.*))

.rela.dyn
 *(SORT_BY_ALIGNMENT(.rela.*))

/DISCARD/
 *(SORT_BY_ALIGNMENT(.plt))

/DISCARD/
 *(SORT_BY_ALIGNMENT(.iplt))
                0x0000000000038000                __rom_region_start = 0x38000

rom_start       0x0000000000038000      0x300
                0x0000000000038000                __rom_start_address = .
 FILL mask 0x00
                0x0000000000038200                . = (. + (0x200 - (. - __rom_start_address)))
 *fill*         0x0000000000038000      0x200 00
                0x0000000000038200                . = ALIGN (0x4)
                0x0000000000038200                . = ALIGN (0x80)
                0x0000000000038200                . = ALIGN (0x100)
                0x0000000000038200                _vector_start = .
 *(SORT_BY_ALIGNMENT(.exc_vector_table))
 *(SORT_BY_ALIGNMENT(.exc_vector_table.*))
 .exc_vector_table._vector_table_section
                0x0000000000038200       0x40 zephyr/arch/arch/arm/core/cortex_m/libarch__arm__core__cortex_m.a(vector_table.S.obj)
                0x0000000000038200                _vector_table
 *(SORT_BY_ALIGNMENT(.vectors))
                0x0000000000038300                _vector_end = .
                0x0000000000038240                . = ALIGN (0x4)
 *(SORT_BY_ALIGNMENT(.gnu.linkonce.irq_vector_table*))
 .gnu.linkonce.irq_vector_table
                0x0000000000038240       0xc0 zephyr/CMakeFiles/zephyr_final.dir/isr_tables.c.obj
                0x0000000000038240                _irq_vector_table
                0x0000000000038300                _vector_end = .

text            0x0000000000038300     0x8730
                0x0000000000038300                __text_region_start = .
 *(SORT_BY_ALIGNMENT(.text))
 .text          0x0000000000038300       0x30 /home/mhn/zephyr-sdk-0.16.8/arm-zephyr-eabi/bin/../lib/gcc/arm-zephyr-eabi/12.2.0/thumb/v7e-m/nofp/libgcc.a(_aeabi_uldivmod.o)
                0x0000000000038300                __aeabi_uldivmod
 .text          0x0000000000038330        0x4 /home/mhn/zephyr-sdk-0.16.8/arm-zephyr-eabi/bin/../lib/gcc/arm-zephyr-eabi/12.2.0/thumb/v7e-m/nofp/libgcc.a(_dvmd_tls.o)
                0x0000000000038330                __aeabi_ldiv0
                0x0000000000038330                __aeabi_idiv0
 .text          0x0000000000038334       0x10 /home/mhn/zephyr-sdk-0.16.8/arm-zephyr-eabi/bin/../lib/gcc/../../picolibc/arm-zephyr-eabi/lib/thumb/v7e-m/nofp/libc.a(strlen.S.o)
                0x0000000000038334                strlen
 .text          0x0000000000038344      0x2a0 /home/mhn/zephyr-sdk-0.16.8/arm-zephyr-eabi/bin/../lib/gcc/arm-zephyr-eabi/12.2.0/thumb/v7e-m/nofp/libgcc.a(_udivmoddi4.o)
                0x0000000000038344                __udivmoddi4
 *(SORT_BY_ALIGNMENT(.text.*))
 .text.reset_to_uf2
                0x00000000000385e4       0x2c app/libapp.a(main.c.obj)
                0x00000000000385e4                reset_to_uf2
 .text.main     0x0000000000038610       0xac app/libapp.a(main.c.obj)
                0x0000000000038610                main
 .text.char_out
                0x00000000000386bc        0xc zephyr/libzephyr.a(printk.c.obj)
 .text.__printk_hook_install
                0x00000000000386c8        0xc zephyr/libzephyr.a(printk.c.obj)
                0x00000000000386c8                __printk_hook_install
 .text.vprintk  0x00000000000386d4       0x30 zephyr/libzephyr.a(printk.c.obj)
                0x00000000000386d4                vprintk
 .text.z_thread_entry
                0x0000000000038704       0x34 zephyr/libzephyr.a(thread_entry.c.obj)
                0x0000000000038704                z_thread_entry
 .text.process_event
                0x0000000000038738      0x21c zephyr/libzephyr.a(onoff.c.obj)
 .text.mem_attr_get_regions
                0x0000000000038954        0xc zephyr/libzephyr.a(mem_attr.c.obj)
                0x0000000000038954                mem_attr_get_regions
 .text.class_handler
                0x0000000000038960       0x40 zephyr/libzephyr.a(usb_device.c.obj)
 .text.custom_handler
                0x00000000000389a0       0x60 zephyr/libzephyr.a(usb_device.c.obj)
 .text.vendor_handler
                0x0000000000038a00       0x3c zephyr/libzephyr.a(usb_device.c.obj)
 .text.disable_endpoint
                0x0000000000038a3c       0x2c zephyr/libzephyr.a(usb_device.c.obj)
 .text.usb_reset_alt_setting
                0x0000000000038a68       0x10 zephyr/libzephyr.a(usb_device.c.obj)
 .text.is_ep_valid.part.0
                0x0000000000038a78       0x38 zephyr/libzephyr.a(usb_device.c.obj)
 .text.usb_handle_request.constprop.0
                0x0000000000038ab0       0x2c zephyr/libzephyr.a(usb_device.c.obj)
 .text.forward_status_cb
                0x0000000000038adc       0xac zephyr/libzephyr.a(usb_device.c.obj)
 .text.usb_halt_endpoint_req.isra.0
                0x0000000000038b88       0x50 zephyr/libzephyr.a(usb_device.c.obj)
 .text.set_endpoint
                0x0000000000038bd8       0x84 zephyr/libzephyr.a(usb_device.c.obj)
 .text.usb_handle_standard_request
                0x0000000000038c5c      0x2ec zephyr/libzephyr.a(usb_device.c.obj)
 .text.usb_data_to_host
                0x0000000000038f48       0x60 zephyr/libzephyr.a(usb_device.c.obj)
 .text.usb_handle_control_transfer
                0x0000000000038fa8       0xdc zephyr/libzephyr.a(usb_device.c.obj)
 .text.usb_set_config
                0x0000000000039084       0x2c zephyr/libzephyr.a(usb_device.c.obj)
                0x0000000000039084                usb_set_config
 .text.usb_enable
                0x00000000000390b0      0x13c zephyr/libzephyr.a(usb_device.c.obj)
                0x00000000000390b0                usb_enable
 .text.usb_update_sn_string_descriptor
                0x00000000000391ec       0x88 zephyr/libzephyr.a(usb_descriptor.c.obj)
                0x00000000000391ec                usb_update_sn_string_descriptor
 .text.usb_get_device_descriptor
                0x0000000000039274      0x1e4 zephyr/libzephyr.a(usb_descriptor.c.obj)
                0x0000000000039274                usb_get_device_descriptor
 .text.usb_ep_get_transfer
                0x0000000000039458       0x2c zephyr/libzephyr.a(usb_transfer.c.obj)
 .text.usb_transfer_work
                0x0000000000039484      0x100 zephyr/libzephyr.a(usb_transfer.c.obj)
 .text.usb_transfer_ep_callback
                0x0000000000039584       0x5c zephyr/libzephyr.a(usb_transfer.c.obj)
                0x0000000000039584                usb_transfer_ep_callback
 .text.usb_transfer
                0x00000000000395e0       0xe0 zephyr/libzephyr.a(usb_transfer.c.obj)
                0x00000000000395e0                usb_transfer
 .text.usb_cancel_transfer
                0x00000000000396c0       0x3c zephyr/libzephyr.a(usb_transfer.c.obj)
                0x00000000000396c0                usb_cancel_transfer
 .text.usb_cancel_transfers
                0x00000000000396fc       0x44 zephyr/libzephyr.a(usb_transfer.c.obj)
                0x00000000000396fc                usb_cancel_transfers
 .text.usb_transfer_init
                0x0000000000039740       0x34 zephyr/libzephyr.a(usb_transfer.c.obj)
                0x0000000000039740                usb_transfer_init
 .text.cdc_acm_class_handle_req
                0x0000000000039774       0x64 zephyr/libzephyr.a(cdc_acm.c.obj)
                0x0000000000039774                cdc_acm_class_handle_req
 .text.cdc_acm_int_in
                0x00000000000397d8       0x18 zephyr/libzephyr.a(cdc_acm.c.obj)
 .text.cdc_acm_irq_rx_enable
                0x00000000000397f0       0x20 zephyr/libzephyr.a(cdc_acm.c.obj)
 .text.cdc_acm_irq_tx_enable
                0x0000000000039810       0x20 zephyr/libzephyr.a(cdc_acm.c.obj)
 .text.cdc_acm_write_cb
                0x0000000000039830       0x54 zephyr/libzephyr.a(cdc_acm.c.obj)
 .text.cdc_acm_fifo_fill
                0x0000000000039884       0x3c zephyr/libzephyr.a(cdc_acm.c.obj)
 .text.cdc_acm_reset_port
                0x00000000000398c0       0x3c zephyr/libzephyr.a(cdc_acm.c.obj)
 .text.tx_work_handler
                0x00000000000398fc       0x64 zephyr/libzephyr.a(cdc_acm.c.obj)
 .text.cdc_acm_init
                0x0000000000039960       0x48 zephyr/libzephyr.a(cdc_acm.c.obj)
 .text.cdc_acm_poll_out
                0x00000000000399a8       0x70 zephyr/libzephyr.a(cdc_acm.c.obj)
 .text.cdc_acm_read_cb
                0x0000000000039a18       0x74 zephyr/libzephyr.a(cdc_acm.c.obj)
 .text.cdc_acm_dev_status_cb
                0x0000000000039a8c       0x84 zephyr/libzephyr.a(cdc_acm.c.obj)
 .text.z_usb_work_q_init
                0x0000000000039b10       0x34 zephyr/libzephyr.a(usb_work_q.c.obj)
 .text.z_SysNmiOnReset
                0x0000000000039b44        0x8 zephyr/arch/arch/arm/core/libarch__arm__core.a(nmi_on_reset.S.obj)
                0x0000000000039b44                z_SysNmiOnReset
 .text.arch_tls_stack_setup
                0x0000000000039b4c       0x40 zephyr/arch/arch/arm/core/libarch__arm__core.a(tls.c.obj)
                0x0000000000039b4c                arch_tls_stack_setup
 .text._HandlerModeExit
                0x0000000000039b8c       0x28 zephyr/arch/arch/arm/core/cortex_m/libarch__arm__core__cortex_m.a(exc_exit.c.obj)
                0x0000000000039b8c                z_arm_exc_exit
                0x0000000000039b8c                z_arm_int_exit
 .text.mem_manage_fault
                0x0000000000039bb4       0xa0 zephyr/arch/arch/arm/core/cortex_m/libarch__arm__core__cortex_m.a(fault.c.obj)
 .text.usage_fault.constprop.0
                0x0000000000039c54       0x54 zephyr/arch/arch/arm/core/cortex_m/libarch__arm__core__cortex_m.a(fault.c.obj)
 .text.bus_fault.constprop.0
                0x0000000000039ca8       0x6c zephyr/arch/arch/arm/core/cortex_m/libarch__arm__core__cortex_m.a(fault.c.obj)
 .text.z_arm_fault
                0x0000000000039d14      0x128 zephyr/arch/arch/arm/core/cortex_m/libarch__arm__core__cortex_m.a(fault.c.obj)
                0x0000000000039d14                z_arm_fault
 .text.z_arm_fault_init
                0x0000000000039e3c       0x18 zephyr/arch/arch/arm/core/cortex_m/libarch__arm__core__cortex_m.a(fault.c.obj)
                0x0000000000039e3c                z_arm_fault_init
 .text.__fault  0x0000000000039e54       0x14 zephyr/arch/arch/arm/core/cortex_m/libarch__arm__core__cortex_m.a(fault_s.S.obj)
                0x0000000000039e54                z_arm_bus_fault
                0x0000000000039e54                z_arm_usage_fault
                0x0000000000039e54                z_arm_mpu_fault
                0x0000000000039e54                z_arm_exc_spurious
                0x0000000000039e54                z_arm_debug_monitor
                0x0000000000039e54                z_arm_hard_fault
 .text._reset_section
                0x0000000000039e68       0x54 zephyr/arch/arch/arm/core/cortex_m/libarch__arm__core__cortex_m.a(reset.S.obj)
                0x0000000000039e68                z_arm_reset
                0x0000000000039e68                __start
 .text.z_arm_clear_arm_mpu_config
                0x0000000000039ebc       0x24 zephyr/arch/arch/arm/core/cortex_m/libarch__arm__core__cortex_m.a(scb.c.obj)
                0x0000000000039ebc                z_arm_clear_arm_mpu_config
 .text.z_arm_init_arch_hw_at_boot
                0x0000000000039ee0       0x64 zephyr/arch/arch/arm/core/cortex_m/libarch__arm__core__cortex_m.a(scb.c.obj)
                0x0000000000039ee0                z_arm_init_arch_hw_at_boot
 .text.z_impl_k_thread_abort
                0x0000000000039f44       0x2c zephyr/arch/arch/arm/core/cortex_m/libarch__arm__core__cortex_m.a(thread_abort.c.obj)
                0x0000000000039f44                z_impl_k_thread_abort
 .text.arch_swap
                0x0000000000039f70       0x30 zephyr/arch/arch/arm/core/cortex_m/libarch__arm__core__cortex_m.a(swap.c.obj)
                0x0000000000039f70                arch_swap
 .text.z_arm_pendsv_c
                0x0000000000039fa0       0x48 zephyr/arch/arch/arm/core/cortex_m/libarch__arm__core__cortex_m.a(swap.c.obj)
                0x0000000000039fa0                z_arm_pendsv_c
 .text.z_arm_pendsv
                0x0000000000039fe8       0x34 zephyr/arch/arch/arm/core/cortex_m/libarch__arm__core__cortex_m.a(swap_helper.S.obj)
                0x0000000000039fe8                z_arm_pendsv
 .text.z_arm_svc
                0x000000000003a01c       0x20 zephyr/arch/arch/arm/core/cortex_m/libarch__arm__core__cortex_m.a(swap_helper.S.obj)
                0x000000000003a01c                z_arm_svc
 .text.arch_irq_enable
                0x000000000003a03c       0x1c zephyr/arch/arch/arm/core/cortex_m/libarch__arm__core__cortex_m.a(irq_manage.c.obj)
                0x000000000003a03c                arch_irq_enable
 .text.arch_irq_disable
                0x000000000003a058       0x28 zephyr/arch/arch/arm/core/cortex_m/libarch__arm__core__cortex_m.a(irq_manage.c.obj)
                0x000000000003a058                arch_irq_disable
 .text.arch_irq_is_enabled
                0x000000000003a080       0x1c zephyr/arch/arch/arm/core/cortex_m/libarch__arm__core__cortex_m.a(irq_manage.c.obj)
                0x000000000003a080                arch_irq_is_enabled
 .text.z_arm_irq_priority_set
                0x000000000003a09c       0x30 zephyr/arch/arch/arm/core/cortex_m/libarch__arm__core__cortex_m.a(irq_manage.c.obj)
                0x000000000003a09c                z_arm_irq_priority_set
 .text.z_prep_c
                0x000000000003a0cc       0x38 zephyr/arch/arch/arm/core/cortex_m/libarch__arm__core__cortex_m.a(prep_c.c.obj)
                0x000000000003a0cc                z_prep_c
 .text.arch_new_thread
                0x000000000003a104       0x38 zephyr/arch/arch/arm/core/cortex_m/libarch__arm__core__cortex_m.a(thread.c.obj)
                0x000000000003a104                arch_new_thread
 .text.z_check_thread_stack_fail
                0x000000000003a13c       0x2c zephyr/arch/arch/arm/core/cortex_m/libarch__arm__core__cortex_m.a(thread.c.obj)
                0x000000000003a13c                z_check_thread_stack_fail
 .text.arch_switch_to_main_thread
                0x000000000003a168       0x44 zephyr/arch/arch/arm/core/cortex_m/libarch__arm__core__cortex_m.a(thread.c.obj)
                0x000000000003a168                arch_switch_to_main_thread
 .text.z_arm_cpu_idle_init
                0x000000000003a1ac        0xc zephyr/arch/arch/arm/core/cortex_m/libarch__arm__core__cortex_m.a(cpu_idle.c.obj)
                0x000000000003a1ac                z_arm_cpu_idle_init
 .text.z_arm_interrupt_init
                0x000000000003a1b8       0x18 zephyr/arch/arch/arm/core/cortex_m/libarch__arm__core__cortex_m.a(irq_init.c.obj)
                0x000000000003a1b8                z_arm_interrupt_init
 .text._isr_wrapper
                0x000000000003a1d0       0x24 zephyr/arch/arch/arm/core/cortex_m/libarch__arm__core__cortex_m.a(isr_wrapper.c.obj)
                0x000000000003a1d0                _isr_wrapper
 .text.z_arm_configure_static_mpu_regions
                0x000000000003a1f4       0x18 zephyr/arch/arch/arm/core/mpu/libarch__arm__core__mpu.a(arm_core_mpu.c.obj)
                0x000000000003a1f4                z_arm_configure_static_mpu_regions
 .text.z_arm_configure_dynamic_mpu_regions
                0x000000000003a20c       0x20 zephyr/arch/arch/arm/core/mpu/libarch__arm__core__mpu.a(arm_core_mpu.c.obj)
                0x000000000003a20c                z_arm_configure_dynamic_mpu_regions
 .text.region_init
                0x000000000003a22c       0x28 zephyr/arch/arch/arm/core/mpu/libarch__arm__core__mpu.a(arm_mpu.c.obj)
 .text.mpu_configure_regions
                0x000000000003a254       0x6c zephyr/arch/arch/arm/core/mpu/libarch__arm__core__mpu.a(arm_mpu.c.obj)
 .text.arm_core_mpu_enable
                0x000000000003a2c0       0x18 zephyr/arch/arch/arm/core/mpu/libarch__arm__core__mpu.a(arm_mpu.c.obj)
                0x000000000003a2c0                arm_core_mpu_enable
 .text.arm_core_mpu_disable
                0x000000000003a2d8       0x14 zephyr/arch/arch/arm/core/mpu/libarch__arm__core__mpu.a(arm_mpu.c.obj)
                0x000000000003a2d8                arm_core_mpu_disable
 .text.arm_core_mpu_configure_static_mpu_regions
                0x000000000003a2ec       0x14 zephyr/arch/arch/arm/core/mpu/libarch__arm__core__mpu.a(arm_mpu.c.obj)
                0x000000000003a2ec                arm_core_mpu_configure_static_mpu_regions
 .text.arm_core_mpu_configure_dynamic_mpu_regions
                0x000000000003a300       0x38 zephyr/arch/arch/arm/core/mpu/libarch__arm__core__mpu.a(arm_mpu.c.obj)
                0x000000000003a300                arm_core_mpu_configure_dynamic_mpu_regions
 .text.z_arm_mpu_init
                0x000000000003a338      0x168 zephyr/arch/arch/arm/core/mpu/libarch__arm__core__mpu.a(arm_mpu.c.obj)
                0x000000000003a338                z_arm_mpu_init
 .text.z_impl_zephyr_fputc
                0x000000000003a4a0       0x10 zephyr/lib/libc/picolibc/liblib__libc__picolibc.a(libc-hooks.c.obj)
                0x000000000003a4a0                z_impl_zephyr_fputc
 .text.__stdout_hook_install
                0x000000000003a4b0       0x18 zephyr/lib/libc/picolibc/liblib__libc__picolibc.a(libc-hooks.c.obj)
                0x000000000003a4b0                __stdout_hook_install
 .text.malloc_prepare
                0x000000000003a4c8       0x24 zephyr/lib/libc/common/liblib__libc__common.a(malloc.c.obj)
 .text.nordicsemi_nrf52_init
                0x000000000003a4ec       0x44 zephyr/soc/soc/nrf52840/libsoc__nordic.a(soc.c.obj)
 .text.arch_busy_wait
                0x000000000003a530       0x14 zephyr/soc/soc/nrf52840/libsoc__nordic.a(soc.c.obj)
                0x000000000003a530                arch_busy_wait
 .text.endpoint_ctx
                0x000000000003a544       0x60 zephyr/drivers/usb/device/libdrivers__usb__device.a(usb_dc_nrfx.c.obj)
 .text.usbd_work_schedule
                0x000000000003a5a4       0x10 zephyr/drivers/usb/device/libdrivers__usb__device.a(usb_dc_nrfx.c.obj)
 .text.usbd_evt_put
                0x000000000003a5b4        0xc zephyr/drivers/usb/device/libdrivers__usb__device.a(usb_dc_nrfx.c.obj)
 .text.usbd_evt_get
                0x000000000003a5c0       0x10 zephyr/drivers/usb/device/libdrivers__usb__device.a(usb_dc_nrfx.c.obj)
 .text.usb_init
                0x000000000003a5d0       0x70 zephyr/drivers/usb/device/libdrivers__usb__device.a(usb_dc_nrfx.c.obj)
 .text.hfxo_stop.constprop.0.isra.0
                0x000000000003a640       0x40 zephyr/drivers/usb/device/libdrivers__usb__device.a(usb_dc_nrfx.c.obj)
 .text.eps_ctx_init
                0x000000000003a680       0x68 zephyr/drivers/usb/device/libdrivers__usb__device.a(usb_dc_nrfx.c.obj)
 .text.usbd_evt_flush
                0x000000000003a6e8       0x1c zephyr/drivers/usb/device/libdrivers__usb__device.a(usb_dc_nrfx.c.obj)
 .text.usbd_evt_alloc
                0x000000000003a704       0x44 zephyr/drivers/usb/device/libdrivers__usb__device.a(usb_dc_nrfx.c.obj)
 .text.usb_dc_power_event_handler
                0x000000000003a748       0x34 zephyr/drivers/usb/device/libdrivers__usb__device.a(usb_dc_nrfx.c.obj)
 .text.usbd_event_transfer_data
                0x000000000003a77c       0xa8 zephyr/drivers/usb/device/libdrivers__usb__device.a(usb_dc_nrfx.c.obj)
 .text.usbd_event_handler
                0x000000000003a824      0x11c zephyr/drivers/usb/device/libdrivers__usb__device.a(usb_dc_nrfx.c.obj)
 .text.usbd_work_handler
                0x000000000003a940      0x2e0 zephyr/drivers/usb/device/libdrivers__usb__device.a(usb_dc_nrfx.c.obj)
 .text.usb_dc_attach
                0x000000000003ac20       0x64 zephyr/drivers/usb/device/libdrivers__usb__device.a(usb_dc_nrfx.c.obj)
                0x000000000003ac20                usb_dc_attach
 .text.usb_dc_set_address
                0x000000000003ac84       0x24 zephyr/drivers/usb/device/libdrivers__usb__device.a(usb_dc_nrfx.c.obj)
                0x000000000003ac84                usb_dc_set_address
 .text.usb_dc_ep_configure
                0x000000000003aca8       0x48 zephyr/drivers/usb/device/libdrivers__usb__device.a(usb_dc_nrfx.c.obj)
                0x000000000003aca8                usb_dc_ep_configure
 .text.usb_dc_ep_set_stall
                0x000000000003acf0       0x50 zephyr/drivers/usb/device/libdrivers__usb__device.a(usb_dc_nrfx.c.obj)
                0x000000000003acf0                usb_dc_ep_set_stall
 .text.usb_dc_ep_clear_stall
                0x000000000003ad40       0x40 zephyr/drivers/usb/device/libdrivers__usb__device.a(usb_dc_nrfx.c.obj)
                0x000000000003ad40                usb_dc_ep_clear_stall
 .text.usb_dc_ep_is_stalled
                0x000000000003ad80       0x38 zephyr/drivers/usb/device/libdrivers__usb__device.a(usb_dc_nrfx.c.obj)
                0x000000000003ad80                usb_dc_ep_is_stalled
 .text.usb_dc_ep_enable
                0x000000000003adb8       0x54 zephyr/drivers/usb/device/libdrivers__usb__device.a(usb_dc_nrfx.c.obj)
                0x000000000003adb8                usb_dc_ep_enable
 .text.usb_dc_ep_write
                0x000000000003ae0c       0xf8 zephyr/drivers/usb/device/libdrivers__usb__device.a(usb_dc_nrfx.c.obj)
                0x000000000003ae0c                usb_dc_ep_write
 .text.usb_dc_ep_read_wait
                0x000000000003af04       0x90 zephyr/drivers/usb/device/libdrivers__usb__device.a(usb_dc_nrfx.c.obj)
                0x000000000003af04                usb_dc_ep_read_wait
 .text.usb_dc_ep_read_continue
                0x000000000003af94       0x84 zephyr/drivers/usb/device/libdrivers__usb__device.a(usb_dc_nrfx.c.obj)
                0x000000000003af94                usb_dc_ep_read_continue
 .text.usb_dc_ep_set_callback
                0x000000000003b018       0x28 zephyr/drivers/usb/device/libdrivers__usb__device.a(usb_dc_nrfx.c.obj)
                0x000000000003b018                usb_dc_ep_set_callback
 .text.usb_dc_set_status_callback
                0x000000000003b040        0xc zephyr/drivers/usb/device/libdrivers__usb__device.a(usb_dc_nrfx.c.obj)
                0x000000000003b040                usb_dc_set_status_callback
 .text.usb_dc_ep_mps
                0x000000000003b04c       0x24 zephyr/drivers/usb/device/libdrivers__usb__device.a(usb_dc_nrfx.c.obj)
                0x000000000003b04c                usb_dc_ep_mps
 .text.nrf52_errata_187
                0x000000000003b070       0x28 zephyr/drivers/usb/common/nrf_usbd_common/libdrivers__usb__common__nrf_usbd_common.a(nrf_usbd_common.c.obj)
 .text.ep_state_access
                0x000000000003b098       0x20 zephyr/drivers/usb/common/nrf_usbd_common/libdrivers__usb__common__nrf_usbd_common.a(nrf_usbd_common.c.obj)
 .text.usbd_errata_187_211_begin
                0x000000000003b0b8       0x3c zephyr/drivers/usb/common/nrf_usbd_common/libdrivers__usb__common__nrf_usbd_common.a(nrf_usbd_common.c.obj)
 .text.usbd_errata_187_211_end
                0x000000000003b0f4       0x3c zephyr/drivers/usb/common/nrf_usbd_common/libdrivers__usb__common__nrf_usbd_common.a(nrf_usbd_common.c.obj)
 .text.usbd_dma_pending_clear
                0x000000000003b130       0x1c zephyr/drivers/usb/common/nrf_usbd_common/libdrivers__usb__common__nrf_usbd_common.a(nrf_usbd_common.c.obj)
 .text.nrf_usbd_common_uninit
                0x000000000003b14c       0x14 zephyr/drivers/usb/common/nrf_usbd_common/libdrivers__usb__common__nrf_usbd_common.a(nrf_usbd_common.c.obj)
                0x000000000003b14c                nrf_usbd_common_uninit
 .text.nrf_usbd_common_enable
                0x000000000003b160      0x148 zephyr/drivers/usb/common/nrf_usbd_common/libdrivers__usb__common__nrf_usbd_common.a(nrf_usbd_common.c.obj)
                0x000000000003b160                nrf_usbd_common_enable
 .text.nrf_usbd_common_start
                0x000000000003b2a8       0x38 zephyr/drivers/usb/common/nrf_usbd_common/libdrivers__usb__common__nrf_usbd_common.a(nrf_usbd_common.c.obj)
                0x000000000003b2a8                nrf_usbd_common_start
 .text.nrf_usbd_common_is_enabled
                0x000000000003b2e0       0x14 zephyr/drivers/usb/common/nrf_usbd_common/libdrivers__usb__common__nrf_usbd_common.a(nrf_usbd_common.c.obj)
                0x000000000003b2e0                nrf_usbd_common_is_enabled
 .text.nrf_usbd_common_suspend
                0x000000000003b2f4       0x50 zephyr/drivers/usb/common/nrf_usbd_common/libdrivers__usb__common__nrf_usbd_common.a(nrf_usbd_common.c.obj)
                0x000000000003b2f4                nrf_usbd_common_suspend
 .text.nrf_usbd_common_init
                0x000000000003b344       0x84 zephyr/drivers/usb/common/nrf_usbd_common/libdrivers__usb__common__nrf_usbd_common.a(nrf_usbd_common.c.obj)
                0x000000000003b344                nrf_usbd_common_init
 .text.nrf_usbd_common_ep_enable_check
                0x000000000003b3c8       0x28 zephyr/drivers/usb/common/nrf_usbd_common/libdrivers__usb__common__nrf_usbd_common.a(nrf_usbd_common.c.obj)
                0x000000000003b3c8                nrf_usbd_common_ep_enable_check
 .text.nrf_usbd_common_ep_transfer
                0x000000000003b3f0       0x98 zephyr/drivers/usb/common/nrf_usbd_common/libdrivers__usb__common__nrf_usbd_common.a(nrf_usbd_common.c.obj)
                0x000000000003b3f0                nrf_usbd_common_ep_transfer
 .text.nrf_usbd_common_epout_size_get
                0x000000000003b488       0x28 zephyr/drivers/usb/common/nrf_usbd_common/libdrivers__usb__common__nrf_usbd_common.a(nrf_usbd_common.c.obj)
                0x000000000003b488                nrf_usbd_common_epout_size_get
 .text.nrf_usbd_common_irq_handler
                0x000000000003b4b0      0x48c zephyr/drivers/usb/common/nrf_usbd_common/libdrivers__usb__common__nrf_usbd_common.a(nrf_usbd_common.c.obj)
                0x000000000003b4b0                nrf_usbd_common_irq_handler
 .text.nrf_usbd_common_ep_stall
                0x000000000003b93c       0x10 zephyr/drivers/usb/common/nrf_usbd_common/libdrivers__usb__common__nrf_usbd_common.a(nrf_usbd_common.c.obj)
                0x000000000003b93c                nrf_usbd_common_ep_stall
 .text.nrf_usbd_common_ep_stall_check
                0x000000000003b94c       0x34 zephyr/drivers/usb/common/nrf_usbd_common/libdrivers__usb__common__nrf_usbd_common.a(nrf_usbd_common.c.obj)
                0x000000000003b94c                nrf_usbd_common_ep_stall_check
 .text.nrf_usbd_common_ep_dtoggle_clear
                0x000000000003b980       0x14 zephyr/drivers/usb/common/nrf_usbd_common/libdrivers__usb__common__nrf_usbd_common.a(nrf_usbd_common.c.obj)
                0x000000000003b980                nrf_usbd_common_ep_dtoggle_clear
 .text.nrf_usbd_common_setup_get
                0x000000000003b994       0x44 zephyr/drivers/usb/common/nrf_usbd_common/libdrivers__usb__common__nrf_usbd_common.a(nrf_usbd_common.c.obj)
                0x000000000003b994                nrf_usbd_common_setup_get
 .text.nrf_usbd_common_setup_data_clear
                0x000000000003b9d8        0xc zephyr/drivers/usb/common/nrf_usbd_common/libdrivers__usb__common__nrf_usbd_common.a(nrf_usbd_common.c.obj)
                0x000000000003b9d8                nrf_usbd_common_setup_data_clear
 .text.nrf_usbd_common_setup_clear
                0x000000000003b9e4        0xc zephyr/drivers/usb/common/nrf_usbd_common/libdrivers__usb__common__nrf_usbd_common.a(nrf_usbd_common.c.obj)
                0x000000000003b9e4                nrf_usbd_common_setup_clear
 .text.nrf_usbd_common_setup_stall
                0x000000000003b9f0        0xc zephyr/drivers/usb/common/nrf_usbd_common/libdrivers__usb__common__nrf_usbd_common.a(nrf_usbd_common.c.obj)
                0x000000000003b9f0                nrf_usbd_common_setup_stall
 .text.nrf_usbd_common_last_setup_dir_get
                0x000000000003b9fc        0xc zephyr/drivers/usb/common/nrf_usbd_common/libdrivers__usb__common__nrf_usbd_common.a(nrf_usbd_common.c.obj)
                0x000000000003b9fc                nrf_usbd_common_last_setup_dir_get
 .text.nrf_usbd_common_transfer_out_drop
                0x000000000003ba08       0x4c zephyr/drivers/usb/common/nrf_usbd_common/libdrivers__usb__common__nrf_usbd_common.a(nrf_usbd_common.c.obj)
                0x000000000003ba08                nrf_usbd_common_transfer_out_drop
 .text.usbd_ep_abort
                0x000000000003ba54       0xf0 zephyr/drivers/usb/common/nrf_usbd_common/libdrivers__usb__common__nrf_usbd_common.a(nrf_usbd_common.c.obj)
 .text.nrf_usbd_common_ep_abort
                0x000000000003bb44       0x34 zephyr/drivers/usb/common/nrf_usbd_common/libdrivers__usb__common__nrf_usbd_common.a(nrf_usbd_common.c.obj)
                0x000000000003bb44                nrf_usbd_common_ep_abort
 .text.nrf_usbd_common_disable
                0x000000000003bb78       0xd4 zephyr/drivers/usb/common/nrf_usbd_common/libdrivers__usb__common__nrf_usbd_common.a(nrf_usbd_common.c.obj)
                0x000000000003bb78                nrf_usbd_common_disable
 .text.nrf_usbd_common_ep_disable
                0x000000000003bc4c       0x60 zephyr/drivers/usb/common/nrf_usbd_common/libdrivers__usb__common__nrf_usbd_common.a(nrf_usbd_common.c.obj)
                0x000000000003bc4c                nrf_usbd_common_ep_disable
 .text.nrf_usbd_common_ep_enable
                0x000000000003bcac       0x70 zephyr/drivers/usb/common/nrf_usbd_common/libdrivers__usb__common__nrf_usbd_common.a(nrf_usbd_common.c.obj)
                0x000000000003bcac                nrf_usbd_common_ep_enable
 .text.nrf_usbd_common_ep_stall_clear
                0x000000000003bd1c       0x20 zephyr/drivers/usb/common/nrf_usbd_common/libdrivers__usb__common__nrf_usbd_common.a(nrf_usbd_common.c.obj)
                0x000000000003bd1c                nrf_usbd_common_ep_stall_clear
 .text.onoff_stop
                0x000000000003bd3c       0x30 zephyr/drivers/clock_control/libdrivers__clock_control.a(clock_control_nrf.c.obj)
 .text.onoff_start
                0x000000000003bd6c       0x44 zephyr/drivers/clock_control/libdrivers__clock_control.a(clock_control_nrf.c.obj)
 .text.generic_hfclk_stop
                0x000000000003bdb0       0x34 zephyr/drivers/clock_control/libdrivers__clock_control.a(clock_control_nrf.c.obj)
 .text.clk_init
                0x000000000003bde4       0x58 zephyr/drivers/clock_control/libdrivers__clock_control.a(clock_control_nrf.c.obj)
 .text.api_blocking_start
                0x000000000003be3c       0x34 zephyr/drivers/clock_control/libdrivers__clock_control.a(clock_control_nrf.c.obj)
 .text.clkstarted_handle.constprop.0
                0x000000000003be70       0x4c zephyr/drivers/clock_control/libdrivers__clock_control.a(clock_control_nrf.c.obj)
 .text.generic_hfclk_start
                0x000000000003bebc       0x78 zephyr/drivers/clock_control/libdrivers__clock_control.a(clock_control_nrf.c.obj)
 .text.clock_event_handler
                0x000000000003bf34       0x1c zephyr/drivers/clock_control/libdrivers__clock_control.a(clock_control_nrf.c.obj)
 .text.z_nrf_clock_control_get_onoff
                0x000000000003bf50       0x10 zephyr/drivers/clock_control/libdrivers__clock_control.a(clock_control_nrf.c.obj)
                0x000000000003bf50                z_nrf_clock_control_get_onoff
 .text.z_nrf_clock_control_lf_on
                0x000000000003bf60       0xfc zephyr/drivers/clock_control/libdrivers__clock_control.a(clock_control_nrf.c.obj)
                0x000000000003bf60                z_nrf_clock_control_lf_on
 .text.uart_console_init
                0x000000000003c05c       0x28 zephyr/drivers/console/libdrivers__console.a(uart_console.c.obj)
 .text.console_out
                0x000000000003c084       0x28 zephyr/drivers/console/libdrivers__console.a(uart_console.c.obj)
 .text.gpio_nrfx_pin_interrupt_configure
                0x000000000003c0ac      0x100 zephyr/drivers/gpio/libdrivers__gpio.a(gpio_nrfx.c.obj)
 .text.gpio_nrfx_init
                0x000000000003c1ac       0x48 zephyr/drivers/gpio/libdrivers__gpio.a(gpio_nrfx.c.obj)
 .text.nrfx_gpio_handler
                0x000000000003c1f4       0x4c zephyr/drivers/gpio/libdrivers__gpio.a(gpio_nrfx.c.obj)
 .text.gpio_nrfx_pin_configure
                0x000000000003c240      0x18c zephyr/drivers/gpio/libdrivers__gpio.a(gpio_nrfx.c.obj)
 .text.nrf_gpio_pin_port_decode
                0x000000000003c3cc       0x20 zephyr/drivers/pinctrl/libdrivers__pinctrl.a(pinctrl_nrf.c.obj)
 .text.pinctrl_configure_pins
                0x000000000003c3ec      0x1a4 zephyr/drivers/pinctrl/libdrivers__pinctrl.a(pinctrl_nrf.c.obj)
                0x000000000003c3ec                pinctrl_configure_pins
 .text.uarte_0_init
                0x000000000003c590       0xdc zephyr/drivers/serial/libdrivers__serial.a(uart_nrfx_uarte.c.obj)
 .text.uarte_nrfx_poll_out
                0x000000000003c66c       0x98 zephyr/drivers/serial/libdrivers__serial.a(uart_nrfx_uarte.c.obj)
 .text.compare_int_lock
                0x000000000003c704       0x48 zephyr/drivers/timer/libdrivers__timer.a(nrf_rtc_timer.c.obj)
 .text.sys_clock_timeout_handler
                0x000000000003c74c       0x48 zephyr/drivers/timer/libdrivers__timer.a(nrf_rtc_timer.c.obj)
 .text.compare_int_unlock
                0x000000000003c794       0x5c zephyr/drivers/timer/libdrivers__timer.a(nrf_rtc_timer.c.obj)
 .text.z_nrf_rtc_timer_read
                0x000000000003c7f0       0x44 zephyr/drivers/timer/libdrivers__timer.a(nrf_rtc_timer.c.obj)
                0x000000000003c7f0                z_nrf_rtc_timer_read
 .text.compare_set
                0x000000000003c834      0x130 zephyr/drivers/timer/libdrivers__timer.a(nrf_rtc_timer.c.obj)
 .text.sys_clock_driver_init
                0x000000000003c964       0x90 zephyr/drivers/timer/libdrivers__timer.a(nrf_rtc_timer.c.obj)
 .text.rtc_nrf_isr
                0x000000000003c9f4       0xd4 zephyr/drivers/timer/libdrivers__timer.a(nrf_rtc_timer.c.obj)
                0x000000000003c9f4                rtc_nrf_isr
 .text.sys_clock_set_timeout
                0x000000000003cac8       0x5c zephyr/drivers/timer/libdrivers__timer.a(nrf_rtc_timer.c.obj)
                0x000000000003cac8                sys_clock_set_timeout
 .text.sys_clock_elapsed
                0x000000000003cb24       0x14 zephyr/drivers/timer/libdrivers__timer.a(nrf_rtc_timer.c.obj)
                0x000000000003cb24                sys_clock_elapsed
 .text.nrf52_errata_98
                0x000000000003cb38       0x24 modules/hal_nordic/nrfx/libmodules__hal_nordic__nrfx.a(system_nrf52840.c.obj)
 .text.nvmc_wait
                0x000000000003cb5c       0x10 modules/hal_nordic/nrfx/libmodules__hal_nordic__nrfx.a(system_nrf52840.c.obj)
                0x000000000003cb5c                nvmc_wait
 .text.SystemInit
                0x000000000003cb6c      0x1bc modules/hal_nordic/nrfx/libmodules__hal_nordic__nrfx.a(system_nrf52840.c.obj)
                0x000000000003cb6c                SystemInit
 .text.nrfx_flag32_alloc
                0x000000000003cd28       0x48 modules/hal_nordic/nrfx/libmodules__hal_nordic__nrfx.a(nrfx_flag32_allocator.c.obj)
                0x000000000003cd28                nrfx_flag32_alloc
 .text.nrfx_flag32_free
                0x000000000003cd70       0x40 modules/hal_nordic/nrfx/libmodules__hal_nordic__nrfx.a(nrfx_flag32_allocator.c.obj)
                0x000000000003cd70                nrfx_flag32_free
 .text.nrfx_gppi_channels_enable
                0x000000000003cdb0        0xc modules/hal_nordic/nrfx/libmodules__hal_nordic__nrfx.a(nrfx_gppi_ppi.c.obj)
                0x000000000003cdb0                nrfx_gppi_channels_enable
 .text.clock_stop
                0x000000000003cdbc       0xc4 modules/hal_nordic/nrfx/libmodules__hal_nordic__nrfx.a(nrfx_clock.c.obj)
 .text.nrfx_clock_init
                0x000000000003ce80       0x20 modules/hal_nordic/nrfx/libmodules__hal_nordic__nrfx.a(nrfx_clock.c.obj)
                0x000000000003ce80                nrfx_clock_init
 .text.nrfx_clock_enable
                0x000000000003cea0       0x30 modules/hal_nordic/nrfx/libmodules__hal_nordic__nrfx.a(nrfx_clock.c.obj)
                0x000000000003cea0                nrfx_clock_enable
 .text.nrfx_clock_start
                0x000000000003ced0       0xa8 modules/hal_nordic/nrfx/libmodules__hal_nordic__nrfx.a(nrfx_clock.c.obj)
                0x000000000003ced0                nrfx_clock_start
 .text.nrfx_clock_irq_handler
                0x000000000003cf78       0x68 modules/hal_nordic/nrfx/libmodules__hal_nordic__nrfx.a(nrfx_clock.c.obj)
                0x000000000003cf78                nrfx_clock_irq_handler
 .text.nrf_gpio_pin_port_decode
                0x000000000003cfe0       0x20 modules/hal_nordic/nrfx/libmodules__hal_nordic__nrfx.a(nrfx_gpiote.c.obj)
 .text.get_pin_idx
                0x000000000003d000       0x14 modules/hal_nordic/nrfx/libmodules__hal_nordic__nrfx.a(nrfx_gpiote.c.obj)
 .text.call_handler.constprop.0
                0x000000000003d014       0x40 modules/hal_nordic/nrfx/libmodules__hal_nordic__nrfx.a(nrfx_gpiote.c.obj)
 .text.pin_te_get.constprop.0
                0x000000000003d054       0x18 modules/hal_nordic/nrfx/libmodules__hal_nordic__nrfx.a(nrfx_gpiote.c.obj)
 .text.pin_is_output.constprop.0
                0x000000000003d06c       0x18 modules/hal_nordic/nrfx/libmodules__hal_nordic__nrfx.a(nrfx_gpiote.c.obj)
 .text.pin_in_use_by_te.constprop.0
                0x000000000003d084       0x18 modules/hal_nordic/nrfx/libmodules__hal_nordic__nrfx.a(nrfx_gpiote.c.obj)
 .text.latch_pending_read_and_check
                0x000000000003d09c       0x40 modules/hal_nordic/nrfx/libmodules__hal_nordic__nrfx.a(nrfx_gpiote.c.obj)
 .text.release_handler.isra.0
                0x000000000003d0dc       0x58 modules/hal_nordic/nrfx/libmodules__hal_nordic__nrfx.a(nrfx_gpiote.c.obj)
 .text.__nrfy_internal_gpiote_events_process.constprop.0
                0x000000000003d134       0x5c modules/hal_nordic/nrfx/libmodules__hal_nordic__nrfx.a(nrfx_gpiote.c.obj)
 .text.pin_uninit
                0x000000000003d190       0x80 modules/hal_nordic/nrfx/libmodules__hal_nordic__nrfx.a(nrfx_gpiote.c.obj)
 .text.nrfx_gpiote_input_configure
                0x000000000003d210      0x174 modules/hal_nordic/nrfx/libmodules__hal_nordic__nrfx.a(nrfx_gpiote.c.obj)
                0x000000000003d210                nrfx_gpiote_input_configure
 .text.nrfx_gpiote_output_configure
                0x000000000003d384       0xfc modules/hal_nordic/nrfx/libmodules__hal_nordic__nrfx.a(nrfx_gpiote.c.obj)
                0x000000000003d384                nrfx_gpiote_output_configure
 .text.nrfx_gpiote_global_callback_set
                0x000000000003d480        0xc modules/hal_nordic/nrfx/libmodules__hal_nordic__nrfx.a(nrfx_gpiote.c.obj)
                0x000000000003d480                nrfx_gpiote_global_callback_set
 .text.nrfx_gpiote_channel_get
                0x000000000003d48c       0x34 modules/hal_nordic/nrfx/libmodules__hal_nordic__nrfx.a(nrfx_gpiote.c.obj)
                0x000000000003d48c                nrfx_gpiote_channel_get
 .text.nrfx_gpiote_init
                0x000000000003d4c0       0x68 modules/hal_nordic/nrfx/libmodules__hal_nordic__nrfx.a(nrfx_gpiote.c.obj)
                0x000000000003d4c0                nrfx_gpiote_init
 .text.nrfx_gpiote_init_check
                0x000000000003d528       0x14 modules/hal_nordic/nrfx/libmodules__hal_nordic__nrfx.a(nrfx_gpiote.c.obj)
                0x000000000003d528                nrfx_gpiote_init_check
 .text.nrfx_gpiote_channel_free
                0x000000000003d53c        0xc modules/hal_nordic/nrfx/libmodules__hal_nordic__nrfx.a(nrfx_gpiote.c.obj)
                0x000000000003d53c                nrfx_gpiote_channel_free
 .text.nrfx_gpiote_channel_alloc
                0x000000000003d548        0xc modules/hal_nordic/nrfx/libmodules__hal_nordic__nrfx.a(nrfx_gpiote.c.obj)
                0x000000000003d548                nrfx_gpiote_channel_alloc
 .text.nrfx_gpiote_trigger_enable
                0x000000000003d554       0xb0 modules/hal_nordic/nrfx/libmodules__hal_nordic__nrfx.a(nrfx_gpiote.c.obj)
                0x000000000003d554                nrfx_gpiote_trigger_enable
 .text.nrfx_gpiote_0_irq_handler
                0x000000000003d604      0x1bc modules/hal_nordic/nrfx/libmodules__hal_nordic__nrfx.a(nrfx_gpiote.c.obj)
                0x000000000003d604                nrfx_gpiote_0_irq_handler
 .text.nrfx_power_init
                0x000000000003d7c0       0x74 modules/hal_nordic/nrfx/libmodules__hal_nordic__nrfx.a(nrfx_power.c.obj)
                0x000000000003d7c0                nrfx_power_init
 .text.nrfx_power_usbevt_uninit
                0x000000000003d834       0x18 modules/hal_nordic/nrfx/libmodules__hal_nordic__nrfx.a(nrfx_power.c.obj)
                0x000000000003d834                nrfx_power_usbevt_uninit
 .text.nrfx_power_usbevt_init
                0x000000000003d84c       0x14 modules/hal_nordic/nrfx/libmodules__hal_nordic__nrfx.a(nrfx_power.c.obj)
                0x000000000003d84c                nrfx_power_usbevt_init
 .text.nrfx_power_irq_handler
                0x000000000003d860       0xa0 modules/hal_nordic/nrfx/libmodules__hal_nordic__nrfx.a(nrfx_power.c.obj)
                0x000000000003d860                nrfx_power_irq_handler
 .text.nrfx_ppi_channel_alloc
                0x000000000003d900        0xc modules/hal_nordic/nrfx/libmodules__hal_nordic__nrfx.a(nrfx_ppi.c.obj)
                0x000000000003d900                nrfx_ppi_channel_alloc
 .text.z_fatal_error
                0x000000000003d90c       0x30 zephyr/kernel/libkernel.a(fatal.c.obj)
                0x000000000003d90c                z_fatal_error
 .text.z_sys_init_run_level
                0x000000000003d93c       0x2c zephyr/kernel/libkernel.a(init.c.obj)
 .text.bg_thread_main
                0x000000000003d968       0xc4 zephyr/kernel/libkernel.a(init.c.obj)
 .text.z_bss_zero
                0x000000000003da2c       0x18 zephyr/kernel/libkernel.a(init.c.obj)
                0x000000000003da2c                z_bss_zero
 .text.z_init_cpu
                0x000000000003da44       0x70 zephyr/kernel/libkernel.a(init.c.obj)
                0x000000000003da44                z_init_cpu
 .text.z_cstart
                0x000000000003dab4       0xdc zephyr/kernel/libkernel.a(init.c.obj)
                0x000000000003dab4                z_cstart
 .text.init_mem_slab_obj_core_list
                0x000000000003db90       0x24 zephyr/kernel/libkernel.a(mem_slab.c.obj)
 .text.k_mem_slab_alloc
                0x000000000003dbb4       0x5c zephyr/kernel/libkernel.a(mem_slab.c.obj)
                0x000000000003dbb4                k_mem_slab_alloc
 .text.z_impl_k_mutex_lock
                0x000000000003dc10       0xf0 zephyr/kernel/libkernel.a(mutex.c.obj)
                0x000000000003dc10                z_impl_k_mutex_lock
 .text.z_impl_k_mutex_unlock
                0x000000000003dd00       0x78 zephyr/kernel/libkernel.a(mutex.c.obj)
                0x000000000003dd00                z_impl_k_mutex_unlock
 .text.z_impl_k_queue_get
                0x000000000003dd78       0x64 zephyr/kernel/libkernel.a(queue.c.obj)
                0x000000000003dd78                z_impl_k_queue_get
 .text.z_impl_k_sem_give
                0x000000000003dddc       0x48 zephyr/kernel/libkernel.a(sem.c.obj)
                0x000000000003dddc                z_impl_k_sem_give
 .text.z_impl_k_sem_take
                0x000000000003de24       0x4c zephyr/kernel/libkernel.a(sem.c.obj)
                0x000000000003de24                z_impl_k_sem_take
 .text.work_queue_main
                0x000000000003de70      0x144 zephyr/kernel/libkernel.a(work.c.obj)
 .text.submit_to_queue_locked
                0x000000000003dfb4       0xb4 zephyr/kernel/libkernel.a(work.c.obj)
 .text.k_work_queue_start
                0x000000000003e068       0x7c zephyr/kernel/libkernel.a(work.c.obj)
                0x000000000003e068                k_work_queue_start
 .text.k_work_schedule_for_queue
                0x000000000003e0e4       0x54 zephyr/kernel/libkernel.a(work.c.obj)
                0x000000000003e0e4                k_work_schedule_for_queue
 .text.z_setup_new_thread
                0x000000000003e138       0x98 zephyr/kernel/libkernel.a(thread.c.obj)
                0x000000000003e138                z_setup_new_thread
 .text.z_impl_k_thread_create
                0x000000000003e1d0       0x58 zephyr/kernel/libkernel.a(thread.c.obj)
                0x000000000003e1d0                z_impl_k_thread_create
 .text.update_cache
                0x000000000003e228       0x3c zephyr/kernel/libkernel.a(sched.c.obj)
 .text.unready_thread
                0x000000000003e264       0x30 zephyr/kernel/libkernel.a(sched.c.obj)
 .text.ready_thread
                0x000000000003e294       0x68 zephyr/kernel/libkernel.a(sched.c.obj)
 .text.z_thread_halt
                0x000000000003e2fc       0xdc zephyr/kernel/libkernel.a(sched.c.obj)
 .text.move_thread_to_end_of_prio_q
                0x000000000003e3d8       0x74 zephyr/kernel/libkernel.a(sched.c.obj)
                0x000000000003e3d8                move_thread_to_end_of_prio_q
 .text.z_pend_curr
                0x000000000003e44c       0x58 zephyr/kernel/libkernel.a(sched.c.obj)
                0x000000000003e44c                z_pend_curr
 .text.z_thread_prio_set
                0x000000000003e4a4       0x88 zephyr/kernel/libkernel.a(sched.c.obj)
                0x000000000003e4a4                z_thread_prio_set
 .text.z_reschedule
                0x000000000003e52c       0x24 zephyr/kernel/libkernel.a(sched.c.obj)
                0x000000000003e52c                z_reschedule
 .text.z_sched_start
                0x000000000003e550       0x3c zephyr/kernel/libkernel.a(sched.c.obj)
                0x000000000003e550                z_sched_start
 .text.z_reschedule_irqlock
                0x000000000003e58c       0x28 zephyr/kernel/libkernel.a(sched.c.obj)
                0x000000000003e58c                z_reschedule_irqlock
 .text.k_sched_lock
                0x000000000003e5b4       0x28 zephyr/kernel/libkernel.a(sched.c.obj)
                0x000000000003e5b4                k_sched_lock
 .text.k_sched_unlock
                0x000000000003e5dc       0x40 zephyr/kernel/libkernel.a(sched.c.obj)
                0x000000000003e5dc                k_sched_unlock
 .text.z_sched_init
                0x000000000003e61c       0x10 zephyr/kernel/libkernel.a(sched.c.obj)
                0x000000000003e61c                z_sched_init
 .text.z_impl_k_yield
                0x000000000003e62c       0x7c zephyr/kernel/libkernel.a(sched.c.obj)
                0x000000000003e62c                z_impl_k_yield
 .text.z_tick_sleep
                0x000000000003e6a8       0x88 zephyr/kernel/libkernel.a(sched.c.obj)
 .text.z_impl_k_sleep
                0x000000000003e730       0x3c zephyr/kernel/libkernel.a(sched.c.obj)
                0x000000000003e730                z_impl_k_sleep
 .text.z_impl_k_usleep
                0x000000000003e76c       0x3c zephyr/kernel/libkernel.a(sched.c.obj)
                0x000000000003e76c                z_impl_k_usleep
 .text.z_impl_k_sched_current_thread_query
                0x000000000003e7a8        0xc zephyr/kernel/libkernel.a(sched.c.obj)
                0x000000000003e7a8                z_impl_k_sched_current_thread_query
 .text.z_sched_wait
                0x000000000003e7b4       0x24 zephyr/kernel/libkernel.a(sched.c.obj)
                0x000000000003e7b4                z_sched_wait
 .text.slice_timeout
                0x000000000003e7d8       0x20 zephyr/kernel/libkernel.a(timeslicing.c.obj)
 .text.thread_is_sliceable
                0x000000000003e7f8       0x3c zephyr/kernel/libkernel.a(timeslicing.c.obj)
                0x000000000003e7f8                thread_is_sliceable
 .text.z_reset_time_slice
                0x000000000003e834       0x50 zephyr/kernel/libkernel.a(timeslicing.c.obj)
                0x000000000003e834                z_reset_time_slice
 .text.z_time_slice
                0x000000000003e884       0x60 zephyr/kernel/libkernel.a(timeslicing.c.obj)
                0x000000000003e884                z_time_slice
 .text.z_data_copy
                0x000000000003e8e4       0x34 zephyr/kernel/libkernel.a(xip.c.obj)
                0x000000000003e8e4                z_data_copy
 .text.elapsed  0x000000000003e918       0x14 zephyr/kernel/libkernel.a(timeout.c.obj)
 .text.remove_timeout
                0x000000000003e92c       0x38 zephyr/kernel/libkernel.a(timeout.c.obj)
 .text.next_timeout
                0x000000000003e964       0x40 zephyr/kernel/libkernel.a(timeout.c.obj)
 .text.z_add_timeout
                0x000000000003e9a4       0xf4 zephyr/kernel/libkernel.a(timeout.c.obj)
                0x000000000003e9a4                z_add_timeout
 .text.sys_clock_announce
                0x000000000003ea98       0xd0 zephyr/kernel/libkernel.a(timeout.c.obj)
                0x000000000003ea98                sys_clock_announce
 .text.sys_clock_tick_get
                0x000000000003eb68       0x30 zephyr/kernel/libkernel.a(timeout.c.obj)
                0x000000000003eb68                sys_clock_tick_get
 .text.z_thread_aligned_alloc
                0x000000000003eb98       0x40 zephyr/kernel/libkernel.a(mempool.c.obj)
                0x000000000003eb98                z_thread_aligned_alloc
 .text.boot_banner
                0x000000000003ebd8        0xc zephyr/kernel/libkernel.a(banner.c.obj)
                0x000000000003ebd8                boot_banner
 .text.statics_init
                0x000000000003ebe4       0x24 zephyr/kernel/libkernel.a(kheap.c.obj)
 .text.k_sys_work_q_init
                0x000000000003ec08       0x34 zephyr/kernel/libkernel.a(system_work_q.c.obj)
 .text.printf   0x000000000003ec3c       0x24 /home/mhn/zephyr-sdk-0.16.8/arm-zephyr-eabi/bin/../lib/gcc/../../picolibc/arm-zephyr-eabi/lib/thumb/v7e-m/nofp/libc.a(libc_tinystdio_printf.c.o)
                0x000000000003ec3c                printf
 .text.puts     0x000000000003ec60       0x40 /home/mhn/zephyr-sdk-0.16.8/arm-zephyr-eabi/bin/../lib/gcc/../../picolibc/arm-zephyr-eabi/lib/thumb/v7e-m/nofp/libc.a(libc_tinystdio_puts.c.o)
                0x000000000003ec60                puts
 .text.__l_vfprintf
                0x000000000003eca0      0x4b8 /home/mhn/zephyr-sdk-0.16.8/arm-zephyr-eabi/bin/../lib/gcc/../../picolibc/arm-zephyr-eabi/lib/thumb/v7e-m/nofp/libc.a(libc_tinystdio_vflprintf.c.o)
                0x000000000003eca0                __l_vfprintf
 .text._OffsetAbsSyms
                0x000000000003f158        0x2 zephyr/CMakeFiles/offsets.dir/./arch/arm/core/offsets/offsets.c.obj
                0x000000000003f158                _OffsetAbsSyms
 .text.chunk_size
                0x000000000003f15a        0xa zephyr/libzephyr.a(heap.c.obj)
 .text.free_list_add
                0x000000000003f164       0x4e zephyr/libzephyr.a(heap.c.obj)
 .text.free_list_remove_bidx
                0x000000000003f1b2       0x3a zephyr/libzephyr.a(heap.c.obj)
 .text.free_list_remove
                0x000000000003f1ec       0x1a zephyr/libzephyr.a(heap.c.obj)
 .text.alloc_chunk
                0x000000000003f206       0x6e zephyr/libzephyr.a(heap.c.obj)
 .text.merge_chunks
                0x000000000003f274       0x2c zephyr/libzephyr.a(heap.c.obj)
 .text.split_chunks
                0x000000000003f2a0       0x34 zephyr/libzephyr.a(heap.c.obj)
 .text.free_chunk
                0x000000000003f2d4       0x62 zephyr/libzephyr.a(heap.c.obj)
 .text.sys_heap_free
                0x000000000003f336       0x1e zephyr/libzephyr.a(heap.c.obj)
                0x000000000003f336                sys_heap_free
 .text.sys_heap_alloc
                0x000000000003f354       0x52 zephyr/libzephyr.a(heap.c.obj)
                0x000000000003f354                sys_heap_alloc
 .text.sys_heap_aligned_alloc
                0x000000000003f3a6       0xd0 zephyr/libzephyr.a(heap.c.obj)
                0x000000000003f3a6                sys_heap_aligned_alloc
 .text.sys_heap_init
                0x000000000003f476       0x7a zephyr/libzephyr.a(heap.c.obj)
                0x000000000003f476                sys_heap_init
 .text.arch_printk_char_out
                0x000000000003f4f0        0x4 zephyr/libzephyr.a(printk.c.obj)
                0x000000000003f4f0                arch_printk_char_out
 .text.printk   0x000000000003f4f4       0x1a zephyr/libzephyr.a(printk.c.obj)
                0x000000000003f4f4                printk
 .text.sys_slist_find_and_remove
                0x000000000003f50e       0x36 zephyr/libzephyr.a(onoff.c.obj)
 .text.process_recheck
                0x000000000003f544       0x38 zephyr/libzephyr.a(onoff.c.obj)
 .text.validate_args
                0x000000000003f57c       0x20 zephyr/libzephyr.a(onoff.c.obj)
 .text.notify_one
                0x000000000003f59c       0x2c zephyr/libzephyr.a(onoff.c.obj)
 .text.transition_complete
                0x000000000003f5c8       0x1a zephyr/libzephyr.a(onoff.c.obj)
 .text.onoff_manager_init
                0x000000000003f5e2       0x26 zephyr/libzephyr.a(onoff.c.obj)
                0x000000000003f5e2                onoff_manager_init
 .text.onoff_request
                0x000000000003f608       0xae zephyr/libzephyr.a(onoff.c.obj)
                0x000000000003f608                onoff_request
 .text.onoff_release
                0x000000000003f6b6       0x48 zephyr/libzephyr.a(onoff.c.obj)
                0x000000000003f6b6                onoff_release
 .text.onoff_cancel
                0x000000000003f6fe       0x36 zephyr/libzephyr.a(onoff.c.obj)
                0x000000000003f6fe                onoff_cancel
 .text.sys_notify_validate
                0x000000000003f734       0x22 zephyr/libzephyr.a(notify.c.obj)
                0x000000000003f734                sys_notify_validate
 .text.sys_notify_finalize
                0x000000000003f756       0x1a zephyr/libzephyr.a(notify.c.obj)
                0x000000000003f756                sys_notify_finalize
 .text.ring_buf_put_claim
                0x000000000003f770       0x3e zephyr/libzephyr.a(ring_buffer.c.obj)
                0x000000000003f770                ring_buf_put_claim
 .text.ring_buf_put_finish
                0x000000000003f7ae       0x2a zephyr/libzephyr.a(ring_buffer.c.obj)
                0x000000000003f7ae                ring_buf_put_finish
 .text.ring_buf_put
                0x000000000003f7d8       0x3e zephyr/libzephyr.a(ring_buffer.c.obj)
                0x000000000003f7d8                ring_buf_put
 .text.ring_buf_get_claim
                0x000000000003f816       0x40 zephyr/libzephyr.a(ring_buffer.c.obj)
                0x000000000003f816                ring_buf_get_claim
 .text.ring_buf_get_finish
                0x000000000003f856       0x2a zephyr/libzephyr.a(ring_buffer.c.obj)
                0x000000000003f856                ring_buf_get_finish
 .text.ring_buf_get
                0x000000000003f880       0x40 zephyr/libzephyr.a(ring_buffer.c.obj)
                0x000000000003f880                ring_buf_get
 .text._ConfigAbsSyms
                0x000000000003f8c0        0x2 zephyr/libzephyr.a(configs.c.obj)
                0x000000000003f8c0                _ConfigAbsSyms
 .text.get_ep_bm_from_addr
                0x000000000003f8c2       0x1c zephyr/libzephyr.a(usb_device.c.obj)
 .text.usb_write
                0x000000000003f8de       0x30 zephyr/libzephyr.a(usb_device.c.obj)
                0x000000000003f8de                usb_write
 .text.usb_device_init
                0x000000000003f90e        0x6 zephyr/libzephyr.a(usb_device.c.obj)
 .text.usb_get_dev_data_by_cfg
                0x000000000003f914       0x18 zephyr/libzephyr.a(usb_descriptor.c.obj)
                0x000000000003f914                usb_get_dev_data_by_cfg
 .text.usb_get_dev_data_by_iface
                0x000000000003f92c       0x1c zephyr/libzephyr.a(usb_descriptor.c.obj)
                0x000000000003f92c                usb_get_dev_data_by_iface
 .text.usb_get_dev_data_by_ep
                0x000000000003f948       0x2c zephyr/libzephyr.a(usb_descriptor.c.obj)
                0x000000000003f948                usb_get_dev_data_by_ep
 .text.usb_transfer_is_busy
                0x000000000003f974       0x16 zephyr/libzephyr.a(usb_transfer.c.obj)
                0x000000000003f974                usb_transfer_is_busy
 .text.cdc_interface_config
                0x000000000003f98a       0x14 zephyr/libzephyr.a(cdc_acm.c.obj)
 .text.cdc_acm_irq_callback_work_handler
                0x000000000003f99e        0xa zephyr/libzephyr.a(cdc_acm.c.obj)
 .text.cdc_acm_irq_tx_disable
                0x000000000003f9a8        0xa zephyr/libzephyr.a(cdc_acm.c.obj)
 .text.cdc_acm_irq_tx_ready
                0x000000000003f9b2       0x1e zephyr/libzephyr.a(cdc_acm.c.obj)
 .text.cdc_acm_irq_rx_disable
                0x000000000003f9d0        0xa zephyr/libzephyr.a(cdc_acm.c.obj)
 .text.cdc_acm_irq_rx_ready
                0x000000000003f9da        0xe zephyr/libzephyr.a(cdc_acm.c.obj)
 .text.cdc_acm_irq_is_pending
                0x000000000003f9e8       0x1c zephyr/libzephyr.a(cdc_acm.c.obj)
 .text.cdc_acm_irq_callback_set
                0x000000000003fa04        0x8 zephyr/libzephyr.a(cdc_acm.c.obj)
 .text.cdc_acm_fifo_read
                0x000000000003fa0c       0x46 zephyr/libzephyr.a(cdc_acm.c.obj)
 .text.cdc_acm_poll_in
                0x000000000003fa52       0x12 zephyr/libzephyr.a(cdc_acm.c.obj)
 .text.cdc_acm_irq_update
                0x000000000003fa64       0x2e zephyr/libzephyr.a(cdc_acm.c.obj)
 .text.z_arm_fatal_error
                0x000000000003fa92        0xc zephyr/arch/arch/arm/core/libarch__arm__core.a(fatal.c.obj)
                0x000000000003fa92                z_arm_fatal_error
 .text.z_do_kernel_oops
                0x000000000003fa9e        0x8 zephyr/arch/arch/arm/core/libarch__arm__core.a(fatal.c.obj)
                0x000000000003fa9e                z_do_kernel_oops
 .text.z_arm_nmi
                0x000000000003faa6        0xe zephyr/arch/arch/arm/core/libarch__arm__core.a(nmi.c.obj)
                0x000000000003faa6                z_arm_nmi
 .text.z_irq_spurious
                0x000000000003fab4        0x8 zephyr/arch/arch/arm/core/cortex_m/libarch__arm__core__cortex_m.a(irq_manage.c.obj)
                0x000000000003fab4                z_irq_spurious
 .text.arch_irq_unlock_outlined
                0x000000000003fabc        0xe zephyr/arch/arch/arm/core/cortex_m/libarch__arm__core__cortex_m.a(thread.c.obj)
                0x000000000003fabc                arch_irq_unlock_outlined
 .text.arch_cpu_idle
                0x000000000003faca       0x1a zephyr/arch/arch/arm/core/cortex_m/libarch__arm__core__cortex_m.a(cpu_idle.c.obj)
                0x000000000003faca                arch_cpu_idle
 .text.arch_cpu_atomic_idle
                0x000000000003fae4       0x1e zephyr/arch/arch/arm/core/cortex_m/libarch__arm__core__cortex_m.a(cpu_idle.c.obj)
                0x000000000003fae4                arch_cpu_atomic_idle
 .text.size_to_mpu_rasr_size
                0x000000000003fb02       0x20 zephyr/arch/arch/arm/core/mpu/libarch__arm__core__mpu.a(arm_mpu.c.obj)
 .text.picolibc_put
                0x000000000003fb22        0xa zephyr/lib/libc/picolibc/liblib__libc__picolibc.a(libc-hooks.c.obj)
 .text.ep_ctx_reset
                0x000000000003fb2c       0x26 zephyr/drivers/usb/device/libdrivers__usb__device.a(usb_dc_nrfx.c.obj)
 .text.k_mutex_lock.constprop.0.isra.0
                0x000000000003fb52        0x4 zephyr/drivers/usb/device/libdrivers__usb__device.a(usb_dc_nrfx.c.obj)
 .text.k_mutex_unlock.isra.0
                0x000000000003fb56        0x4 zephyr/drivers/usb/device/libdrivers__usb__device.a(usb_dc_nrfx.c.obj)
 .text.usb_dc_ep_check_cap
                0x000000000003fb5a       0x2a zephyr/drivers/usb/device/libdrivers__usb__device.a(usb_dc_nrfx.c.obj)
                0x000000000003fb5a                usb_dc_ep_check_cap
 .text.usb_dc_ep_disable
                0x000000000003fb84       0x32 zephyr/drivers/usb/device/libdrivers__usb__device.a(usb_dc_nrfx.c.obj)
                0x000000000003fb84                usb_dc_ep_disable
 .text.usb_dc_ep_read
                0x000000000003fbb6       0x1e zephyr/drivers/usb/device/libdrivers__usb__device.a(usb_dc_nrfx.c.obj)
                0x000000000003fbb6                usb_dc_ep_read
 .text.ep2bit   0x000000000003fbd4       0x10 zephyr/drivers/usb/common/nrf_usbd_common/libdrivers__usb__common__nrf_usbd_common.a(nrf_usbd_common.c.obj)
 .text.nrf_usbd_common_ep_max_packet_size_set
                0x000000000003fbe4        0xa zephyr/drivers/usb/common/nrf_usbd_common/libdrivers__usb__common__nrf_usbd_common.a(nrf_usbd_common.c.obj)
                0x000000000003fbe4                nrf_usbd_common_ep_max_packet_size_set
 .text.nrf_usbd_common_ep_status_get
                0x000000000003fbee       0x2c zephyr/drivers/usb/common/nrf_usbd_common/libdrivers__usb__common__nrf_usbd_common.a(nrf_usbd_common.c.obj)
                0x000000000003fbee                nrf_usbd_common_ep_status_get
 .text.get_status
                0x000000000003fc1a       0x12 zephyr/drivers/clock_control/libdrivers__clock_control.a(clock_control_nrf.c.obj)
 .text.stop     0x000000000003fc2c       0x52 zephyr/drivers/clock_control/libdrivers__clock_control.a(clock_control_nrf.c.obj)
 .text.api_stop
                0x000000000003fc7e        0x6 zephyr/drivers/clock_control/libdrivers__clock_control.a(clock_control_nrf.c.obj)
 .text.async_start
                0x000000000003fc84       0x5c zephyr/drivers/clock_control/libdrivers__clock_control.a(clock_control_nrf.c.obj)
 .text.api_start
                0x000000000003fce0        0xe zephyr/drivers/clock_control/libdrivers__clock_control.a(clock_control_nrf.c.obj)
 .text.onoff_started_callback
                0x000000000003fcee       0x12 zephyr/drivers/clock_control/libdrivers__clock_control.a(clock_control_nrf.c.obj)
 .text.lfclk_start
                0x000000000003fd00        0x6 zephyr/drivers/clock_control/libdrivers__clock_control.a(clock_control_nrf.c.obj)
 .text.lfclk_stop
                0x000000000003fd06        0x6 zephyr/drivers/clock_control/libdrivers__clock_control.a(clock_control_nrf.c.obj)
 .text.blocking_start_callback
                0x000000000003fd0c        0x6 zephyr/drivers/clock_control/libdrivers__clock_control.a(clock_control_nrf.c.obj)
 .text.gpio_nrfx_port_get_raw
                0x000000000003fd12        0xe zephyr/drivers/gpio/libdrivers__gpio.a(gpio_nrfx.c.obj)
 .text.gpio_nrfx_port_set_masked_raw
                0x000000000003fd20       0x18 zephyr/drivers/gpio/libdrivers__gpio.a(gpio_nrfx.c.obj)
 .text.gpio_nrfx_port_set_bits_raw
                0x000000000003fd38        0xc zephyr/drivers/gpio/libdrivers__gpio.a(gpio_nrfx.c.obj)
 .text.gpio_nrfx_port_clear_bits_raw
                0x000000000003fd44        0xc zephyr/drivers/gpio/libdrivers__gpio.a(gpio_nrfx.c.obj)
 .text.gpio_nrfx_port_toggle_bits
                0x000000000003fd50       0x1a zephyr/drivers/gpio/libdrivers__gpio.a(gpio_nrfx.c.obj)
 .text.gpio_nrfx_manage_callback
                0x000000000003fd6a       0x52 zephyr/drivers/gpio/libdrivers__gpio.a(gpio_nrfx.c.obj)
 .text.z_impl_hwinfo_get_device_id
                0x000000000003fdbc       0x28 zephyr/drivers/hwinfo/libdrivers__hwinfo.a(hwinfo_nrf.c.obj)
                0x000000000003fdbc                z_impl_hwinfo_get_device_id
 .text.pinctrl_lookup_state
                0x000000000003fde4       0x26 zephyr/drivers/pinctrl/libdrivers__pinctrl.a(common.c.obj)
                0x000000000003fde4                pinctrl_lookup_state
 .text.uarte_nrfx_err_check
                0x000000000003fe0a        0xe zephyr/drivers/serial/libdrivers__serial.a(uart_nrfx_uarte.c.obj)
 .text.tx_start
                0x000000000003fe18       0x3e zephyr/drivers/serial/libdrivers__serial.a(uart_nrfx_uarte.c.obj)
 .text.uarte_nrfx_poll_in
                0x000000000003fe56       0x28 zephyr/drivers/serial/libdrivers__serial.a(uart_nrfx_uarte.c.obj)
 .text.uarte_nrfx_fifo_read
                0x000000000003fe7e       0x2e zephyr/drivers/serial/libdrivers__serial.a(uart_nrfx_uarte.c.obj)
 .text.uarte_nrfx_irq_tx_enable
                0x000000000003feac       0x34 zephyr/drivers/serial/libdrivers__serial.a(uart_nrfx_uarte.c.obj)
 .text.uarte_nrfx_irq_tx_disable
                0x000000000003fee0       0x10 zephyr/drivers/serial/libdrivers__serial.a(uart_nrfx_uarte.c.obj)
 .text.uarte_nrfx_irq_tx_ready_complete
                0x000000000003fef0       0x1e zephyr/drivers/serial/libdrivers__serial.a(uart_nrfx_uarte.c.obj)
 .text.uarte_nrfx_irq_rx_ready
                0x000000000003ff0e       0x10 zephyr/drivers/serial/libdrivers__serial.a(uart_nrfx_uarte.c.obj)
 .text.uarte_nrfx_irq_rx_enable
                0x000000000003ff1e        0xc zephyr/drivers/serial/libdrivers__serial.a(uart_nrfx_uarte.c.obj)
 .text.uarte_nrfx_irq_rx_disable
                0x000000000003ff2a        0xc zephyr/drivers/serial/libdrivers__serial.a(uart_nrfx_uarte.c.obj)
 .text.uarte_nrfx_irq_err_enable
                0x000000000003ff36        0xe zephyr/drivers/serial/libdrivers__serial.a(uart_nrfx_uarte.c.obj)
 .text.uarte_nrfx_irq_err_disable
                0x000000000003ff44        0xe zephyr/drivers/serial/libdrivers__serial.a(uart_nrfx_uarte.c.obj)
 .text.uarte_nrfx_irq_is_pending
                0x000000000003ff52       0x36 zephyr/drivers/serial/libdrivers__serial.a(uart_nrfx_uarte.c.obj)
 .text.uarte_nrfx_irq_update
                0x000000000003ff88        0x4 zephyr/drivers/serial/libdrivers__serial.a(uart_nrfx_uarte.c.obj)
 .text.uarte_nrfx_irq_callback_set
                0x000000000003ff8c        0xc zephyr/drivers/serial/libdrivers__serial.a(uart_nrfx_uarte.c.obj)
 .text.is_tx_ready.isra.0
                0x000000000003ff98       0x20 zephyr/drivers/serial/libdrivers__serial.a(uart_nrfx_uarte.c.obj)
 .text.uarte_nrfx_fifo_fill
                0x000000000003ffb8       0x76 zephyr/drivers/serial/libdrivers__serial.a(uart_nrfx_uarte.c.obj)
 .text.uarte_nrfx_isr_int
                0x000000000004002e       0xbc zephyr/drivers/serial/libdrivers__serial.a(uart_nrfx_uarte.c.obj)
 .text.event_clear
                0x00000000000400ea       0x18 zephyr/drivers/timer/libdrivers__timer.a(nrf_rtc_timer.c.obj)
 .text.nrfx_isr
                0x0000000000040102        0x2 modules/hal_nordic/nrfx/libmodules__hal_nordic__nrfx.a(nrfx_glue.c.obj)
                0x0000000000040102                nrfx_isr
 .text.nrfx_busy_wait
                0x0000000000040104        0x4 modules/hal_nordic/nrfx/libmodules__hal_nordic__nrfx.a(nrfx_glue.c.obj)
                0x0000000000040104                nrfx_busy_wait
 .text.nrfx_gppi_channel_endpoints_setup
                0x0000000000040108       0x14 modules/hal_nordic/nrfx/libmodules__hal_nordic__nrfx.a(nrfx_gppi_ppi.c.obj)
                0x0000000000040108                nrfx_gppi_channel_endpoints_setup
 .text.nrfx_gppi_channel_alloc
                0x000000000004011c        0x4 modules/hal_nordic/nrfx/libmodules__hal_nordic__nrfx.a(nrfx_gppi_ppi.c.obj)
                0x000000000004011c                nrfx_gppi_channel_alloc
 .text.nrfx_clock_stop
                0x0000000000040120        0x4 modules/hal_nordic/nrfx/libmodules__hal_nordic__nrfx.a(nrfx_clock.c.obj)
                0x0000000000040120                nrfx_clock_stop
 .text.nrf_gpio_reconfigure
                0x0000000000040124       0x92 modules/hal_nordic/nrfx/libmodules__hal_nordic__nrfx.a(nrfx_gpiote.c.obj)
 .text.nrf_gpio_cfg_sense_set
                0x00000000000401b6       0x1e modules/hal_nordic/nrfx/libmodules__hal_nordic__nrfx.a(nrfx_gpiote.c.obj)
 .text.pin_trigger_disable
                0x00000000000401d4       0x48 modules/hal_nordic/nrfx/libmodules__hal_nordic__nrfx.a(nrfx_gpiote.c.obj)
 .text.nrfx_gpiote_pin_uninit
                0x000000000004021c        0x4 modules/hal_nordic/nrfx/libmodules__hal_nordic__nrfx.a(nrfx_gpiote.c.obj)
                0x000000000004021c                nrfx_gpiote_pin_uninit
 .text.nrfx_gpiote_trigger_disable
                0x0000000000040220        0x4 modules/hal_nordic/nrfx/libmodules__hal_nordic__nrfx.a(nrfx_gpiote.c.obj)
                0x0000000000040220                nrfx_gpiote_trigger_disable
 .text.nrf_power_event_get_and_clear.constprop.0
                0x0000000000040224       0x18 modules/hal_nordic/nrfx/libmodules__hal_nordic__nrfx.a(nrfx_power.c.obj)
 .text.nrfx_power_usbevt_enable
                0x000000000004023c        0xe modules/hal_nordic/nrfx/libmodules__hal_nordic__nrfx.a(nrfx_power.c.obj)
                0x000000000004023c                nrfx_power_usbevt_enable
 .text.nrfx_power_usbevt_disable
                0x000000000004024a        0xe modules/hal_nordic/nrfx/libmodules__hal_nordic__nrfx.a(nrfx_power.c.obj)
                0x000000000004024a                nrfx_power_usbevt_disable
 .text.nrfx_power_clock_irq_handler
                0x0000000000040258        0xe modules/hal_nordic/nrfx/libmodules__hal_nordic__nrfx.a(nrfx_power.c.obj)
                0x0000000000040258                nrfx_power_clock_irq_handler
 .text.z_impl_k_busy_wait
                0x0000000000040266        0x8 zephyr/kernel/libkernel.a(busy_wait.c.obj)
                0x0000000000040266                z_impl_k_busy_wait
 .text.z_device_state_init
                0x000000000004026e        0x2 zephyr/kernel/libkernel.a(device.c.obj)
                0x000000000004026e                z_device_state_init
 .text.z_impl_device_is_ready
                0x0000000000040270       0x16 zephyr/kernel/libkernel.a(device.c.obj)
                0x0000000000040270                z_impl_device_is_ready
 .text.arch_system_halt
                0x0000000000040286       0x10 zephyr/kernel/libkernel.a(fatal.c.obj)
                0x0000000000040286                arch_system_halt
 .text.k_sys_fatal_error_handler
                0x0000000000040296        0x6 zephyr/kernel/libkernel.a(fatal.c.obj)
                0x0000000000040296                k_sys_fatal_error_handler
 .text.do_device_init
                0x000000000004029c       0x30 zephyr/kernel/libkernel.a(init.c.obj)
 .text.z_early_memset
                0x00000000000402cc        0x4 zephyr/kernel/libkernel.a(init.c.obj)
                0x00000000000402cc                z_early_memset
 .text.z_early_memcpy
                0x00000000000402d0        0x4 zephyr/kernel/libkernel.a(init.c.obj)
                0x00000000000402d0                z_early_memcpy
 .text.z_init_static
                0x00000000000402d4        0x2 zephyr/kernel/libkernel.a(init_static.c.obj)
                0x00000000000402d4                z_init_static
 .text.create_free_list
                0x00000000000402d6       0x34 zephyr/kernel/libkernel.a(mem_slab.c.obj)
 .text.k_mem_slab_free
                0x000000000004030a       0x4a zephyr/kernel/libkernel.a(mem_slab.c.obj)
                0x000000000004030a                k_mem_slab_free
 .text.idle     0x0000000000040354       0x16 zephyr/kernel/libkernel.a(idle.c.obj)
                0x0000000000040354                idle
 .text.adjust_owner_prio.isra.0
                0x000000000004036a       0x10 zephyr/kernel/libkernel.a(mutex.c.obj)
 .text.z_impl_k_mutex_init
                0x000000000004037a        0xe zephyr/kernel/libkernel.a(mutex.c.obj)
                0x000000000004037a                z_impl_k_mutex_init
 .text.queue_insert
                0x0000000000040388       0xc2 zephyr/kernel/libkernel.a(queue.c.obj)
 .text.z_queue_node_peek
                0x000000000004044a       0x18 zephyr/kernel/libkernel.a(queue.c.obj)
                0x000000000004044a                z_queue_node_peek
 .text.k_queue_append
                0x0000000000040462       0x16 zephyr/kernel/libkernel.a(queue.c.obj)
                0x0000000000040462                k_queue_append
 .text.z_impl_k_sem_init
                0x0000000000040478       0x18 zephyr/kernel/libkernel.a(sem.c.obj)
                0x0000000000040478                z_impl_k_sem_init
 .text.flag_test_and_clear
                0x0000000000040490       0x16 zephyr/kernel/libkernel.a(work.c.obj)
 .text.notify_queue_locked.isra.0
                0x00000000000404a6        0xe zephyr/kernel/libkernel.a(work.c.obj)
 .text.work_timeout
                0x00000000000404b4       0x3c zephyr/kernel/libkernel.a(work.c.obj)
 .text.k_work_init
                0x00000000000404f0       0x12 zephyr/kernel/libkernel.a(work.c.obj)
                0x00000000000404f0                k_work_init
 .text.z_work_submit_to_queue
                0x0000000000040502       0x26 zephyr/kernel/libkernel.a(work.c.obj)
                0x0000000000040502                z_work_submit_to_queue
 .text.k_work_submit_to_queue
                0x0000000000040528       0x20 zephyr/kernel/libkernel.a(work.c.obj)
                0x0000000000040528                k_work_submit_to_queue
 .text.k_work_init_delayable
                0x0000000000040548       0x18 zephyr/kernel/libkernel.a(work.c.obj)
                0x0000000000040548                k_work_init_delayable
 .text.k_is_in_isr
                0x0000000000040560        0xc zephyr/kernel/libkernel.a(thread.c.obj)
                0x0000000000040560                k_is_in_isr
 .text.z_impl_k_thread_name_set
                0x000000000004056c        0x6 zephyr/kernel/libkernel.a(thread.c.obj)
                0x000000000004056c                z_impl_k_thread_name_set
 .text.z_impl_k_thread_start
                0x0000000000040572        0x4 zephyr/kernel/libkernel.a(thread.c.obj)
                0x0000000000040572                z_impl_k_thread_start
 .text.sys_dlist_remove
                0x0000000000040576       0x10 zephyr/kernel/libkernel.a(sched.c.obj)
 .text.unpend_thread_no_timeout
                0x0000000000040586       0x14 zephyr/kernel/libkernel.a(sched.c.obj)
 .text.add_to_waitq_locked
                0x000000000004059a       0x50 zephyr/kernel/libkernel.a(sched.c.obj)
 .text.z_ready_thread
                0x00000000000405ea       0x1e zephyr/kernel/libkernel.a(sched.c.obj)
                0x00000000000405ea                z_ready_thread
 .text.z_impl_k_thread_suspend
                0x0000000000040608       0x34 zephyr/kernel/libkernel.a(sched.c.obj)
                0x0000000000040608                z_impl_k_thread_suspend
 .text.z_unpend_thread_no_timeout
                0x000000000004063c       0x22 zephyr/kernel/libkernel.a(sched.c.obj)
                0x000000000004063c                z_unpend_thread_no_timeout
 .text.z_sched_wake_thread
                0x000000000004065e       0x42 zephyr/kernel/libkernel.a(sched.c.obj)
                0x000000000004065e                z_sched_wake_thread
 .text.z_thread_timeout
                0x00000000000406a0        0x8 zephyr/kernel/libkernel.a(sched.c.obj)
                0x00000000000406a0                z_thread_timeout
 .text.z_unpend_first_thread
                0x00000000000406a8       0x36 zephyr/kernel/libkernel.a(sched.c.obj)
                0x00000000000406a8                z_unpend_first_thread
 .text.z_unpend_thread
                0x00000000000406de       0x10 zephyr/kernel/libkernel.a(sched.c.obj)
                0x00000000000406de                z_unpend_thread
 .text.z_unpend_all
                0x00000000000406ee       0x28 zephyr/kernel/libkernel.a(sched.c.obj)
                0x00000000000406ee                z_unpend_all
 .text.z_thread_abort
                0x0000000000040716       0x44 zephyr/kernel/libkernel.a(sched.c.obj)
                0x0000000000040716                z_thread_abort
 .text.z_sched_wake
                0x000000000004075a       0x44 zephyr/kernel/libkernel.a(sched.c.obj)
                0x000000000004075a                z_sched_wake
 .text.z_abort_timeout
                0x000000000004079e       0x2a zephyr/kernel/libkernel.a(timeout.c.obj)
                0x000000000004079e                z_abort_timeout
 .text.sys_clock_tick_get_32
                0x00000000000407c8        0x8 zephyr/kernel/libkernel.a(timeout.c.obj)
                0x00000000000407c8                sys_clock_tick_get_32
 .text.sys_timepoint_calc
                0x00000000000407d0       0x48 zephyr/kernel/libkernel.a(timeout.c.obj)
                0x00000000000407d0                sys_timepoint_calc
 .text.sys_timepoint_timeout
                0x0000000000040818       0x42 zephyr/kernel/libkernel.a(timeout.c.obj)
                0x0000000000040818                sys_timepoint_timeout
 .text.k_free   0x000000000004085a        0xe zephyr/kernel/libkernel.a(mempool.c.obj)
                0x000000000004085a                k_free
 .text.k_heap_init
                0x0000000000040868       0x10 zephyr/kernel/libkernel.a(kheap.c.obj)
                0x0000000000040868                k_heap_init
 .text.k_heap_aligned_alloc
                0x0000000000040878       0x82 zephyr/kernel/libkernel.a(kheap.c.obj)
                0x0000000000040878                k_heap_aligned_alloc
 .text.k_heap_free
                0x00000000000408fa       0x38 zephyr/kernel/libkernel.a(kheap.c.obj)
                0x00000000000408fa                k_heap_free
 .text.strnlen  0x0000000000040932       0x18 /home/mhn/zephyr-sdk-0.16.8/arm-zephyr-eabi/bin/../lib/gcc/../../picolibc/arm-zephyr-eabi/lib/thumb/v7e-m/nofp/libc.a(libc_string_strnlen.c.o)
                0x0000000000040932                strnlen
 .text.__ultoa_invert
                0x000000000004094a       0xae /home/mhn/zephyr-sdk-0.16.8/arm-zephyr-eabi/bin/../lib/gcc/../../picolibc/arm-zephyr-eabi/lib/thumb/v7e-m/nofp/libc.a(libc_tinystdio_vflprintf.c.o)
 .text.memcpy   0x00000000000409f8       0x1c /home/mhn/zephyr-sdk-0.16.8/arm-zephyr-eabi/bin/../lib/gcc/../../picolibc/arm-zephyr-eabi/lib/thumb/v7e-m/nofp/libc.a(memcpy.c.o)
                0x00000000000409f8                memcpy
                0x00000000000409f8                __aeabi_memcpy
                0x00000000000409f8                __aeabi_memcpy4
                0x00000000000409f8                __aeabi_memcpy8
 .text.memset   0x0000000000040a14       0x10 /home/mhn/zephyr-sdk-0.16.8/arm-zephyr-eabi/bin/../lib/gcc/../../picolibc/arm-zephyr-eabi/lib/thumb/v7e-m/nofp/libc.a(memset.c.o)
                0x0000000000040a14                memset
 *(SORT_BY_ALIGNMENT(.TEXT.*))
 .TEXT.__aeabi_read_tp
                0x0000000000040a24        0xc zephyr/arch/arch/arm/core/cortex_m/libarch__arm__core__cortex_m.a(__aeabi_read_tp.S.obj)
                0x0000000000040a24                __aeabi_read_tp
 *(SORT_BY_ALIGNMENT(.gnu.linkonce.t.*))
 *(SORT_BY_ALIGNMENT(.glue_7t))
 .glue_7t       0x0000000000040a30        0x0 linker stubs
 *(SORT_BY_ALIGNMENT(.glue_7))
 .glue_7        0x0000000000040a30        0x0 linker stubs
 *(SORT_BY_ALIGNMENT(.vfp11_veneer))
 .vfp11_veneer  0x0000000000040a30        0x0 linker stubs
 *(SORT_BY_ALIGNMENT(.v4_bx))
 .v4_bx         0x0000000000040a30        0x0 linker stubs
                0x0000000000040a30                . = ALIGN (0x4)
                0x0000000000040a30                __text_region_end = .

.ARM.exidx      0x0000000000040a30        0x8
                0x0000000000040a30                __exidx_start = .
 *(SORT_BY_ALIGNMENT(.ARM.exidx*) SORT_BY_ALIGNMENT(gnu.linkonce.armexidx.*))
 .ARM.exidx     0x0000000000040a30        0x8 /home/mhn/zephyr-sdk-0.16.8/arm-zephyr-eabi/bin/../lib/gcc/../../picolibc/arm-zephyr-eabi/lib/thumb/v7e-m/nofp/libc.a(strlen.S.o)
 .ARM.exidx     0x0000000000040a38        0x0 /home/mhn/zephyr-sdk-0.16.8/arm-zephyr-eabi/bin/../lib/gcc/arm-zephyr-eabi/12.2.0/thumb/v7e-m/nofp/libgcc.a(_udivmoddi4.o)
                                          0x8 (size before relaxing)
                0x0000000000040a38                __exidx_end = .
                0x0000000000040a38                __rodata_region_start = .

initlevel       0x0000000000040a38       0x78
                0x0000000000040a38                __init_start = .
                0x0000000000040a38                __init_EARLY_start = .
 *(SORT_BY_NAME(SORT_BY_ALIGNMENT(.z_init_EARLY?_*)))
 *(SORT_BY_NAME(SORT_BY_ALIGNMENT(.z_init_EARLY??_*)))
                0x0000000000040a38                __init_PRE_KERNEL_1_start = .
 *(SORT_BY_NAME(SORT_BY_ALIGNMENT(.z_init_PRE_KERNEL_1?_*)))
 .z_init_PRE_KERNEL_10_0_
                0x0000000000040a38        0x8 zephyr/soc/soc/nrf52840/libsoc__nordic.a(soc.c.obj)
 *(SORT_BY_NAME(SORT_BY_ALIGNMENT(.z_init_PRE_KERNEL_1??_*)))
 .z_init_PRE_KERNEL_130_00059_
                0x0000000000040a40        0x8 zephyr/drivers/clock_control/libdrivers__clock_control.a(clock_control_nrf.c.obj)
 .z_init_PRE_KERNEL_130_0_
                0x0000000000040a48        0x8 zephyr/kernel/libkernel.a(mem_slab.c.obj)
 .z_init_PRE_KERNEL_130_0_
                0x0000000000040a50        0x8 zephyr/kernel/libkernel.a(kheap.c.obj)
 .z_init_PRE_KERNEL_140_00013_
                0x0000000000040a58        0x8 zephyr/drivers/gpio/libdrivers__gpio.a(gpio_nrfx.c.obj)
 .z_init_PRE_KERNEL_140_00070_
                0x0000000000040a60        0x8 zephyr/drivers/gpio/libdrivers__gpio.a(gpio_nrfx.c.obj)
 .z_init_PRE_KERNEL_150_00097_
                0x0000000000040a68        0x8 zephyr/drivers/serial/libdrivers__serial.a(uart_nrfx_uarte.c.obj)
 .z_init_PRE_KERNEL_150_00123_
                0x0000000000040a70        0x8 zephyr/libzephyr.a(cdc_acm.c.obj)
 .z_init_PRE_KERNEL_160_0_
                0x0000000000040a78        0x8 zephyr/drivers/console/libdrivers__console.a(uart_console.c.obj)
                0x0000000000040a80                __init_PRE_KERNEL_2_start = .
 *(SORT_BY_NAME(SORT_BY_ALIGNMENT(.z_init_PRE_KERNEL_2?_*)))
 .z_init_PRE_KERNEL_20_0_
                0x0000000000040a80        0x8 zephyr/drivers/timer/libdrivers__timer.a(nrf_rtc_timer.c.obj)
 *(SORT_BY_NAME(SORT_BY_ALIGNMENT(.z_init_PRE_KERNEL_2??_*)))
                0x0000000000040a88                __init_POST_KERNEL_start = .
 *(SORT_BY_NAME(SORT_BY_ALIGNMENT(.z_init_POST_KERNEL?_*)))
 *(SORT_BY_NAME(SORT_BY_ALIGNMENT(.z_init_POST_KERNEL??_*)))
 .z_init_POST_KERNEL35_0_
                0x0000000000040a88        0x8 zephyr/lib/libc/common/liblib__libc__common.a(malloc.c.obj)
 .z_init_POST_KERNEL40_0_
                0x0000000000040a90        0x8 zephyr/libzephyr.a(usb_work_q.c.obj)
 .z_init_POST_KERNEL40_0_
                0x0000000000040a98        0x8 zephyr/kernel/libkernel.a(system_work_q.c.obj)
 .z_init_POST_KERNEL50_0_
                0x0000000000040aa0        0x8 zephyr/drivers/usb/device/libdrivers__usb__device.a(usb_dc_nrfx.c.obj)
 .z_init_POST_KERNEL90_0_
                0x0000000000040aa8        0x8 zephyr/libzephyr.a(usb_device.c.obj)
                0x0000000000040ab0                __init_APPLICATION_start = .
 *(SORT_BY_NAME(SORT_BY_ALIGNMENT(.z_init_APPLICATION?_*)))
 *(SORT_BY_NAME(SORT_BY_ALIGNMENT(.z_init_APPLICATION??_*)))
                0x0000000000040ab0                __init_SMP_start = .
 *(SORT_BY_NAME(SORT_BY_ALIGNMENT(.z_init_SMP?_*)))
 *(SORT_BY_NAME(SORT_BY_ALIGNMENT(.z_init_SMP??_*)))
                0x0000000000040ab0                __init_end = .
                0x0000000000040ab0                __deferred_init_list_start = .
 *(SORT_BY_ALIGNMENT(.z_deferred_init*))
                0x0000000000040ab0                __deferred_init_list_end = .

device_area     0x0000000000040ab0       0x64
                0x0000000000040ab0                _device_list_start = .
 *(SORT_BY_NAME(SORT_BY_ALIGNMENT(._device.static.*_?_*)))
 *(SORT_BY_NAME(SORT_BY_ALIGNMENT(._device.static.*_??_*)))
 ._device.static.1_30_
                0x0000000000040ab0       0x14 zephyr/drivers/clock_control/libdrivers__clock_control.a(clock_control_nrf.c.obj)
                0x0000000000040ab0                __device_dts_ord_59
 ._device.static.1_40_
                0x0000000000040ac4       0x28 zephyr/drivers/gpio/libdrivers__gpio.a(gpio_nrfx.c.obj)
                0x0000000000040ac4                __device_dts_ord_70
                0x0000000000040ad8                __device_dts_ord_13
 ._device.static.1_50_
                0x0000000000040aec       0x14 zephyr/libzephyr.a(cdc_acm.c.obj)
                0x0000000000040aec                __device_dts_ord_123
 ._device.static.1_50_
                0x0000000000040b00       0x14 zephyr/drivers/serial/libdrivers__serial.a(uart_nrfx_uarte.c.obj)
                0x0000000000040b00                __device_dts_ord_97
                0x0000000000040b14                _device_list_end = .

sw_isr_table    0x0000000000040b14      0x180
                0x0000000000040b14                . = ALIGN (0x4)
 *(SORT_BY_ALIGNMENT(.gnu.linkonce.sw_isr_table*))
 .gnu.linkonce.sw_isr_table
                0x0000000000040b14      0x180 zephyr/CMakeFiles/zephyr_final.dir/isr_tables.c.obj
                0x0000000000040b14                _sw_isr_table

initlevel_error
                0x0000000000040a38        0x0
 *(SORT_BY_NAME(SORT_BY_ALIGNMENT(.z_init_[_A-Z0-9]*)))
                0x0000000000000001                ASSERT ((SIZEOF (initlevel_error) == 0x0), Undefined initialization levels used.)

app_shmem_regions
                0x0000000000040c94        0x0
                0x0000000000040c94                __app_shmem_regions_start = .
 *(SORT_BY_NAME(SORT_BY_ALIGNMENT(.app_regions.*)))
                0x0000000000040c94                __app_shmem_regions_end = .

k_p4wq_initparam_area
                0x0000000000040c94        0x0
                0x0000000000040c94                _k_p4wq_initparam_list_start = .
 *(SORT_BY_NAME(SORT_BY_ALIGNMENT(._k_p4wq_initparam.static.*)))
                0x0000000000040c94                _k_p4wq_initparam_list_end = .

_static_thread_data_area
                0x0000000000040c94        0x0
                0x0000000000040c94                __static_thread_data_list_start = .
 *(SORT_BY_NAME(SORT_BY_ALIGNMENT(.__static_thread_data.static.*)))
                0x0000000000040c94                __static_thread_data_list_end = .

device_deps     0x0000000000040c94        0x0
                0x0000000000040c94                __device_deps_start = .
 *(SORT_BY_NAME(SORT_BY_ALIGNMENT(.__device_deps_pass2*)))
                0x0000000000040c94                __device_deps_end = .

ztest           0x0000000000040c94        0x0
                0x0000000000040c94                _ztest_expected_result_entry_list_start = .
 *(SORT_BY_NAME(SORT_BY_ALIGNMENT(._ztest_expected_result_entry.static.*)))
                0x0000000000040c94                _ztest_expected_result_entry_list_end = .
                0x0000000000040c94                _ztest_suite_node_list_start = .
 *(SORT_BY_NAME(SORT_BY_ALIGNMENT(._ztest_suite_node.static.*)))
                0x0000000000040c94                _ztest_suite_node_list_end = .
                0x0000000000040c94                _ztest_unit_test_list_start = .
 *(SORT_BY_NAME(SORT_BY_ALIGNMENT(._ztest_unit_test.static.*)))
                0x0000000000040c94                _ztest_unit_test_list_end = .
                0x0000000000040c94                _ztest_test_rule_list_start = .
 *(SORT_BY_NAME(SORT_BY_ALIGNMENT(._ztest_test_rule.static.*)))
                0x0000000000040c94                _ztest_test_rule_list_end = .

init_array      0x0000000000040c94        0x0
 *(SORT_BY_NAME(SORT_BY_ALIGNMENT(.ctors*)))
 *(SORT_BY_NAME(SORT_BY_ALIGNMENT(.init_array*)))
                0x0000000000000001                ASSERT ((SIZEOF (init_array) == 0x0), GNU-style constructors required but STATIC_INIT_GNU not enabled)

bt_l2cap_fixed_chan_area
                0x0000000000040c94        0x0
                0x0000000000040c94                _bt_l2cap_fixed_chan_list_start = .
 *(SORT_BY_NAME(SORT_BY_ALIGNMENT(._bt_l2cap_fixed_chan.static.*)))
                0x0000000000040c94                _bt_l2cap_fixed_chan_list_end = .

bt_gatt_service_static_area
                0x0000000000040c94        0x0
                0x0000000000040c94                _bt_gatt_service_static_list_start = .
 *(SORT_BY_NAME(SORT_BY_ALIGNMENT(._bt_gatt_service_static.static.*)))
                0x0000000000040c94                _bt_gatt_service_static_list_end = .

log_strings_area
                0x0000000000040c94        0x0
                0x0000000000040c94                _log_strings_list_start = .
 *(SORT_BY_NAME(SORT_BY_ALIGNMENT(._log_strings.static.*)))
                0x0000000000040c94                _log_strings_list_end = .

log_const_area  0x0000000000040c94        0x0
                0x0000000000040c94                _log_const_list_start = .
 *(SORT_BY_NAME(SORT_BY_ALIGNMENT(._log_const.static.*)))
                0x0000000000040c94                _log_const_list_end = .

log_backend_area
                0x0000000000040c94        0x0
                0x0000000000040c94                _log_backend_list_start = .
 *(SORT_BY_NAME(SORT_BY_ALIGNMENT(._log_backend.static.*)))
                0x0000000000040c94                _log_backend_list_end = .

log_link_area   0x0000000000040c94        0x0
                0x0000000000040c94                _log_link_list_start = .
 *(SORT_BY_NAME(SORT_BY_ALIGNMENT(._log_link.static.*)))
                0x0000000000040c94                _log_link_list_end = .

tracing_backend_area
                0x0000000000040c94        0x0
                0x0000000000040c94                _tracing_backend_list_start = .
 *(SORT_BY_NAME(SORT_BY_ALIGNMENT(._tracing_backend.static.*)))
                0x0000000000040c94                _tracing_backend_list_end = .

zephyr_dbg_info
 *(SORT_BY_ALIGNMENT(.dbg_thread_info))

intc_table_area
                0x0000000000040c94        0x0
                0x0000000000040c94                _intc_table_list_start = .
 *(SORT_BY_NAME(SORT_BY_ALIGNMENT(._intc_table.static.*)))
                0x0000000000040c94                _intc_table_list_end = .

symbol_to_keep  0x0000000000040c94        0x0
                0x0000000000040c94                __symbol_to_keep_start = .
 *(SORT_BY_NAME(SORT_BY_ALIGNMENT(.symbol_to_keep*)))
                0x0000000000040c94                __symbol_to_keep_end = .

shell_area      0x0000000000040c94        0x0
                0x0000000000040c94                _shell_list_start = .
 *(SORT_BY_NAME(SORT_BY_ALIGNMENT(._shell.static.*)))
                0x0000000000040c94                _shell_list_end = .

shell_root_cmds_area
                0x0000000000040c94        0x0
                0x0000000000040c94                _shell_root_cmds_list_start = .
 *(SORT_BY_NAME(SORT_BY_ALIGNMENT(._shell_root_cmds.static.*)))
                0x0000000000040c94                _shell_root_cmds_list_end = .

shell_subcmds_area
                0x0000000000040c94        0x0
                0x0000000000040c94                _shell_subcmds_list_start = .
 *(SORT_BY_NAME(SORT_BY_ALIGNMENT(._shell_subcmds.static.*)))
                0x0000000000040c94                _shell_subcmds_list_end = .

shell_dynamic_subcmds_area
                0x0000000000040c94        0x0
                0x0000000000040c94                _shell_dynamic_subcmds_list_start = .
 *(SORT_BY_NAME(SORT_BY_ALIGNMENT(._shell_dynamic_subcmds.static.*)))
                0x0000000000040c94                _shell_dynamic_subcmds_list_end = .

cfb_font_area   0x0000000000040c94        0x0
                0x0000000000040c94                _cfb_font_list_start = .
 *(SORT_BY_NAME(SORT_BY_ALIGNMENT(._cfb_font.static.*)))
                0x0000000000040c94                _cfb_font_list_end = .

tdata           0x0000000000040c94        0x0
 *(SORT_BY_ALIGNMENT(.tdata) SORT_BY_ALIGNMENT(.tdata.*) SORT_BY_ALIGNMENT(.gnu.linkonce.td.*))

tbss            0x0000000000040c94        0x4
 *(SORT_BY_ALIGNMENT(.tbss) SORT_BY_ALIGNMENT(.tbss.*) SORT_BY_ALIGNMENT(.gnu.linkonce.tb.*) SORT_BY_ALIGNMENT(.tcommon))
 .tbss.z_tls_current
                0x0000000000040c94        0x4 zephyr/libzephyr.a(thread_entry.c.obj)
                0x0000000000040c94                z_tls_current
                0x0000000000040c94                PROVIDE (__tdata_start = LOADADDR (tdata))